2026-09-23 18:51:00,515 - INFO - ================================================================================
2026-09-23 18:51:00,515 - INFO - Starting Targeting Experiment
2026-09-23 18:51:00,515 - INFO - ================================================================================
2026-09-23 18:51:00,515 - INFO - Config file: /home/iamsikun/research/winners-curse/configs/targeting_forest_depth.yaml
2026-09-23 18:51:00,517 - INFO - Configuration saved to results/targeting_forest_depth_20260923_185100/config.yaml and results/targeting_forest_depth_20260923_185100/config.json
2026-09-23 18:51:00,517 - INFO - Key Parameters:
2026-09-23 18:51:00,517 - INFO -   Sample size: 2500
2026-09-23 18:51:00,517 - INFO -   Target sample size: 10000
2026-09-23 18:51:00,517 - INFO -   Number of repeats: 500
2026-09-23 18:51:00,517 - INFO -   Estimator: CausalForestDML
2026-09-23 18:51:00,517 - INFO -   Max parallel jobs: 32
2026-09-23 18:51:00,517 - INFO -   Correction estimators: []
2026-09-23 18:51:00,517 - INFO - ================================================================================
2026-09-23 18:51:00,518 - INFO - Running experiment...
2026-09-23 18:51:00,518 - INFO - ================================================================================
2026-09-23 18:51:00,518 - INFO - ================================================================================
2026-09-23 18:51:00,518 - INFO - Parameter sweep configuration:
2026-09-23 18:51:00,518 - INFO -   Depths: [5, 10, 15, 20]
2026-09-23 18:51:00,518 - INFO -   Sample sizes: ['2500', '5000', '10000', '15000', '20000', '30000', '40000', '50000', '100000', '500000', '1000000', '5000000']
2026-09-23 18:51:00,518 - INFO -   Treatment effects: [(1.0, 1.01)]
2026-09-23 18:51:00,518 - INFO -   Noise vars list length: 1
2026-09-23 18:51:00,518 - INFO -   Char func list: [None]
2026-09-23 18:51:00,518 - INFO -   Varying parameters: ['depth', 'sample_size']
2026-09-23 18:51:00,518 - INFO -   Total combinations: 48
2026-09-23 18:51:00,518 - INFO -   Parallel jobs: 32
2026-09-23 18:51:00,518 - INFO -   Result key format: (depth, sample_size) tuples
2026-09-23 18:51:00,518 - INFO - ================================================================================
2026-09-23 18:51:00,518 - INFO - [resume] Starting with 36 pre-computed combo(s); they will be skipped.
2026-09-23 18:51:00,518 - INFO - [combination 1/48] 2.1% complete | (5, 2500) | already saved; skipped | experiment elapsed 0.0s
2026-09-23 18:51:00,518 - INFO - [combination 2/48] 4.2% complete | (5, 5000) | already saved; skipped | experiment elapsed 0.0s
2026-09-23 18:51:00,518 - INFO - [combination 3/48] 6.2% complete | (5, 10000) | already saved; skipped | experiment elapsed 0.0s
2026-09-23 18:51:00,518 - INFO - [combination 4/48] 8.3% complete | (5, 15000) | already saved; skipped | experiment elapsed 0.0s
2026-09-23 18:51:00,518 - INFO - [combination 5/48] 10.4% complete | (5, 20000) | already saved; skipped | experiment elapsed 0.0s
2026-09-23 18:51:00,518 - INFO - [combination 6/48] 12.5% complete | (5, 30000) | already saved; skipped | experiment elapsed 0.0s
2026-09-23 18:51:00,518 - INFO - [combination 7/48] 14.6% complete | (5, 40000) | already saved; skipped | experiment elapsed 0.0s
2026-09-23 18:51:00,518 - INFO - [combination 8/48] 16.7% complete | (5, 50000) | already saved; skipped | experiment elapsed 0.0s
2026-09-23 18:51:00,518 - INFO - [combination 9/48] 18.8% complete | (5, 100000) | already saved; skipped | experiment elapsed 0.0s
2026-09-23 18:51:00,518 - INFO - [combination 10/48] 20.8% complete | (5, 500000) | already saved; skipped | experiment elapsed 0.0s
2026-09-23 18:51:00,518 - INFO - [combination 11/48] 22.9% complete | (5, 1000000) | already saved; skipped | experiment elapsed 0.0s
2026-09-23 18:51:00,518 - INFO - [combination 12/48] 25.0% complete | (5, 5000000) | already saved; skipped | experiment elapsed 0.0s
2026-09-23 18:51:00,518 - INFO - [combination 13/48] 27.1% complete | (10, 2500) | already saved; skipped | experiment elapsed 0.0s
2026-09-23 18:51:00,518 - INFO - [combination 14/48] 29.2% complete | (10, 5000) | already saved; skipped | experiment elapsed 0.0s
2026-09-23 18:51:00,518 - INFO - [combination 15/48] 31.2% complete | (10, 10000) | already saved; skipped | experiment elapsed 0.0s
2026-09-23 18:51:00,518 - INFO - [combination 16/48] 33.3% complete | (10, 15000) | already saved; skipped | experiment elapsed 0.0s
2026-09-23 18:51:00,518 - INFO - [combination 17/48] 35.4% complete | (10, 20000) | already saved; skipped | experiment elapsed 0.0s
2026-09-23 18:51:00,518 - INFO - [combination 18/48] 37.5% complete | (10, 30000) | already saved; skipped | experiment elapsed 0.0s
2026-09-23 18:51:00,518 - INFO - [combination 19/48] 39.6% complete | (10, 40000) | already saved; skipped | experiment elapsed 0.0s
2026-09-23 18:51:00,518 - INFO - [combination 20/48] 41.7% complete | (10, 50000) | already saved; skipped | experiment elapsed 0.0s
2026-09-23 18:51:00,518 - INFO - [combination 21/48] 43.8% complete | (10, 100000) | already saved; skipped | experiment elapsed 0.0s
2026-09-23 18:51:00,518 - INFO - [combination 22/48] 45.8% complete | (10, 500000) | already saved; skipped | experiment elapsed 0.0s
2026-09-23 18:51:00,518 - INFO - [combination 23/48] 47.9% complete | (10, 1000000) | already saved; skipped | experiment elapsed 0.0s
2026-09-23 18:51:00,518 - INFO - [combination 24/48] 50.0% complete | (10, 5000000) | already saved; skipped | experiment elapsed 0.0s
2026-09-23 18:51:00,518 - INFO - [combination 25/48] 52.1% complete | (15, 2500) | already saved; skipped | experiment elapsed 0.0s
2026-09-23 18:51:00,518 - INFO - [combination 26/48] 54.2% complete | (15, 5000) | already saved; skipped | experiment elapsed 0.0s
2026-09-23 18:51:00,518 - INFO - [combination 27/48] 56.2% complete | (15, 10000) | already saved; skipped | experiment elapsed 0.0s
2026-09-23 18:51:00,519 - INFO - [combination 28/48] 58.3% complete | (15, 15000) | already saved; skipped | experiment elapsed 0.0s
2026-09-23 18:51:00,519 - INFO - [combination 29/48] 60.4% complete | (15, 20000) | already saved; skipped | experiment elapsed 0.0s
2026-09-23 18:51:00,519 - INFO - [combination 30/48] 62.5% complete | (15, 30000) | already saved; skipped | experiment elapsed 0.0s
2026-09-23 18:51:00,519 - INFO - [combination 31/48] 64.6% complete | (15, 40000) | already saved; skipped | experiment elapsed 0.0s
2026-09-23 18:51:00,519 - INFO - [combination 32/48] 66.7% complete | (15, 50000) | already saved; skipped | experiment elapsed 0.0s
2026-09-23 18:51:00,519 - INFO - [combination 33/48] 68.8% complete | (15, 100000) | already saved; skipped | experiment elapsed 0.0s
2026-09-23 18:51:00,519 - INFO - [combination 34/48] 70.8% complete | (15, 500000) | already saved; skipped | experiment elapsed 0.0s
2026-09-23 18:51:00,519 - INFO - [combination 35/48] 72.9% complete | (15, 1000000) | already saved; skipped | experiment elapsed 0.0s
2026-09-23 18:51:00,519 - INFO - [combination 36/48] 75.0% complete | (15, 5000000) | already saved; skipped | experiment elapsed 0.0s
2026-09-23 18:51:00,519 - INFO - [combination 37/48] START (20, 2500) (75.0% complete)
2026-09-23 18:51:00,519 - INFO - ================================================================================
2026-09-23 18:51:00,519 - INFO - Combination parameters:
2026-09-23 18:51:00,519 - INFO -   max_depth = 20
2026-09-23 18:51:00,519 - INFO -   sample_size = 2500
2026-09-23 18:51:00,519 - INFO -   char_func = None
2026-09-23 18:51:00,519 - INFO -   tau = (1.0, 1.01)
2026-09-23 18:51:00,519 - INFO - ================================================================================
2026-09-23 18:51:00,520 - INFO - Running 500 repetitions (n_jobs=32)
2026-09-23 18:51:00,521 - INFO - [Parallel(n_jobs=32)]: Using backend LokyBackend with 32 concurrent workers.
2026-09-23 18:51:03,716 - INFO - [Parallel(n_jobs=32)]: Done   8 tasks      | elapsed:    3.2s
2026-09-23 18:51:04,903 - INFO - [Parallel(n_jobs=32)]: Done  21 tasks      | elapsed:    4.4s
2026-09-23 18:51:05,897 - INFO - [Parallel(n_jobs=32)]: Done  34 tasks      | elapsed:    5.4s
2026-09-23 18:51:06,556 - INFO - [Parallel(n_jobs=32)]: Done  49 tasks      | elapsed:    6.0s
2026-09-23 18:51:07,229 - INFO - [Parallel(n_jobs=32)]: Done  64 tasks      | elapsed:    6.7s
2026-09-23 18:51:10,067 - INFO - [Parallel(n_jobs=32)]: Done  81 tasks      | elapsed:    9.5s
2026-09-23 18:51:11,083 - INFO - [Parallel(n_jobs=32)]: Done  98 tasks      | elapsed:   10.6s
2026-09-23 18:51:11,667 - INFO - [Parallel(n_jobs=32)]: Done 117 tasks      | elapsed:   11.1s
2026-09-23 18:51:12,537 - INFO - [Parallel(n_jobs=32)]: Done 136 tasks      | elapsed:   12.0s
2026-09-23 18:51:13,668 - INFO - [Parallel(n_jobs=32)]: Done 157 tasks      | elapsed:   13.1s
2026-09-23 18:51:14,700 - INFO - [Parallel(n_jobs=32)]: Done 178 tasks      | elapsed:   14.2s
2026-09-23 18:51:15,852 - INFO - [Parallel(n_jobs=32)]: Done 201 tasks      | elapsed:   15.3s
2026-09-23 18:51:16,948 - INFO - [Parallel(n_jobs=32)]: Done 224 tasks      | elapsed:   16.4s
2026-09-23 18:51:18,111 - INFO - [Parallel(n_jobs=32)]: Done 249 tasks      | elapsed:   17.6s
2026-09-23 18:51:19,258 - INFO - [Parallel(n_jobs=32)]: Done 274 tasks      | elapsed:   18.7s
2026-09-23 18:51:20,651 - INFO - [Parallel(n_jobs=32)]: Done 301 tasks      | elapsed:   20.1s
2026-09-23 18:51:21,811 - INFO - [Parallel(n_jobs=32)]: Done 328 tasks      | elapsed:   21.3s
2026-09-23 18:51:23,284 - INFO - [Parallel(n_jobs=32)]: Done 357 tasks      | elapsed:   22.8s
2026-09-23 18:51:24,656 - INFO - [Parallel(n_jobs=32)]: Done 386 tasks      | elapsed:   24.1s
2026-09-23 18:51:26,112 - INFO - [Parallel(n_jobs=32)]: Done 417 tasks      | elapsed:   25.6s
2026-09-23 18:51:29,360 - INFO - [Parallel(n_jobs=32)]: Done 488 out of 500 | elapsed:   28.8s remaining:    0.7s
2026-09-23 18:51:29,592 - INFO - [Parallel(n_jobs=32)]: Done 500 out of 500 | elapsed:   29.1s finished
2026-09-23 18:51:30,539 - INFO - [checkpoint] Saved 37 combo(s) -> results/targeting_forest_depth_20260923_185100/results.pkl
2026-09-23 18:51:30,539 - INFO - [combination 37/48] 77.1% complete | (20, 2500) | combination took 28.1s | experiment elapsed 28.1s
2026-09-23 18:51:30,539 - INFO - [combination 38/48] START (20, 5000) (77.1% complete)
2026-09-23 18:51:30,539 - INFO - ================================================================================
2026-09-23 18:51:30,539 - INFO - Combination parameters:
2026-09-23 18:51:30,539 - INFO -   max_depth = 20
2026-09-23 18:51:30,539 - INFO -   sample_size = 5000
2026-09-23 18:51:30,539 - INFO -   char_func = None
2026-09-23 18:51:30,539 - INFO -   tau = (1.0, 1.01)
2026-09-23 18:51:30,539 - INFO - ================================================================================
2026-09-23 18:51:31,648 - INFO - Running 500 repetitions (n_jobs=32)
2026-09-23 18:51:31,649 - INFO - [Parallel(n_jobs=32)]: Using backend LokyBackend with 32 concurrent workers.
2026-09-23 18:51:35,808 - INFO - [Parallel(n_jobs=32)]: Done   8 tasks      | elapsed:    4.2s
2026-09-23 18:51:37,997 - INFO - [Parallel(n_jobs=32)]: Done  21 tasks      | elapsed:    6.3s
2026-09-23 18:51:40,112 - INFO - [Parallel(n_jobs=32)]: Done  34 tasks      | elapsed:    8.5s
2026-09-23 18:51:40,730 - INFO - [Parallel(n_jobs=32)]: Done  49 tasks      | elapsed:    9.1s
2026-09-23 18:51:44,153 - INFO - [Parallel(n_jobs=32)]: Done  64 tasks      | elapsed:   12.5s
2026-09-23 18:51:46,034 - INFO - [Parallel(n_jobs=32)]: Done  81 tasks      | elapsed:   14.4s
2026-09-23 18:51:47,472 - INFO - [Parallel(n_jobs=32)]: Done  98 tasks      | elapsed:   15.8s
2026-09-23 18:51:48,907 - INFO - [Parallel(n_jobs=32)]: Done 117 tasks      | elapsed:   17.3s
2026-09-23 18:51:50,728 - INFO - [Parallel(n_jobs=32)]: Done 136 tasks      | elapsed:   19.1s
2026-09-23 18:51:52,444 - INFO - [Parallel(n_jobs=32)]: Done 157 tasks      | elapsed:   20.8s
2026-09-23 18:51:54,922 - INFO - [Parallel(n_jobs=32)]: Done 178 tasks      | elapsed:   23.3s
2026-09-23 18:51:56,780 - INFO - [Parallel(n_jobs=32)]: Done 201 tasks      | elapsed:   25.1s
2026-09-23 18:51:59,199 - INFO - [Parallel(n_jobs=32)]: Done 224 tasks      | elapsed:   27.6s
2026-09-23 18:52:01,606 - INFO - [Parallel(n_jobs=32)]: Done 249 tasks      | elapsed:   30.0s
2026-09-23 18:52:03,765 - INFO - [Parallel(n_jobs=32)]: Done 274 tasks      | elapsed:   32.1s
2026-09-23 18:52:06,303 - INFO - [Parallel(n_jobs=32)]: Done 301 tasks      | elapsed:   34.7s
2026-09-23 18:52:08,655 - INFO - [Parallel(n_jobs=32)]: Done 328 tasks      | elapsed:   37.0s
2026-09-23 18:52:11,058 - INFO - [Parallel(n_jobs=32)]: Done 357 tasks      | elapsed:   39.4s
2026-09-23 18:52:14,655 - INFO - [Parallel(n_jobs=32)]: Done 386 tasks      | elapsed:   43.0s
2026-09-23 18:52:18,699 - INFO - [Parallel(n_jobs=32)]: Done 417 tasks      | elapsed:   47.1s
2026-09-23 18:52:25,249 - INFO - [Parallel(n_jobs=32)]: Done 488 out of 500 | elapsed:   53.6s remaining:    1.3s
2026-09-23 18:52:25,755 - INFO - [Parallel(n_jobs=32)]: Done 500 out of 500 | elapsed:   54.1s finished
2026-09-23 18:52:26,596 - INFO - [checkpoint] Saved 38 combo(s) -> results/targeting_forest_depth_20260923_185100/results.pkl
2026-09-23 18:52:26,596 - INFO - [combination 38/48] 79.2% complete | (20, 5000) | combination took 52.8s | experiment elapsed 80.9s
2026-09-23 18:52:26,596 - INFO - [combination 39/48] START (20, 10000) (79.2% complete)
2026-09-23 18:52:26,596 - INFO - ================================================================================
2026-09-23 18:52:26,596 - INFO - Combination parameters:
2026-09-23 18:52:26,596 - INFO -   max_depth = 20
2026-09-23 18:52:26,596 - INFO -   sample_size = 10000
2026-09-23 18:52:26,596 - INFO -   char_func = None
2026-09-23 18:52:26,596 - INFO -   tau = (1.0, 1.01)
2026-09-23 18:52:26,597 - INFO - ================================================================================
2026-09-23 18:52:27,724 - INFO - Running 500 repetitions (n_jobs=32)
2026-09-23 18:52:27,724 - INFO - [Parallel(n_jobs=32)]: Using backend LokyBackend with 32 concurrent workers.
2026-09-23 18:52:34,778 - INFO - [Parallel(n_jobs=32)]: Done   8 tasks      | elapsed:    7.1s
2026-09-23 18:52:39,195 - INFO - [Parallel(n_jobs=32)]: Done  21 tasks      | elapsed:   11.5s
2026-09-23 18:52:41,473 - INFO - [Parallel(n_jobs=32)]: Done  34 tasks      | elapsed:   13.7s
2026-09-23 18:52:43,989 - INFO - [Parallel(n_jobs=32)]: Done  49 tasks      | elapsed:   16.3s
2026-09-23 18:52:46,543 - INFO - [Parallel(n_jobs=32)]: Done  64 tasks      | elapsed:   18.8s
2026-09-23 18:52:52,684 - INFO - [Parallel(n_jobs=32)]: Done  81 tasks      | elapsed:   25.0s
2026-09-23 18:52:56,046 - INFO - [Parallel(n_jobs=32)]: Done  98 tasks      | elapsed:   28.3s
2026-09-23 18:52:59,161 - INFO - [Parallel(n_jobs=32)]: Done 117 tasks      | elapsed:   31.4s
2026-09-23 18:53:03,941 - INFO - [Parallel(n_jobs=32)]: Done 136 tasks      | elapsed:   36.2s
2026-09-23 18:53:08,165 - INFO - [Parallel(n_jobs=32)]: Done 157 tasks      | elapsed:   40.4s
2026-09-23 18:53:11,733 - INFO - [Parallel(n_jobs=32)]: Done 178 tasks      | elapsed:   44.0s
2026-09-23 18:53:17,078 - INFO - [Parallel(n_jobs=32)]: Done 201 tasks      | elapsed:   49.4s
2026-09-23 18:53:20,940 - INFO - [Parallel(n_jobs=32)]: Done 224 tasks      | elapsed:   53.2s
2026-09-23 18:53:27,965 - INFO - [Parallel(n_jobs=32)]: Done 249 tasks      | elapsed:  1.0min
2026-09-23 18:53:33,357 - INFO - [Parallel(n_jobs=32)]: Done 274 tasks      | elapsed:  1.1min
2026-09-23 18:53:38,467 - INFO - [Parallel(n_jobs=32)]: Done 301 tasks      | elapsed:  1.2min
2026-09-23 18:53:44,366 - INFO - [Parallel(n_jobs=32)]: Done 328 tasks      | elapsed:  1.3min
2026-09-23 18:53:50,115 - INFO - /home/iamsikun/research/winners-curse/.venv/lib/python3.13/site-packages/joblib/externals/loky/process_executor.py:782: UserWarning: A worker stopped while some jobs were given to the executor. This can be caused by a too short worker timeout or by a memory leak.
2026-09-23 18:53:50,115 - INFO -   warnings.warn(
2026-09-23 18:53:50,128 - INFO - [Parallel(n_jobs=32)]: Done 357 tasks      | elapsed:  1.4min
2026-09-23 18:53:55,799 - INFO - [Parallel(n_jobs=32)]: Done 386 tasks      | elapsed:  1.5min
2026-09-23 18:54:05,211 - INFO - [Parallel(n_jobs=32)]: Done 417 tasks      | elapsed:  1.6min
2026-09-23 18:54:20,268 - INFO - [Parallel(n_jobs=32)]: Done 488 out of 500 | elapsed:  1.9min remaining:    2.8s
2026-09-23 18:54:21,072 - INFO - [Parallel(n_jobs=32)]: Done 500 out of 500 | elapsed:  1.9min finished
2026-09-23 18:54:22,207 - INFO - [checkpoint] Saved 39 combo(s) -> results/targeting_forest_depth_20260923_185100/results.pkl
2026-09-23 18:54:22,207 - INFO - [combination 39/48] 81.2% complete | (20, 10000) | combination took 110.4s | experiment elapsed 191.3s
2026-09-23 18:54:22,207 - INFO - [combination 40/48] START (20, 15000) (81.2% complete)
2026-09-23 18:54:22,207 - INFO - ================================================================================
2026-09-23 18:54:22,207 - INFO - Combination parameters:
2026-09-23 18:54:22,207 - INFO -   max_depth = 20
2026-09-23 18:54:22,207 - INFO -   sample_size = 15000
2026-09-23 18:54:22,207 - INFO -   char_func = None
2026-09-23 18:54:22,207 - INFO -   tau = (1.0, 1.01)
2026-09-23 18:54:22,207 - INFO - ================================================================================
2026-09-23 18:54:23,383 - INFO - Running 500 repetitions (n_jobs=32)
2026-09-23 18:54:23,383 - INFO - [Parallel(n_jobs=32)]: Using backend LokyBackend with 32 concurrent workers.
2026-09-23 18:54:35,060 - INFO - [Parallel(n_jobs=32)]: Done   8 tasks      | elapsed:   11.7s
2026-09-23 18:54:42,882 - INFO - [Parallel(n_jobs=32)]: Done  21 tasks      | elapsed:   19.5s
2026-09-23 18:54:46,366 - INFO - [Parallel(n_jobs=32)]: Done  34 tasks      | elapsed:   23.0s
2026-09-23 18:54:50,781 - INFO - [Parallel(n_jobs=32)]: Done  49 tasks      | elapsed:   27.4s
2026-09-23 18:54:55,396 - INFO - [Parallel(n_jobs=32)]: Done  64 tasks      | elapsed:   32.0s
2026-09-23 18:55:02,575 - INFO - [Parallel(n_jobs=32)]: Done  81 tasks      | elapsed:   39.2s
2026-09-23 18:55:08,616 - INFO - [Parallel(n_jobs=32)]: Done  98 tasks      | elapsed:   45.2s
2026-09-23 18:55:15,624 - INFO - [Parallel(n_jobs=32)]: Done 117 tasks      | elapsed:   52.2s
2026-09-23 18:55:23,092 - INFO - [Parallel(n_jobs=32)]: Done 136 tasks      | elapsed:   59.7s
2026-09-23 18:55:27,480 - INFO - [Parallel(n_jobs=32)]: Done 157 tasks      | elapsed:  1.1min
2026-09-23 18:55:37,294 - INFO - [Parallel(n_jobs=32)]: Done 178 tasks      | elapsed:  1.2min
2026-09-23 18:55:45,302 - INFO - [Parallel(n_jobs=32)]: Done 201 tasks      | elapsed:  1.4min
2026-09-23 18:55:53,707 - INFO - [Parallel(n_jobs=32)]: Done 224 tasks      | elapsed:  1.5min
2026-09-23 18:56:02,239 - INFO - [Parallel(n_jobs=32)]: Done 249 tasks      | elapsed:  1.6min
2026-09-23 18:56:10,925 - INFO - [Parallel(n_jobs=32)]: Done 274 tasks      | elapsed:  1.8min
2026-09-23 18:56:22,188 - INFO - [Parallel(n_jobs=32)]: Done 301 tasks      | elapsed:  2.0min
2026-09-23 18:56:31,044 - INFO - [Parallel(n_jobs=32)]: Done 328 tasks      | elapsed:  2.1min
2026-09-23 18:56:41,780 - INFO - [Parallel(n_jobs=32)]: Done 357 tasks      | elapsed:  2.3min
2026-09-23 18:56:52,817 - INFO - [Parallel(n_jobs=32)]: Done 386 tasks      | elapsed:  2.5min
2026-09-23 18:57:04,101 - INFO - [Parallel(n_jobs=32)]: Done 417 tasks      | elapsed:  2.7min
2026-09-23 18:57:28,512 - INFO - [Parallel(n_jobs=32)]: Done 488 out of 500 | elapsed:  3.1min remaining:    4.6s
2026-09-23 18:57:31,570 - INFO - [Parallel(n_jobs=32)]: Done 500 out of 500 | elapsed:  3.1min finished
2026-09-23 18:57:34,821 - INFO - [checkpoint] Saved 40 combo(s) -> results/targeting_forest_depth_20260923_185100/results.pkl
2026-09-23 18:57:34,821 - INFO - [combination 40/48] 83.3% complete | (20, 15000) | combination took 182.3s | experiment elapsed 373.6s
2026-09-23 18:57:34,821 - INFO - [combination 41/48] START (20, 20000) (83.3% complete)
2026-09-23 18:57:34,821 - INFO - ================================================================================
2026-09-23 18:57:34,822 - INFO - Combination parameters:
2026-09-23 18:57:34,822 - INFO -   max_depth = 20
2026-09-23 18:57:34,822 - INFO -   sample_size = 20000
2026-09-23 18:57:34,822 - INFO -   char_func = None
2026-09-23 18:57:34,822 - INFO -   tau = (1.0, 1.01)
2026-09-23 18:57:34,822 - INFO - ================================================================================
2026-09-23 18:57:36,126 - INFO - Running 500 repetitions (n_jobs=32)
2026-09-23 18:57:36,127 - INFO - [Parallel(n_jobs=32)]: Using backend LokyBackend with 32 concurrent workers.
2026-09-23 18:57:49,608 - INFO - [Parallel(n_jobs=32)]: Done   8 tasks      | elapsed:   13.5s
2026-09-23 18:58:02,907 - INFO - [Parallel(n_jobs=32)]: Done  21 tasks      | elapsed:   26.8s
2026-09-23 18:58:05,533 - INFO - [Parallel(n_jobs=32)]: Done  34 tasks      | elapsed:   29.4s
2026-09-23 18:58:13,799 - INFO - [Parallel(n_jobs=32)]: Done  49 tasks      | elapsed:   37.7s
2026-09-23 18:58:16,929 - INFO - [Parallel(n_jobs=32)]: Done  64 tasks      | elapsed:   40.8s
2026-09-23 18:58:28,436 - INFO - [Parallel(n_jobs=32)]: Done  81 tasks      | elapsed:   52.3s
2026-09-23 18:58:39,762 - INFO - [Parallel(n_jobs=32)]: Done  98 tasks      | elapsed:  1.1min
2026-09-23 18:58:48,447 - INFO - [Parallel(n_jobs=32)]: Done 117 tasks      | elapsed:  1.2min
2026-09-23 18:58:54,195 - INFO - [Parallel(n_jobs=32)]: Done 136 tasks      | elapsed:  1.3min
2026-09-23 18:59:11,926 - INFO - [Parallel(n_jobs=32)]: Done 157 tasks      | elapsed:  1.6min
2026-09-23 18:59:18,813 - INFO - [Parallel(n_jobs=32)]: Done 178 tasks      | elapsed:  1.7min
2026-09-23 18:59:33,640 - INFO - [Parallel(n_jobs=32)]: Done 201 tasks      | elapsed:  2.0min
2026-09-23 18:59:42,196 - INFO - [Parallel(n_jobs=32)]: Done 224 tasks      | elapsed:  2.1min
2026-09-23 18:59:57,810 - INFO - [Parallel(n_jobs=32)]: Done 249 tasks      | elapsed:  2.4min
2026-09-23 19:00:07,563 - INFO - [Parallel(n_jobs=32)]: Done 274 tasks      | elapsed:  2.5min
2026-09-23 19:00:22,422 - INFO - [Parallel(n_jobs=32)]: Done 301 tasks      | elapsed:  2.8min
2026-09-23 19:00:33,919 - INFO - [Parallel(n_jobs=32)]: Done 328 tasks      | elapsed:  3.0min
2026-09-23 19:00:52,990 - INFO - [Parallel(n_jobs=32)]: Done 357 tasks      | elapsed:  3.3min
2026-09-23 19:01:04,950 - INFO - [Parallel(n_jobs=32)]: Done 386 tasks      | elapsed:  3.5min
2026-09-23 19:01:22,761 - INFO - [Parallel(n_jobs=32)]: Done 417 tasks      | elapsed:  3.8min
2026-09-23 19:01:56,279 - INFO - [Parallel(n_jobs=32)]: Done 488 out of 500 | elapsed:  4.3min remaining:    6.4s
2026-09-23 19:01:59,377 - INFO - [Parallel(n_jobs=32)]: Done 500 out of 500 | elapsed:  4.4min finished
2026-09-23 19:02:01,368 - INFO - [checkpoint] Saved 41 combo(s) -> results/targeting_forest_depth_20260923_185100/results.pkl
2026-09-23 19:02:01,372 - INFO - [combination 41/48] 85.4% complete | (20, 20000) | combination took 251.9s | experiment elapsed 625.5s
2026-09-23 19:02:01,376 - INFO - [combination 42/48] START (20, 30000) (85.4% complete)
2026-09-23 19:02:01,376 - INFO - ================================================================================
2026-09-23 19:02:01,377 - INFO - Combination parameters:
2026-09-23 19:02:01,377 - INFO -   max_depth = 20
2026-09-23 19:02:01,377 - INFO -   sample_size = 30000
2026-09-23 19:02:01,378 - INFO -   char_func = None
2026-09-23 19:02:01,378 - INFO -   tau = (1.0, 1.01)
2026-09-23 19:02:01,378 - INFO - ================================================================================
2026-09-23 19:02:04,387 - INFO - Running 500 repetitions (n_jobs=32)
2026-09-23 19:02:04,394 - INFO - [Parallel(n_jobs=32)]: Using backend LokyBackend with 32 concurrent workers.
2026-09-23 19:02:30,478 - INFO - [Parallel(n_jobs=32)]: Done   8 tasks      | elapsed:   26.1s
2026-09-23 19:02:49,132 - INFO - [Parallel(n_jobs=32)]: Done  21 tasks      | elapsed:   44.7s
2026-09-23 19:02:51,407 - INFO - [Parallel(n_jobs=32)]: Done  34 tasks      | elapsed:   47.0s
2026-09-23 19:03:07,027 - INFO - [Parallel(n_jobs=32)]: Done  49 tasks      | elapsed:  1.0min
2026-09-23 19:03:19,315 - INFO - [Parallel(n_jobs=32)]: Done  64 tasks      | elapsed:  1.2min
2026-09-23 19:03:32,252 - INFO - [Parallel(n_jobs=32)]: Done  81 tasks      | elapsed:  1.5min
2026-09-23 19:03:50,772 - INFO - [Parallel(n_jobs=32)]: Done  98 tasks      | elapsed:  1.8min
2026-09-23 19:04:09,557 - INFO - [Parallel(n_jobs=32)]: Done 117 tasks      | elapsed:  2.1min
2026-09-23 19:04:20,242 - INFO - [Parallel(n_jobs=32)]: Done 136 tasks      | elapsed:  2.3min
2026-09-23 19:04:38,102 - INFO - [Parallel(n_jobs=32)]: Done 157 tasks      | elapsed:  2.6min
2026-09-23 19:04:57,169 - INFO - [Parallel(n_jobs=32)]: Done 178 tasks      | elapsed:  2.9min
2026-09-23 19:05:15,511 - INFO - [Parallel(n_jobs=32)]: Done 201 tasks      | elapsed:  3.2min
2026-09-23 19:05:37,971 - INFO - [Parallel(n_jobs=32)]: Done 224 tasks      | elapsed:  3.6min
2026-09-23 19:05:59,015 - INFO - [Parallel(n_jobs=32)]: Done 249 tasks      | elapsed:  3.9min
2026-09-23 19:06:22,108 - INFO - [Parallel(n_jobs=32)]: Done 274 tasks      | elapsed:  4.3min
2026-09-23 19:06:47,168 - INFO - [Parallel(n_jobs=32)]: Done 301 tasks      | elapsed:  4.7min
2026-09-23 19:07:08,756 - INFO - [Parallel(n_jobs=32)]: Done 328 tasks      | elapsed:  5.1min
2026-09-23 19:07:38,611 - INFO - [Parallel(n_jobs=32)]: Done 357 tasks      | elapsed:  5.6min
2026-09-23 19:08:04,987 - INFO - [Parallel(n_jobs=32)]: Done 386 tasks      | elapsed:  6.0min
2026-09-23 19:08:33,046 - INFO - [Parallel(n_jobs=32)]: Done 417 tasks      | elapsed:  6.5min
2026-09-23 19:09:32,647 - INFO - [Parallel(n_jobs=32)]: Done 488 out of 500 | elapsed:  7.5min remaining:   11.0s
2026-09-23 19:09:37,705 - INFO - [Parallel(n_jobs=32)]: Done 500 out of 500 | elapsed:  7.6min finished
2026-09-23 19:09:42,359 - INFO - [checkpoint] Saved 42 combo(s) -> results/targeting_forest_depth_20260923_185100/results.pkl
2026-09-23 19:09:42,360 - INFO - [combination 42/48] 87.5% complete | (20, 30000) | combination took 437.6s | experiment elapsed 1063.1s
2026-09-23 19:09:42,360 - INFO - [combination 43/48] START (20, 40000) (87.5% complete)
2026-09-23 19:09:42,360 - INFO - ================================================================================
2026-09-23 19:09:42,360 - INFO - Combination parameters:
2026-09-23 19:09:42,360 - INFO -   max_depth = 20
2026-09-23 19:09:42,360 - INFO -   sample_size = 40000
2026-09-23 19:09:42,360 - INFO -   char_func = None
2026-09-23 19:09:42,360 - INFO -   tau = (1.0, 1.01)
2026-09-23 19:09:42,360 - INFO - ================================================================================
2026-09-23 19:09:45,285 - INFO - Running 500 repetitions (n_jobs=32)
2026-09-23 19:09:45,289 - INFO - [Parallel(n_jobs=32)]: Using backend LokyBackend with 32 concurrent workers.
2026-09-23 19:10:21,559 - INFO - [Parallel(n_jobs=32)]: Done   8 tasks      | elapsed:   36.3s
2026-09-23 19:10:42,239 - INFO - [Parallel(n_jobs=32)]: Done  21 tasks      | elapsed:   57.0s
2026-09-23 19:10:53,394 - INFO - [Parallel(n_jobs=32)]: Done  34 tasks      | elapsed:  1.1min
2026-09-23 19:11:13,240 - INFO - [Parallel(n_jobs=32)]: Done  49 tasks      | elapsed:  1.5min
2026-09-23 19:11:32,228 - INFO - [Parallel(n_jobs=32)]: Done  64 tasks      | elapsed:  1.8min
2026-09-23 19:11:55,461 - INFO - [Parallel(n_jobs=32)]: Done  81 tasks      | elapsed:  2.2min
2026-09-23 19:12:16,446 - INFO - [Parallel(n_jobs=32)]: Done  98 tasks      | elapsed:  2.5min
2026-09-23 19:12:42,821 - INFO - [Parallel(n_jobs=32)]: Done 117 tasks      | elapsed:  3.0min
2026-09-23 19:13:05,490 - INFO - [Parallel(n_jobs=32)]: Done 136 tasks      | elapsed:  3.3min
2026-09-23 19:13:32,773 - INFO - [Parallel(n_jobs=32)]: Done 157 tasks      | elapsed:  3.8min
2026-09-23 19:14:02,259 - INFO - [Parallel(n_jobs=32)]: Done 178 tasks      | elapsed:  4.3min
2026-09-23 19:14:30,143 - INFO - [Parallel(n_jobs=32)]: Done 201 tasks      | elapsed:  4.7min
2026-09-23 19:15:01,681 - INFO - [Parallel(n_jobs=32)]: Done 224 tasks      | elapsed:  5.3min
2026-09-23 19:15:30,371 - INFO - [Parallel(n_jobs=32)]: Done 249 tasks      | elapsed:  5.8min
2026-09-23 19:16:03,713 - INFO - [Parallel(n_jobs=32)]: Done 274 tasks      | elapsed:  6.3min
2026-09-23 19:16:37,137 - INFO - [Parallel(n_jobs=32)]: Done 301 tasks      | elapsed:  6.9min
2026-09-23 19:17:17,280 - INFO - [Parallel(n_jobs=32)]: Done 328 tasks      | elapsed:  7.5min
2026-09-23 19:17:53,971 - INFO - [Parallel(n_jobs=32)]: Done 357 tasks      | elapsed:  8.1min
2026-09-23 19:18:35,023 - INFO - [Parallel(n_jobs=32)]: Done 386 tasks      | elapsed:  8.8min
2026-09-23 19:19:11,201 - INFO - [Parallel(n_jobs=32)]: Done 417 tasks      | elapsed:  9.4min
2026-09-23 19:20:39,822 - INFO - [Parallel(n_jobs=32)]: Done 488 out of 500 | elapsed: 10.9min remaining:   16.1s
2026-09-23 19:20:44,381 - INFO - [Parallel(n_jobs=32)]: Done 500 out of 500 | elapsed: 11.0min finished
2026-09-23 19:20:51,781 - INFO - [checkpoint] Saved 43 combo(s) -> results/targeting_forest_depth_20260923_185100/results.pkl
2026-09-23 19:20:51,786 - INFO - [combination 43/48] 89.6% complete | (20, 40000) | combination took 633.4s | experiment elapsed 1696.5s
2026-09-23 19:20:51,787 - INFO - [combination 44/48] START (20, 50000) (89.6% complete)
2026-09-23 19:20:51,787 - INFO - ================================================================================
2026-09-23 19:20:51,788 - INFO - Combination parameters:
2026-09-23 19:20:51,788 - INFO -   max_depth = 20
2026-09-23 19:20:51,788 - INFO -   sample_size = 50000
2026-09-23 19:20:51,788 - INFO -   char_func = None
2026-09-23 19:20:51,788 - INFO -   tau = (1.0, 1.01)
2026-09-23 19:20:51,788 - INFO - ================================================================================
2026-09-23 19:20:55,106 - INFO - Running 500 repetitions (n_jobs=32)
2026-09-23 19:20:55,110 - INFO - [Parallel(n_jobs=32)]: Using backend LokyBackend with 32 concurrent workers.
2026-09-23 19:21:37,944 - INFO - [Parallel(n_jobs=32)]: Done   8 tasks      | elapsed:   42.8s
2026-09-23 19:22:16,408 - INFO - [Parallel(n_jobs=32)]: Done  21 tasks      | elapsed:  1.4min
2026-09-23 19:22:22,108 - INFO - [Parallel(n_jobs=32)]: Done  34 tasks      | elapsed:  1.4min
2026-09-23 19:22:48,760 - INFO - [Parallel(n_jobs=32)]: Done  49 tasks      | elapsed:  1.9min
2026-09-23 19:23:13,134 - INFO - [Parallel(n_jobs=32)]: Done  64 tasks      | elapsed:  2.3min
2026-09-23 19:23:43,878 - INFO - [Parallel(n_jobs=32)]: Done  81 tasks      | elapsed:  2.8min
2026-09-23 19:24:12,971 - INFO - [Parallel(n_jobs=32)]: Done  98 tasks      | elapsed:  3.3min
2026-09-23 19:24:49,926 - INFO - [Parallel(n_jobs=32)]: Done 117 tasks      | elapsed:  3.9min
2026-09-23 19:25:15,320 - INFO - [Parallel(n_jobs=32)]: Done 136 tasks      | elapsed:  4.3min
2026-09-23 19:25:51,827 - INFO - [Parallel(n_jobs=32)]: Done 157 tasks      | elapsed:  4.9min
2026-09-23 19:26:30,911 - INFO - [Parallel(n_jobs=32)]: Done 178 tasks      | elapsed:  5.6min
2026-09-23 19:27:07,268 - INFO - [Parallel(n_jobs=32)]: Done 201 tasks      | elapsed:  6.2min
2026-09-23 19:27:52,606 - INFO - [Parallel(n_jobs=32)]: Done 224 tasks      | elapsed:  7.0min
2026-09-23 19:28:30,349 - INFO - [Parallel(n_jobs=32)]: Done 249 tasks      | elapsed:  7.6min
2026-09-23 19:29:22,385 - INFO - [Parallel(n_jobs=32)]: Done 274 tasks      | elapsed:  8.5min
2026-09-23 19:30:05,742 - INFO - [Parallel(n_jobs=32)]: Done 301 tasks      | elapsed:  9.2min
2026-09-23 19:30:51,725 - INFO - [Parallel(n_jobs=32)]: Done 328 tasks      | elapsed:  9.9min
2026-09-23 19:31:46,765 - INFO - [Parallel(n_jobs=32)]: Done 357 tasks      | elapsed: 10.9min
2026-09-23 19:32:31,540 - INFO - [Parallel(n_jobs=32)]: Done 386 tasks      | elapsed: 11.6min
2026-09-23 19:33:29,420 - INFO - [Parallel(n_jobs=32)]: Done 417 tasks      | elapsed: 12.6min
2026-09-23 19:35:34,222 - INFO - [Parallel(n_jobs=32)]: Done 488 out of 500 | elapsed: 14.7min remaining:   21.6s
2026-09-23 19:35:43,715 - INFO - [Parallel(n_jobs=32)]: Done 500 out of 500 | elapsed: 14.8min finished
2026-09-23 19:35:52,362 - INFO - [checkpoint] Saved 44 combo(s) -> results/targeting_forest_depth_20260923_185100/results.pkl
2026-09-23 19:35:52,371 - INFO - [combination 44/48] 91.7% complete | (20, 50000) | combination took 851.2s | experiment elapsed 2547.7s
2026-09-23 19:35:52,377 - INFO - [combination 45/48] START (20, 100000) (91.7% complete)
2026-09-23 19:35:52,377 - INFO - ================================================================================
2026-09-23 19:35:52,377 - INFO - Combination parameters:
2026-09-23 19:35:52,377 - INFO -   max_depth = 20
2026-09-23 19:35:52,377 - INFO -   sample_size = 100000
2026-09-23 19:35:52,377 - INFO -   char_func = None
2026-09-23 19:35:52,377 - INFO -   tau = (1.0, 1.01)
2026-09-23 19:35:52,377 - INFO - ================================================================================
2026-09-23 19:35:56,147 - INFO - Running 500 repetitions (n_jobs=32)
2026-09-23 19:35:56,155 - INFO - [Parallel(n_jobs=32)]: Using backend LokyBackend with 32 concurrent workers.
2026-09-23 19:37:41,551 - INFO - [Parallel(n_jobs=32)]: Done   8 tasks      | elapsed:  1.8min
2026-09-23 19:38:58,211 - INFO - [Parallel(n_jobs=32)]: Done  21 tasks      | elapsed:  3.0min
2026-09-23 19:39:30,311 - INFO - [Parallel(n_jobs=32)]: Done  34 tasks      | elapsed:  3.6min
2026-09-23 19:40:38,738 - INFO - [Parallel(n_jobs=32)]: Done  49 tasks      | elapsed:  4.7min
2026-09-23 19:41:18,359 - INFO - [Parallel(n_jobs=32)]: Done  64 tasks      | elapsed:  5.4min
2026-09-23 19:42:54,029 - INFO - [Parallel(n_jobs=32)]: Done  81 tasks      | elapsed:  7.0min
2026-09-23 19:43:51,591 - INFO - [Parallel(n_jobs=32)]: Done  98 tasks      | elapsed:  7.9min
2026-09-23 19:45:20,578 - INFO - [Parallel(n_jobs=32)]: Done 117 tasks      | elapsed:  9.4min
2026-09-23 19:46:45,194 - INFO - [Parallel(n_jobs=32)]: Done 136 tasks      | elapsed: 10.8min
2026-09-23 19:48:19,896 - INFO - [Parallel(n_jobs=32)]: Done 157 tasks      | elapsed: 12.4min
2026-09-23 19:49:36,507 - INFO - [Parallel(n_jobs=32)]: Done 178 tasks      | elapsed: 13.7min
2026-09-23 19:51:15,251 - INFO - [Parallel(n_jobs=32)]: Done 201 tasks      | elapsed: 15.3min
2026-09-23 19:53:00,524 - INFO - [Parallel(n_jobs=32)]: Done 224 tasks      | elapsed: 17.1min
2026-09-23 19:54:51,611 - INFO - [Parallel(n_jobs=32)]: Done 249 tasks      | elapsed: 18.9min
2026-09-23 19:56:30,352 - INFO - [Parallel(n_jobs=32)]: Done 274 tasks      | elapsed: 20.6min
2026-09-23 19:58:19,006 - INFO - [Parallel(n_jobs=32)]: Done 301 tasks      | elapsed: 22.4min
2026-09-23 20:00:23,480 - INFO - [Parallel(n_jobs=32)]: Done 328 tasks      | elapsed: 24.5min
2026-09-23 20:02:23,095 - INFO - [Parallel(n_jobs=32)]: Done 357 tasks      | elapsed: 26.4min
2026-09-23 20:04:34,029 - INFO - [Parallel(n_jobs=32)]: Done 386 tasks      | elapsed: 28.6min
2026-09-23 20:06:55,109 - INFO - [Parallel(n_jobs=32)]: Done 417 tasks      | elapsed: 31.0min
2026-09-23 20:11:31,614 - INFO - [Parallel(n_jobs=32)]: Done 488 out of 500 | elapsed: 35.6min remaining:   52.5s
2026-09-23 20:11:45,468 - INFO - [Parallel(n_jobs=32)]: Done 500 out of 500 | elapsed: 35.8min finished
2026-09-23 20:11:55,401 - INFO - [checkpoint] Saved 45 combo(s) -> results/targeting_forest_depth_20260923_185100/results.pkl
2026-09-23 20:11:55,409 - INFO - [combination 45/48] 93.8% complete | (20, 100000) | combination took 2045.3s | experiment elapsed 4593.0s
2026-09-23 20:11:55,424 - INFO - [combination 46/48] START (20, 500000) (93.8% complete)
2026-09-23 20:11:55,425 - INFO - ================================================================================
2026-09-23 20:11:55,425 - INFO - Combination parameters:
2026-09-23 20:11:55,425 - INFO -   max_depth = 20
2026-09-23 20:11:55,425 - INFO -   sample_size = 500000
2026-09-23 20:11:55,425 - INFO -   char_func = None
2026-09-23 20:11:55,425 - INFO -   tau = (1.0, 1.01)
2026-09-23 20:11:55,425 - INFO - ================================================================================
2026-09-23 20:11:59,027 - INFO - [parallel] sample_size=500000: n_jobs 32 -> 15 (43.6 GB available, 2.2 GB/job)
2026-09-23 20:11:59,028 - INFO - Running 500 repetitions (n_jobs=15)
2026-09-23 20:11:59,038 - INFO - [Parallel(n_jobs=15)]: Using backend LokyBackend with 15 concurrent workers.
2026-09-23 20:20:48,606 - INFO - [Parallel(n_jobs=15)]: Done   2 tasks      | elapsed:  8.8min
2026-09-23 20:21:02,904 - INFO - [Parallel(n_jobs=15)]: Done  11 tasks      | elapsed:  9.1min
2026-09-23 20:29:46,771 - INFO - [Parallel(n_jobs=15)]: Done  20 tasks      | elapsed: 17.8min
2026-09-23 20:38:19,064 - INFO - [Parallel(n_jobs=15)]: Done  31 tasks      | elapsed: 26.3min
2026-09-23 20:39:01,635 - INFO - [Parallel(n_jobs=15)]: Done  42 tasks      | elapsed: 27.0min
2026-09-23 20:47:56,165 - INFO - [Parallel(n_jobs=15)]: Done  55 tasks      | elapsed: 36.0min
2026-09-23 20:56:49,727 - INFO - [Parallel(n_jobs=15)]: Done  68 tasks      | elapsed: 44.8min
2026-09-23 21:06:02,297 - INFO - [Parallel(n_jobs=15)]: Done  83 tasks      | elapsed: 54.1min
2026-09-23 21:15:00,929 - INFO - [Parallel(n_jobs=15)]: Done  98 tasks      | elapsed: 63.0min
2026-09-23 21:24:35,136 - INFO - [Parallel(n_jobs=15)]: Done 115 tasks      | elapsed: 72.6min
2026-09-23 21:33:48,585 - INFO - [Parallel(n_jobs=15)]: Done 132 tasks      | elapsed: 81.8min
2026-09-23 21:49:34,421 - INFO - [Parallel(n_jobs=15)]: Done 151 tasks      | elapsed: 97.6min
2026-09-23 22:00:56,393 - INFO - [Parallel(n_jobs=15)]: Done 170 tasks      | elapsed: 109.0min
2026-09-23 22:11:06,523 - INFO - [Parallel(n_jobs=15)]: Done 191 tasks      | elapsed: 119.1min
2026-09-23 22:26:17,569 - INFO - [Parallel(n_jobs=15)]: Done 212 tasks      | elapsed: 134.3min
2026-09-23 22:39:46,580 - INFO - [Parallel(n_jobs=15)]: Done 235 tasks      | elapsed: 147.8min
2026-09-23 22:55:08,846 - INFO - [Parallel(n_jobs=15)]: Done 258 tasks      | elapsed: 163.2min
2026-09-23 23:08:17,824 - INFO - [Parallel(n_jobs=15)]: Done 283 tasks      | elapsed: 176.3min
2026-09-23 23:26:24,764 - INFO - [Parallel(n_jobs=15)]: Done 308 tasks      | elapsed: 194.4min
2026-09-23 23:43:02,391 - INFO - [Parallel(n_jobs=15)]: Done 335 tasks      | elapsed: 211.1min
2026-09-24 00:00:20,025 - INFO - [Parallel(n_jobs=15)]: Done 362 tasks      | elapsed: 228.3min
2026-09-24 00:18:32,673 - INFO - [Parallel(n_jobs=15)]: Done 391 tasks      | elapsed: 246.6min
2026-09-24 00:36:53,586 - INFO - [Parallel(n_jobs=15)]: Done 420 tasks      | elapsed: 264.9min
2026-09-24 00:56:30,659 - INFO - [Parallel(n_jobs=15)]: Done 451 tasks      | elapsed: 284.5min
2026-09-24 01:24:12,857 - INFO - [Parallel(n_jobs=15)]: Done 500 out of 500 | elapsed: 312.2min finished
2026-09-24 01:24:25,349 - INFO - [checkpoint] Saved 46 combo(s) -> results/targeting_forest_depth_20260923_185100/results.pkl
2026-09-24 01:24:25,358 - INFO - [combination 46/48] 95.8% complete | (20, 500000) | combination took 17908.3s | experiment elapsed 22501.3s
2026-09-24 01:24:25,366 - INFO - [combination 47/48] START (20, 1000000) (95.8% complete)
2026-09-24 01:24:25,366 - INFO - ================================================================================
2026-09-24 01:24:25,366 - INFO - Combination parameters:
2026-09-24 01:24:25,366 - INFO -   max_depth = 20
2026-09-24 01:24:25,366 - INFO -   sample_size = 1000000
2026-09-24 01:24:25,366 - INFO -   char_func = None
2026-09-24 01:24:25,368 - INFO -   tau = (1.0, 1.01)
2026-09-24 01:24:25,368 - INFO - ================================================================================
2026-09-24 01:24:26,870 - INFO - [parallel] sample_size=1000000: n_jobs 32 -> 10 (43.6 GB available, 3.3 GB/job)
2026-09-24 01:24:26,870 - INFO - Running 500 repetitions (n_jobs=10)
2026-09-24 01:24:26,881 - INFO - [Parallel(n_jobs=10)]: Using backend LokyBackend with 10 concurrent workers.
2026-09-24 01:39:47,208 - INFO - [Parallel(n_jobs=10)]: Done   5 tasks      | elapsed: 15.3min
2026-09-24 01:55:06,294 - INFO - [Parallel(n_jobs=10)]: Done  12 tasks      | elapsed: 30.7min
2026-09-24 02:10:27,125 - INFO - [Parallel(n_jobs=10)]: Done  21 tasks      | elapsed: 46.0min
2026-09-24 02:11:00,974 - INFO - [Parallel(n_jobs=10)]: Done  30 tasks      | elapsed: 46.6min
2026-09-24 02:41:18,422 - INFO - [Parallel(n_jobs=10)]: Done  41 tasks      | elapsed: 76.9min
2026-09-24 02:56:53,638 - INFO - [Parallel(n_jobs=10)]: Done  52 tasks      | elapsed: 92.4min
2026-09-24 03:12:38,572 - INFO - [Parallel(n_jobs=10)]: Done  65 tasks      | elapsed: 108.2min
2026-09-24 03:29:52,518 - INFO - [Parallel(n_jobs=10)]: Done  78 tasks      | elapsed: 125.4min
2026-09-24 03:58:53,467 - INFO - [Parallel(n_jobs=10)]: Done  93 tasks      | elapsed: 154.4min
2026-09-24 04:19:35,608 - INFO - [Parallel(n_jobs=10)]: Done 108 tasks      | elapsed: 175.1min
2026-09-24 04:46:31,949 - INFO - [Parallel(n_jobs=10)]: Done 125 tasks      | elapsed: 202.1min
2026-09-24 05:16:56,996 - INFO - [Parallel(n_jobs=10)]: Done 142 tasks      | elapsed: 232.5min
2026-09-24 05:48:21,525 - INFO - [Parallel(n_jobs=10)]: Done 161 tasks      | elapsed: 263.9min
2026-09-24 06:18:22,527 - INFO - [Parallel(n_jobs=10)]: Done 180 tasks      | elapsed: 293.9min
2026-09-24 06:51:58,653 - INFO - [Parallel(n_jobs=10)]: Done 201 tasks      | elapsed: 327.5min
2026-09-24 07:24:20,535 - INFO - [Parallel(n_jobs=10)]: Done 222 tasks      | elapsed: 359.9min
2026-09-24 07:59:30,303 - INFO - [Parallel(n_jobs=10)]: Done 245 tasks      | elapsed: 395.1min
2026-09-24 08:38:31,992 - INFO - [Parallel(n_jobs=10)]: Done 268 tasks      | elapsed: 434.1min
2026-09-24 09:17:36,556 - INFO - [Parallel(n_jobs=10)]: Done 293 tasks      | elapsed: 473.2min
2026-09-24 10:02:42,730 - INFO - [Parallel(n_jobs=10)]: Done 318 tasks      | elapsed: 518.3min
2026-09-24 10:43:49,654 - INFO - [Parallel(n_jobs=10)]: Done 345 tasks      | elapsed: 559.4min
2026-09-24 11:27:23,971 - INFO - [Parallel(n_jobs=10)]: Done 372 tasks      | elapsed: 603.0min
2026-09-24 12:17:48,334 - INFO - [Parallel(n_jobs=10)]: Done 401 tasks      | elapsed: 653.4min
2026-09-24 13:07:04,179 - INFO - [Parallel(n_jobs=10)]: Done 430 tasks      | elapsed: 702.6min
2026-09-24 13:56:55,444 - INFO - [Parallel(n_jobs=10)]: Done 461 tasks      | elapsed: 752.5min
2026-09-24 14:57:36,719 - INFO - [Parallel(n_jobs=10)]: Done 500 out of 500 | elapsed: 813.2min finished
2026-09-24 14:58:01,665 - INFO - [checkpoint] Saved 47 combo(s) -> results/targeting_forest_depth_20260923_185100/results.pkl
2026-09-24 14:58:01,693 - INFO - [combination 47/48] 97.9% complete | (20, 1000000) | combination took 47804.7s | experiment elapsed 70306.0s
2026-09-24 14:58:01,703 - INFO - [combination 48/48] START (20, 5000000) (97.9% complete)
2026-09-24 14:58:01,703 - INFO - ================================================================================
2026-09-24 14:58:01,703 - INFO - Combination parameters:
2026-09-24 14:58:01,703 - INFO -   max_depth = 20
2026-09-24 14:58:01,703 - INFO -   sample_size = 5000000
2026-09-24 14:58:01,703 - INFO -   char_func = None
2026-09-24 14:58:01,704 - INFO -   tau = (1.0, 1.01)
2026-09-24 14:58:01,704 - INFO - ================================================================================
2026-09-24 14:58:03,367 - INFO - [parallel] sample_size=5000000: n_jobs 32 -> 2 (43.7 GB available, 14.0 GB/job)
2026-09-24 14:58:03,367 - INFO - Running 20 repetitions (n_jobs=2)
2026-09-24 14:58:03,376 - INFO - [Parallel(n_jobs=2)]: Using backend LokyBackend with 2 concurrent workers.
