2026-09-23 13:10:00,368 - INFO - ================================================================================
2026-09-23 13:10:00,368 - INFO - Starting Targeting Experiment
2026-09-23 13:10:00,368 - INFO - ================================================================================
2026-09-23 13:10:00,368 - INFO - Config file: /home/iamsikun/research/winners-curse/configs/targeting_forest_functional_form.yaml
2026-09-23 13:10:00,370 - INFO - Configuration saved to results/targeting_forest_functional_form_20260923_131000/config.yaml and results/targeting_forest_functional_form_20260923_131000/config.json
2026-09-23 13:10:00,370 - INFO - Key Parameters:
2026-09-23 13:10:00,370 - INFO -   Sample size: 2500
2026-09-23 13:10:00,370 - INFO -   Target sample size: 10000
2026-09-23 13:10:00,370 - INFO -   Number of repeats: 1000
2026-09-23 13:10:00,370 - INFO -   Estimator: CausalForestDML
2026-09-23 13:10:00,370 - INFO -   Max parallel jobs: 32
2026-09-23 13:10:00,370 - INFO -   Correction estimators: ['Standard Bootstrap', 'm-out-of-n Bootstrap', 'Sample Splitting', 'Empirical Bayes', 'Hybrid SI']
2026-09-23 13:10:00,370 - INFO - ================================================================================
2026-09-23 13:10:00,370 - INFO - Running experiment...
2026-09-23 13:10:00,370 - INFO - ================================================================================
2026-09-23 13:10:00,370 - INFO - ================================================================================
2026-09-23 13:10:00,370 - INFO - Parameter sweep configuration:
2026-09-23 13:10:00,370 - INFO -   Depths: [5]
2026-09-23 13:10:00,370 - INFO -   Sample sizes: ['2500']
2026-09-23 13:10:00,370 - INFO -   Treatment effects: [(1.0, 1.01)]
2026-09-23 13:10:00,370 - INFO -   Noise vars list length: 1
2026-09-23 13:10:00,370 - INFO -   Char func list: ['x', 'x**2 + x', 'np.abs(x)']
2026-09-23 13:10:00,370 - INFO -   Varying parameters: ['char_func']
2026-09-23 13:10:00,370 - INFO -   Total combinations: 3
2026-09-23 13:10:00,370 - INFO -   Parallel jobs: 32
2026-09-23 13:10:00,370 - INFO -   Result key format: char_func values (e.g., 2500)
2026-09-23 13:10:00,370 - INFO - ================================================================================
2026-09-23 13:10:00,370 - INFO - [combination 1/3] START x (0.0% complete)
2026-09-23 13:10:00,370 - INFO - ================================================================================
2026-09-23 13:10:00,370 - INFO - Combination parameters:
2026-09-23 13:10:00,370 - INFO -   max_depth = 5
2026-09-23 13:10:00,370 - INFO -   sample_size = 2500
2026-09-23 13:10:00,370 - INFO -   char_func = x
2026-09-23 13:10:00,370 - INFO -   tau = (1.0, 1.01)
2026-09-23 13:10:00,370 - INFO - ================================================================================
2026-09-23 13:10:00,372 - INFO - Running 1000 repetitions (n_jobs=32)
2026-09-23 13:10:00,372 - INFO - [Parallel(n_jobs=32)]: Using backend LokyBackend with 32 concurrent workers.
2026-09-23 13:11:21,505 - INFO - [Parallel(n_jobs=32)]: Done   8 tasks      | elapsed:  1.4min
2026-09-23 13:12:24,916 - INFO - [Parallel(n_jobs=32)]: Done  21 tasks      | elapsed:  2.4min
2026-09-23 13:12:59,934 - INFO - [Parallel(n_jobs=32)]: Done  34 tasks      | elapsed:  3.0min
2026-09-23 13:13:50,619 - INFO - [Parallel(n_jobs=32)]: Done  49 tasks      | elapsed:  3.8min
2026-09-23 13:14:41,152 - INFO - [Parallel(n_jobs=32)]: Done  64 tasks      | elapsed:  4.7min
2026-09-23 13:15:40,685 - INFO - [Parallel(n_jobs=32)]: Done  81 tasks      | elapsed:  5.7min
2026-09-23 13:16:41,027 - INFO - [Parallel(n_jobs=32)]: Done  98 tasks      | elapsed:  6.7min
2026-09-23 13:17:45,864 - INFO - [Parallel(n_jobs=32)]: Done 117 tasks      | elapsed:  7.8min
2026-09-23 13:19:00,439 - INFO - [Parallel(n_jobs=32)]: Done 136 tasks      | elapsed:  9.0min
2026-09-23 13:20:09,916 - INFO - [Parallel(n_jobs=32)]: Done 157 tasks      | elapsed: 10.2min
2026-09-23 13:21:12,887 - INFO - [Parallel(n_jobs=32)]: Done 178 tasks      | elapsed: 11.2min
2026-09-23 13:22:51,969 - INFO - [Parallel(n_jobs=32)]: Done 201 tasks      | elapsed: 12.9min
2026-09-23 13:24:01,729 - INFO - [Parallel(n_jobs=32)]: Done 224 tasks      | elapsed: 14.0min
2026-09-23 13:25:41,345 - INFO - [Parallel(n_jobs=32)]: Done 249 tasks      | elapsed: 15.7min
2026-09-23 13:27:02,619 - INFO - [Parallel(n_jobs=32)]: Done 274 tasks      | elapsed: 17.0min
2026-09-23 13:28:28,462 - INFO - [Parallel(n_jobs=32)]: Done 301 tasks      | elapsed: 18.5min
2026-09-23 13:30:05,121 - INFO - [Parallel(n_jobs=32)]: Done 328 tasks      | elapsed: 20.1min
2026-09-23 13:31:43,628 - INFO - [Parallel(n_jobs=32)]: Done 357 tasks      | elapsed: 21.7min
2026-09-23 13:33:19,546 - INFO - [Parallel(n_jobs=32)]: Done 386 tasks      | elapsed: 23.3min
2026-09-23 13:35:17,593 - INFO - [Parallel(n_jobs=32)]: Done 417 tasks      | elapsed: 25.3min
2026-09-23 13:36:54,871 - INFO - [Parallel(n_jobs=32)]: Done 448 tasks      | elapsed: 26.9min
2026-09-23 13:38:54,475 - INFO - [Parallel(n_jobs=32)]: Done 481 tasks      | elapsed: 28.9min
2026-09-23 13:40:31,337 - INFO - [Parallel(n_jobs=32)]: Done 514 tasks      | elapsed: 30.5min
2026-09-23 13:42:52,868 - INFO - [Parallel(n_jobs=32)]: Done 549 tasks      | elapsed: 32.9min
2026-09-23 13:44:41,237 - INFO - [Parallel(n_jobs=32)]: Done 584 tasks      | elapsed: 34.7min
2026-09-23 13:47:09,290 - INFO - [Parallel(n_jobs=32)]: Done 621 tasks      | elapsed: 37.1min
2026-09-23 13:48:56,468 - INFO - [Parallel(n_jobs=32)]: Done 658 tasks      | elapsed: 38.9min
2026-09-23 13:51:21,502 - INFO - [Parallel(n_jobs=32)]: Done 697 tasks      | elapsed: 41.4min
2026-09-23 13:53:30,543 - INFO - [Parallel(n_jobs=32)]: Done 736 tasks      | elapsed: 43.5min
2026-09-23 13:55:54,850 - INFO - [Parallel(n_jobs=32)]: Done 777 tasks      | elapsed: 45.9min
2026-09-23 13:58:29,698 - INFO - [Parallel(n_jobs=32)]: Done 818 tasks      | elapsed: 48.5min
2026-09-23 14:00:49,735 - INFO - [Parallel(n_jobs=32)]: Done 861 tasks      | elapsed: 50.8min
2026-09-23 14:03:05,238 - INFO - [Parallel(n_jobs=32)]: Done 904 tasks      | elapsed: 53.1min
2026-09-23 14:07:52,836 - INFO - [Parallel(n_jobs=32)]: Done 1000 out of 1000 | elapsed: 57.9min finished
2026-09-23 14:07:54,495 - INFO - [checkpoint] Saved 1 combo(s) -> results/targeting_forest_functional_form_20260923_131000/results.pkl
2026-09-23 14:07:54,496 - INFO - [combination 1/3] 33.3% complete | x | combination took 3358.1s | experiment elapsed 3358.1s
2026-09-23 14:07:54,497 - INFO - [combination 2/3] START x**2 + x (33.3% complete)
2026-09-23 14:07:54,497 - INFO - ================================================================================
2026-09-23 14:07:54,497 - INFO - Combination parameters:
2026-09-23 14:07:54,497 - INFO -   max_depth = 5
2026-09-23 14:07:54,497 - INFO -   sample_size = 2500
2026-09-23 14:07:54,497 - INFO -   char_func = x**2 + x
2026-09-23 14:07:54,497 - INFO -   tau = (1.0, 1.01)
2026-09-23 14:07:54,497 - INFO - ================================================================================
2026-09-23 14:07:57,662 - INFO - Running 1000 repetitions (n_jobs=32)
2026-09-23 14:07:57,678 - INFO - [Parallel(n_jobs=32)]: Using backend LokyBackend with 32 concurrent workers.
2026-09-23 14:09:21,793 - INFO - [Parallel(n_jobs=32)]: Done   8 tasks      | elapsed:  1.4min
2026-09-23 14:10:20,588 - INFO - [Parallel(n_jobs=32)]: Done  21 tasks      | elapsed:  2.4min
2026-09-23 14:10:50,905 - INFO - [Parallel(n_jobs=32)]: Done  34 tasks      | elapsed:  2.9min
2026-09-23 14:11:32,917 - INFO - [Parallel(n_jobs=32)]: Done  49 tasks      | elapsed:  3.6min
2026-09-23 14:12:15,490 - INFO - [Parallel(n_jobs=32)]: Done  64 tasks      | elapsed:  4.3min
2026-09-23 14:13:25,574 - INFO - [Parallel(n_jobs=32)]: Done  81 tasks      | elapsed:  5.5min
2026-09-23 14:14:23,845 - INFO - [Parallel(n_jobs=32)]: Done  98 tasks      | elapsed:  6.4min
2026-09-23 14:15:26,435 - INFO - [Parallel(n_jobs=32)]: Done 117 tasks      | elapsed:  7.5min
2026-09-23 14:16:31,143 - INFO - [Parallel(n_jobs=32)]: Done 136 tasks      | elapsed:  8.6min
2026-09-23 14:17:40,440 - INFO - [Parallel(n_jobs=32)]: Done 157 tasks      | elapsed:  9.7min
2026-09-23 14:18:50,855 - INFO - [Parallel(n_jobs=32)]: Done 178 tasks      | elapsed: 10.9min
2026-09-23 14:20:08,292 - INFO - [Parallel(n_jobs=32)]: Done 201 tasks      | elapsed: 12.2min
2026-09-23 14:21:29,097 - INFO - [Parallel(n_jobs=32)]: Done 224 tasks      | elapsed: 13.5min
2026-09-23 14:22:49,171 - INFO - [Parallel(n_jobs=32)]: Done 249 tasks      | elapsed: 14.9min
2026-09-23 14:24:15,583 - INFO - [Parallel(n_jobs=32)]: Done 274 tasks      | elapsed: 16.3min
2026-09-23 14:25:50,323 - INFO - [Parallel(n_jobs=32)]: Done 301 tasks      | elapsed: 17.9min
2026-09-23 14:27:24,568 - INFO - [Parallel(n_jobs=32)]: Done 328 tasks      | elapsed: 19.4min
2026-09-23 14:28:44,213 - INFO - [Parallel(n_jobs=32)]: Done 357 tasks      | elapsed: 20.8min
2026-09-23 14:30:30,235 - INFO - [Parallel(n_jobs=32)]: Done 386 tasks      | elapsed: 22.5min
2026-09-23 14:32:17,304 - INFO - [Parallel(n_jobs=32)]: Done 417 tasks      | elapsed: 24.3min
2026-09-23 14:34:05,912 - INFO - [Parallel(n_jobs=32)]: Done 448 tasks      | elapsed: 26.1min
2026-09-23 14:35:44,906 - INFO - [Parallel(n_jobs=32)]: Done 481 tasks      | elapsed: 27.8min
2026-09-23 14:37:37,864 - INFO - [Parallel(n_jobs=32)]: Done 514 tasks      | elapsed: 29.7min
2026-09-23 14:39:38,355 - INFO - [Parallel(n_jobs=32)]: Done 549 tasks      | elapsed: 31.7min
2026-09-23 14:41:33,704 - INFO - [Parallel(n_jobs=32)]: Done 584 tasks      | elapsed: 33.6min
2026-09-23 14:43:32,539 - INFO - [Parallel(n_jobs=32)]: Done 621 tasks      | elapsed: 35.6min
2026-09-23 14:45:49,566 - INFO - [Parallel(n_jobs=32)]: Done 658 tasks      | elapsed: 37.9min
2026-09-23 14:47:52,984 - INFO - [Parallel(n_jobs=32)]: Done 697 tasks      | elapsed: 39.9min
2026-09-23 14:50:10,955 - INFO - [Parallel(n_jobs=32)]: Done 736 tasks      | elapsed: 42.2min
2026-09-23 14:52:25,864 - INFO - [Parallel(n_jobs=32)]: Done 777 tasks      | elapsed: 44.5min
2026-09-23 14:54:44,724 - INFO - [Parallel(n_jobs=32)]: Done 818 tasks      | elapsed: 46.8min
2026-09-23 14:57:02,734 - INFO - [Parallel(n_jobs=32)]: Done 861 tasks      | elapsed: 49.1min
2026-09-23 14:59:22,353 - INFO - [Parallel(n_jobs=32)]: Done 904 tasks      | elapsed: 51.4min
2026-09-23 15:04:16,810 - INFO - [Parallel(n_jobs=32)]: Done 1000 out of 1000 | elapsed: 56.3min finished
2026-09-23 15:04:19,436 - INFO - [checkpoint] Saved 2 combo(s) -> results/targeting_forest_functional_form_20260923_131000/results.pkl
2026-09-23 15:04:19,475 - INFO - [combination 2/3] 66.7% complete | x**2 + x | combination took 3251.3s | experiment elapsed 6609.3s
2026-09-23 15:04:19,486 - INFO - [combination 3/3] START np.abs(x) (66.7% complete)
2026-09-23 15:04:19,488 - INFO - ================================================================================
2026-09-23 15:04:19,488 - INFO - Combination parameters:
2026-09-23 15:04:19,488 - INFO -   max_depth = 5
2026-09-23 15:04:19,488 - INFO -   sample_size = 2500
2026-09-23 15:04:19,488 - INFO -   char_func = np.abs(x)
2026-09-23 15:04:19,492 - INFO -   tau = (1.0, 1.01)
2026-09-23 15:04:19,493 - INFO - ================================================================================
2026-09-23 15:04:21,555 - INFO - Running 1000 repetitions (n_jobs=32)
2026-09-23 15:04:21,575 - INFO - [Parallel(n_jobs=32)]: Using backend LokyBackend with 32 concurrent workers.
2026-09-23 15:05:55,006 - INFO - [Parallel(n_jobs=32)]: Done   8 tasks      | elapsed:  1.6min
2026-09-23 15:06:54,153 - INFO - [Parallel(n_jobs=32)]: Done  21 tasks      | elapsed:  2.5min
2026-09-23 15:07:23,384 - INFO - [Parallel(n_jobs=32)]: Done  34 tasks      | elapsed:  3.0min
2026-09-23 15:08:19,242 - INFO - [Parallel(n_jobs=32)]: Done  49 tasks      | elapsed:  4.0min
2026-09-23 15:09:02,301 - INFO - [Parallel(n_jobs=32)]: Done  64 tasks      | elapsed:  4.7min
2026-09-23 15:10:06,641 - INFO - [Parallel(n_jobs=32)]: Done  81 tasks      | elapsed:  5.8min
2026-09-23 15:11:02,519 - INFO - [Parallel(n_jobs=32)]: Done  98 tasks      | elapsed:  6.7min
2026-09-23 15:11:57,116 - INFO - [Parallel(n_jobs=32)]: Done 117 tasks      | elapsed:  7.6min
2026-09-23 15:13:14,555 - INFO - [Parallel(n_jobs=32)]: Done 136 tasks      | elapsed:  8.9min
2026-09-23 15:14:20,454 - INFO - [Parallel(n_jobs=32)]: Done 157 tasks      | elapsed: 10.0min
2026-09-23 15:15:32,724 - INFO - [Parallel(n_jobs=32)]: Done 178 tasks      | elapsed: 11.2min
2026-09-23 15:16:48,857 - INFO - [Parallel(n_jobs=32)]: Done 201 tasks      | elapsed: 12.5min
2026-09-23 15:18:07,081 - INFO - [Parallel(n_jobs=32)]: Done 224 tasks      | elapsed: 13.8min
2026-09-23 15:19:36,798 - INFO - [Parallel(n_jobs=32)]: Done 249 tasks      | elapsed: 15.3min
2026-09-23 15:20:55,118 - INFO - [Parallel(n_jobs=32)]: Done 274 tasks      | elapsed: 16.6min
2026-09-23 15:22:27,016 - INFO - [Parallel(n_jobs=32)]: Done 301 tasks      | elapsed: 18.1min
2026-09-23 15:23:58,685 - INFO - [Parallel(n_jobs=32)]: Done 328 tasks      | elapsed: 19.6min
2026-09-23 15:25:27,689 - INFO - [Parallel(n_jobs=32)]: Done 357 tasks      | elapsed: 21.1min
2026-09-23 15:27:05,686 - INFO - [Parallel(n_jobs=32)]: Done 386 tasks      | elapsed: 22.7min
2026-09-23 15:29:00,061 - INFO - [Parallel(n_jobs=32)]: Done 417 tasks      | elapsed: 24.6min
2026-09-23 15:30:41,726 - INFO - [Parallel(n_jobs=32)]: Done 448 tasks      | elapsed: 26.3min
2026-09-23 15:32:21,546 - INFO - [Parallel(n_jobs=32)]: Done 481 tasks      | elapsed: 28.0min
2026-09-23 15:34:27,620 - INFO - [Parallel(n_jobs=32)]: Done 514 tasks      | elapsed: 30.1min
2026-09-23 15:36:17,191 - INFO - [Parallel(n_jobs=32)]: Done 549 tasks      | elapsed: 31.9min
2026-09-23 15:38:13,773 - INFO - [Parallel(n_jobs=32)]: Done 584 tasks      | elapsed: 33.9min
2026-09-23 15:40:17,813 - INFO - [Parallel(n_jobs=32)]: Done 621 tasks      | elapsed: 35.9min
2026-09-23 15:42:24,243 - INFO - [Parallel(n_jobs=32)]: Done 658 tasks      | elapsed: 38.0min
2026-09-23 15:44:38,232 - INFO - [Parallel(n_jobs=32)]: Done 697 tasks      | elapsed: 40.3min
2026-09-23 15:46:54,226 - INFO - [Parallel(n_jobs=32)]: Done 736 tasks      | elapsed: 42.5min
2026-09-23 15:49:11,552 - INFO - [Parallel(n_jobs=32)]: Done 777 tasks      | elapsed: 44.8min
2026-09-23 15:51:25,099 - INFO - [Parallel(n_jobs=32)]: Done 818 tasks      | elapsed: 47.1min
2026-09-23 15:53:56,715 - INFO - [Parallel(n_jobs=32)]: Done 861 tasks      | elapsed: 49.6min
2026-09-23 15:56:11,650 - INFO - [Parallel(n_jobs=32)]: Done 904 tasks      | elapsed: 51.8min
2026-09-23 16:00:59,669 - INFO - [Parallel(n_jobs=32)]: Done 1000 out of 1000 | elapsed: 56.6min finished
2026-09-23 16:01:02,777 - INFO - [checkpoint] Saved 3 combo(s) -> results/targeting_forest_functional_form_20260923_131000/results.pkl
2026-09-23 16:01:02,783 - INFO - [combination 3/3] 100.0% complete | np.abs(x) | combination took 3258.5s | experiment elapsed 9867.8s
2026-09-23 16:01:02,783 - INFO - ================================================================================
2026-09-23 16:01:02,784 - INFO - All 3 parameter combinations completed successfully
2026-09-23 16:01:02,784 - INFO - ================================================================================
2026-09-23 16:01:02,887 - INFO - ================================================================================
2026-09-23 16:01:02,905 - INFO - Saving results...
2026-09-23 16:01:02,905 - INFO - ================================================================================
2026-09-23 16:01:03,248 - INFO - Results saved to results/targeting_forest_functional_form_20260923_131000/results.pkl
2026-09-23 16:01:03,249 - INFO - ================================================================================
2026-09-23 16:01:03,249 - INFO - Experiment completed successfully!
2026-09-23 16:01:03,249 - INFO - ================================================================================
2026-09-23 16:01:03,249 - INFO - Results saved to: results/targeting_forest_functional_form_20260923_131000
