2026-09-17 00:47:34,033 - INFO - ================================================================================
2026-09-17 00:47:34,033 - INFO - Starting Targeting Experiment
2026-09-17 00:47:34,033 - INFO - ================================================================================
2026-09-17 00:47:34,033 - INFO - Config file: /home/iamsikun/research/winners-curse/configs/targeting_forest_moon_power.yaml
2026-09-17 00:47:34,037 - INFO - Configuration saved to results/targeting_forest_moon_power_20260917_004734/config.yaml and results/targeting_forest_moon_power_20260917_004734/config.json
2026-09-17 00:47:34,037 - INFO - Key Parameters:
2026-09-17 00:47:34,037 - INFO -   Sample size: 2500
2026-09-17 00:47:34,037 - INFO -   Target sample size: 10000
2026-09-17 00:47:34,037 - INFO -   Number of repeats: 1000
2026-09-17 00:47:34,037 - INFO -   Estimator: KnownFunctionalForm
2026-09-17 00:47:34,037 - INFO -   Max parallel jobs: 28
2026-09-17 00:47:34,037 - INFO -   Correction estimators: ['Standard Bootstrap', 'm-out-of-n (gamma=0.4)', 'm-out-of-n (gamma=0.5)', 'm-out-of-n (gamma=0.6)', 'm-out-of-n (gamma=0.7)', 'm-out-of-n (gamma=0.8)', 'm-out-of-n (gamma=0.9)', 'm-out-of-n (gamma=0.95)']
2026-09-17 00:47:34,037 - INFO - ================================================================================
2026-09-17 00:47:34,037 - INFO - Running experiment...
2026-09-17 00:47:34,037 - INFO - ================================================================================
2026-09-17 00:47:34,038 - INFO - [model 1/4] Running model: known_functional_form
2026-09-17 00:47:34,038 - INFO - ================================================================================
2026-09-17 00:47:34,038 - INFO - Parameter sweep configuration:
2026-09-17 00:47:34,038 - INFO -   Depths: [5]
2026-09-17 00:47:34,038 - INFO -   Sample sizes: ['2500']
2026-09-17 00:47:34,038 - INFO -   Treatment effects: [(1, 1.005), (1, 1.01), (1, 1.02)]
2026-09-17 00:47:34,038 - INFO -   Noise vars list length: 1
2026-09-17 00:47:34,038 - INFO -   Char func list: [None]
2026-09-17 00:47:34,038 - INFO -   Varying parameters: ['tau']
2026-09-17 00:47:34,038 - INFO -   Total combinations: 3
2026-09-17 00:47:34,038 - INFO -   Parallel jobs: 28
2026-09-17 00:47:34,038 - INFO -   Result key format: tau tuples (e.g., (1.0, 1.01))
2026-09-17 00:47:34,038 - INFO - ================================================================================
2026-09-17 00:47:34,038 - INFO - [resume] Starting with 3 pre-computed combo(s); they will be skipped.
2026-09-17 00:47:34,038 - INFO - [combination 1/12] 8.3% complete | ('known_functional_form', (1, 1.005)) | already saved; skipped | experiment elapsed 0.0s
2026-09-17 00:47:34,038 - INFO - [combination 2/12] 16.7% complete | ('known_functional_form', (1, 1.01)) | already saved; skipped | experiment elapsed 0.0s
2026-09-17 00:47:34,038 - INFO - [combination 3/12] 25.0% complete | ('known_functional_form', (1, 1.02)) | already saved; skipped | experiment elapsed 0.0s
2026-09-17 00:47:34,038 - INFO - ================================================================================
2026-09-17 00:47:34,038 - INFO - All 3 parameter combinations completed successfully
2026-09-17 00:47:34,038 - INFO - ================================================================================
2026-09-17 00:47:34,038 - INFO - [model 2/4] Running model: causal_forest_depth_2
2026-09-17 00:47:34,038 - INFO - ================================================================================
2026-09-17 00:47:34,038 - INFO - Parameter sweep configuration:
2026-09-17 00:47:34,038 - INFO -   Depths: [2]
2026-09-17 00:47:34,038 - INFO -   Sample sizes: ['2500']
2026-09-17 00:47:34,039 - INFO -   Treatment effects: [(1, 1.005), (1, 1.01), (1, 1.02)]
2026-09-17 00:47:34,039 - INFO -   Noise vars list length: 1
2026-09-17 00:47:34,039 - INFO -   Char func list: [None]
2026-09-17 00:47:34,039 - INFO -   Varying parameters: ['tau']
2026-09-17 00:47:34,039 - INFO -   Total combinations: 3
2026-09-17 00:47:34,039 - INFO -   Parallel jobs: 28
2026-09-17 00:47:34,039 - INFO -   Result key format: tau tuples (e.g., (1.0, 1.01))
2026-09-17 00:47:34,039 - INFO - ================================================================================
2026-09-17 00:47:34,039 - INFO - [resume] Starting with 3 pre-computed combo(s); they will be skipped.
2026-09-17 00:47:34,039 - INFO - [combination 4/12] START ('causal_forest_depth_2', (1, 1.005)) (25.0% complete)
2026-09-17 00:47:34,039 - INFO - ================================================================================
2026-09-17 00:47:34,039 - INFO - Combination parameters:
2026-09-17 00:47:34,039 - INFO -   max_depth = 2
2026-09-17 00:47:34,039 - INFO -   sample_size = 2500
2026-09-17 00:47:34,039 - INFO -   char_func = None
2026-09-17 00:47:34,039 - INFO -   tau = (1, 1.005)
2026-09-17 00:47:34,039 - INFO - ================================================================================
2026-09-17 00:47:34,039 - INFO - Running 1000 repetitions (n_jobs=28)
2026-09-17 00:47:34,040 - INFO - [Parallel(n_jobs=28)]: Using backend LokyBackend with 28 concurrent workers.
2026-09-17 00:51:03,611 - INFO - [Parallel(n_jobs=28)]: Done   5 tasks      | elapsed:  3.5min
2026-09-17 00:51:11,884 - INFO - [Parallel(n_jobs=28)]: Done  16 tasks      | elapsed:  3.6min
2026-09-17 00:54:26,636 - INFO - [Parallel(n_jobs=28)]: Done  29 tasks      | elapsed:  6.9min
2026-09-17 00:54:45,441 - INFO - [Parallel(n_jobs=28)]: Done  42 tasks      | elapsed:  7.2min
2026-09-17 00:57:50,676 - INFO - [Parallel(n_jobs=28)]: Done  57 tasks      | elapsed: 10.3min
2026-09-17 00:58:25,702 - INFO - [Parallel(n_jobs=28)]: Done  72 tasks      | elapsed: 10.9min
2026-09-17 01:01:36,892 - INFO - [Parallel(n_jobs=28)]: Done  89 tasks      | elapsed: 14.0min
2026-09-17 01:02:17,836 - INFO - [Parallel(n_jobs=28)]: Done 106 tasks      | elapsed: 14.7min
2026-09-17 01:05:23,780 - INFO - [Parallel(n_jobs=28)]: Done 125 tasks      | elapsed: 17.8min
2026-09-17 01:08:38,239 - INFO - [Parallel(n_jobs=28)]: Done 144 tasks      | elapsed: 21.1min
2026-09-17 01:09:35,307 - INFO - [Parallel(n_jobs=28)]: Done 165 tasks      | elapsed: 22.0min
2026-09-17 01:12:39,228 - INFO - [Parallel(n_jobs=28)]: Done 186 tasks      | elapsed: 25.1min
2026-09-17 01:16:00,948 - INFO - [Parallel(n_jobs=28)]: Done 209 tasks      | elapsed: 28.4min
2026-09-17 01:19:23,521 - INFO - [Parallel(n_jobs=28)]: Done 232 tasks      | elapsed: 31.8min
2026-09-17 01:22:49,293 - INFO - [Parallel(n_jobs=28)]: Done 257 tasks      | elapsed: 35.3min
2026-09-17 01:26:04,924 - INFO - [Parallel(n_jobs=28)]: Done 282 tasks      | elapsed: 38.5min
2026-09-17 01:29:25,268 - INFO - [Parallel(n_jobs=28)]: Done 309 tasks      | elapsed: 41.9min
2026-09-17 01:30:58,545 - INFO - [Parallel(n_jobs=28)]: Done 336 tasks      | elapsed: 43.4min
2026-09-17 01:36:15,105 - INFO - [Parallel(n_jobs=28)]: Done 365 tasks      | elapsed: 48.7min
2026-09-17 01:39:53,705 - INFO - [Parallel(n_jobs=28)]: Done 394 tasks      | elapsed: 52.3min
2026-09-17 01:43:56,882 - INFO - [Parallel(n_jobs=28)]: Done 425 tasks      | elapsed: 56.4min
2026-09-17 01:47:37,965 - INFO - [Parallel(n_jobs=28)]: Done 456 tasks      | elapsed: 60.1min
2026-09-17 01:51:26,304 - INFO - [Parallel(n_jobs=28)]: Done 489 tasks      | elapsed: 63.9min
2026-09-17 01:55:14,355 - INFO - [Parallel(n_jobs=28)]: Done 522 tasks      | elapsed: 67.7min
2026-09-17 01:59:13,265 - INFO - [Parallel(n_jobs=28)]: Done 557 tasks      | elapsed: 71.7min
2026-09-17 02:04:32,660 - INFO - [Parallel(n_jobs=28)]: Done 592 tasks      | elapsed: 77.0min
2026-09-17 02:09:08,696 - INFO - [Parallel(n_jobs=28)]: Done 629 tasks      | elapsed: 81.6min
2026-09-17 02:13:00,142 - INFO - [Parallel(n_jobs=28)]: Done 666 tasks      | elapsed: 85.4min
2026-09-17 02:18:55,461 - INFO - [Parallel(n_jobs=28)]: Done 705 tasks      | elapsed: 91.4min
2026-09-17 02:23:22,393 - INFO - [Parallel(n_jobs=28)]: Done 744 tasks      | elapsed: 95.8min
2026-09-17 02:28:51,200 - INFO - [Parallel(n_jobs=28)]: Done 785 tasks      | elapsed: 101.3min
2026-09-17 02:33:56,357 - INFO - [Parallel(n_jobs=28)]: Done 826 tasks      | elapsed: 106.4min
2026-09-17 02:39:11,990 - INFO - [Parallel(n_jobs=28)]: Done 869 tasks      | elapsed: 111.6min
2026-09-17 02:44:20,716 - INFO - [Parallel(n_jobs=28)]: Done 912 tasks      | elapsed: 116.8min
2026-09-17 02:54:07,216 - INFO - [Parallel(n_jobs=28)]: Done 1000 out of 1000 | elapsed: 126.6min finished
2026-09-17 02:54:07,452 - INFO - [checkpoint] Saved 4 combo(s) -> results/targeting_forest_moon_power_20260917_004734/results.pkl
2026-09-17 02:54:07,452 - INFO - [combination 4/12] 33.3% complete | ('causal_forest_depth_2', (1, 1.005)) | combination took 7593.4s | experiment elapsed 7593.4s
2026-09-17 02:54:07,452 - INFO - [combination 5/12] START ('causal_forest_depth_2', (1, 1.01)) (33.3% complete)
2026-09-17 02:54:07,452 - INFO - ================================================================================
2026-09-17 02:54:07,452 - INFO - Combination parameters:
2026-09-17 02:54:07,452 - INFO -   max_depth = 2
2026-09-17 02:54:07,452 - INFO -   sample_size = 2500
2026-09-17 02:54:07,452 - INFO -   char_func = None
2026-09-17 02:54:07,452 - INFO -   tau = (1, 1.01)
2026-09-17 02:54:07,452 - INFO - ================================================================================
2026-09-17 02:54:07,452 - INFO - Running 1000 repetitions (n_jobs=28)
2026-09-17 02:54:07,452 - INFO - [Parallel(n_jobs=28)]: Using backend LokyBackend with 28 concurrent workers.
2026-09-17 02:57:33,356 - INFO - [Parallel(n_jobs=28)]: Done   5 tasks      | elapsed:  3.4min
2026-09-17 02:57:41,136 - INFO - [Parallel(n_jobs=28)]: Done  16 tasks      | elapsed:  3.6min
2026-09-17 03:00:58,393 - INFO - [Parallel(n_jobs=28)]: Done  29 tasks      | elapsed:  6.8min
2026-09-17 03:01:10,902 - INFO - [Parallel(n_jobs=28)]: Done  42 tasks      | elapsed:  7.1min
2026-09-17 03:04:25,631 - INFO - [Parallel(n_jobs=28)]: Done  57 tasks      | elapsed: 10.3min
2026-09-17 03:04:43,258 - INFO - [Parallel(n_jobs=28)]: Done  72 tasks      | elapsed: 10.6min
2026-09-17 03:08:01,307 - INFO - [Parallel(n_jobs=28)]: Done  89 tasks      | elapsed: 13.9min
2026-09-17 03:08:19,256 - INFO - [Parallel(n_jobs=28)]: Done 106 tasks      | elapsed: 14.2min
2026-09-17 03:11:43,320 - INFO - [Parallel(n_jobs=28)]: Done 125 tasks      | elapsed: 17.6min
2026-09-17 03:14:55,801 - INFO - [Parallel(n_jobs=28)]: Done 144 tasks      | elapsed: 20.8min
2026-09-17 03:15:26,482 - INFO - [Parallel(n_jobs=28)]: Done 165 tasks      | elapsed: 21.3min
2026-09-17 03:18:51,400 - INFO - [Parallel(n_jobs=28)]: Done 186 tasks      | elapsed: 24.7min
2026-09-17 03:22:15,639 - INFO - [Parallel(n_jobs=28)]: Done 209 tasks      | elapsed: 28.1min
2026-09-17 03:25:37,073 - INFO - [Parallel(n_jobs=28)]: Done 232 tasks      | elapsed: 31.5min
2026-09-17 03:28:59,560 - INFO - [Parallel(n_jobs=28)]: Done 257 tasks      | elapsed: 34.9min
2026-09-17 03:32:20,175 - INFO - [Parallel(n_jobs=28)]: Done 282 tasks      | elapsed: 38.2min
2026-09-17 03:35:48,766 - INFO - [Parallel(n_jobs=28)]: Done 309 tasks      | elapsed: 41.7min
2026-09-17 03:36:45,710 - INFO - [Parallel(n_jobs=28)]: Done 336 tasks      | elapsed: 42.6min
2026-09-17 03:42:43,255 - INFO - [Parallel(n_jobs=28)]: Done 365 tasks      | elapsed: 48.6min
2026-09-17 03:46:14,985 - INFO - [Parallel(n_jobs=28)]: Done 394 tasks      | elapsed: 52.1min
2026-09-17 03:50:06,550 - INFO - [Parallel(n_jobs=28)]: Done 425 tasks      | elapsed: 56.0min
2026-09-17 03:53:51,836 - INFO - [Parallel(n_jobs=28)]: Done 456 tasks      | elapsed: 59.7min
2026-09-17 03:57:36,620 - INFO - [Parallel(n_jobs=28)]: Done 489 tasks      | elapsed: 63.5min
2026-09-17 04:01:13,165 - INFO - [Parallel(n_jobs=28)]: Done 522 tasks      | elapsed: 67.1min
2026-09-17 04:05:11,046 - INFO - [Parallel(n_jobs=28)]: Done 557 tasks      | elapsed: 71.1min
2026-09-17 04:07:21,262 - INFO - /home/iamsikun/research/winners-curse/.venv/lib/python3.13/site-packages/joblib/externals/loky/process_executor.py:782: UserWarning: A worker stopped while some jobs were given to the executor. This can be caused by a too short worker timeout or by a memory leak.
2026-09-17 04:07:21,262 - INFO -   warnings.warn(
2026-09-17 04:11:20,600 - INFO - [Parallel(n_jobs=28)]: Done 592 tasks      | elapsed: 77.2min
2026-09-17 04:15:28,675 - INFO - [Parallel(n_jobs=28)]: Done 629 tasks      | elapsed: 81.4min
2026-09-17 04:19:12,685 - INFO - [Parallel(n_jobs=28)]: Done 666 tasks      | elapsed: 85.1min
2026-09-17 04:25:52,721 - INFO - [Parallel(n_jobs=28)]: Done 705 tasks      | elapsed: 91.8min
2026-09-17 04:29:49,862 - INFO - [Parallel(n_jobs=28)]: Done 744 tasks      | elapsed: 95.7min
2026-09-17 04:35:48,350 - INFO - [Parallel(n_jobs=28)]: Done 785 tasks      | elapsed: 101.7min
2026-09-17 04:40:34,090 - INFO - [Parallel(n_jobs=28)]: Done 826 tasks      | elapsed: 106.4min
2026-09-17 04:46:15,969 - INFO - [Parallel(n_jobs=28)]: Done 869 tasks      | elapsed: 112.1min
2026-09-17 04:51:26,857 - INFO - [Parallel(n_jobs=28)]: Done 912 tasks      | elapsed: 117.3min
2026-09-17 05:01:23,384 - INFO - [Parallel(n_jobs=28)]: Done 1000 out of 1000 | elapsed: 127.3min finished
2026-09-17 05:01:23,664 - INFO - [checkpoint] Saved 5 combo(s) -> results/targeting_forest_moon_power_20260917_004734/results.pkl
2026-09-17 05:01:23,665 - INFO - [combination 5/12] 41.7% complete | ('causal_forest_depth_2', (1, 1.01)) | combination took 7620.6s | experiment elapsed 15214.0s
2026-09-17 05:01:23,665 - INFO - [combination 6/12] START ('causal_forest_depth_2', (1, 1.02)) (41.7% complete)
2026-09-17 05:01:23,665 - INFO - ================================================================================
2026-09-17 05:01:23,665 - INFO - Combination parameters:
2026-09-17 05:01:23,665 - INFO -   max_depth = 2
2026-09-17 05:01:23,665 - INFO -   sample_size = 2500
2026-09-17 05:01:23,665 - INFO -   char_func = None
2026-09-17 05:01:23,665 - INFO -   tau = (1, 1.02)
2026-09-17 05:01:23,665 - INFO - ================================================================================
2026-09-17 05:01:23,665 - INFO - Running 1000 repetitions (n_jobs=28)
2026-09-17 05:01:23,665 - INFO - [Parallel(n_jobs=28)]: Using backend LokyBackend with 28 concurrent workers.
2026-09-17 05:04:56,309 - INFO - [Parallel(n_jobs=28)]: Done   5 tasks      | elapsed:  3.5min
2026-09-17 05:05:01,132 - INFO - [Parallel(n_jobs=28)]: Done  16 tasks      | elapsed:  3.6min
2026-09-17 05:08:20,475 - INFO - [Parallel(n_jobs=28)]: Done  29 tasks      | elapsed:  6.9min
2026-09-17 05:08:36,857 - INFO - [Parallel(n_jobs=28)]: Done  42 tasks      | elapsed:  7.2min
2026-09-17 05:11:47,711 - INFO - [Parallel(n_jobs=28)]: Done  57 tasks      | elapsed: 10.4min
2026-09-17 05:12:15,787 - INFO - [Parallel(n_jobs=28)]: Done  72 tasks      | elapsed: 10.9min
2026-09-17 05:15:31,918 - INFO - [Parallel(n_jobs=28)]: Done  89 tasks      | elapsed: 14.1min
2026-09-17 05:15:58,729 - INFO - [Parallel(n_jobs=28)]: Done 106 tasks      | elapsed: 14.6min
2026-09-17 05:19:23,305 - INFO - [Parallel(n_jobs=28)]: Done 125 tasks      | elapsed: 18.0min
2026-09-17 05:22:36,571 - INFO - [Parallel(n_jobs=28)]: Done 144 tasks      | elapsed: 21.2min
2026-09-17 05:23:15,529 - INFO - [Parallel(n_jobs=28)]: Done 165 tasks      | elapsed: 21.9min
2026-09-17 05:26:41,024 - INFO - [Parallel(n_jobs=28)]: Done 186 tasks      | elapsed: 25.3min
2026-09-17 05:30:09,192 - INFO - [Parallel(n_jobs=28)]: Done 209 tasks      | elapsed: 28.8min
2026-09-17 05:33:34,450 - INFO - [Parallel(n_jobs=28)]: Done 232 tasks      | elapsed: 32.2min
2026-09-17 05:36:52,717 - INFO - [Parallel(n_jobs=28)]: Done 257 tasks      | elapsed: 35.5min
2026-09-17 05:40:10,524 - INFO - [Parallel(n_jobs=28)]: Done 282 tasks      | elapsed: 38.8min
2026-09-17 05:43:40,221 - INFO - [Parallel(n_jobs=28)]: Done 309 tasks      | elapsed: 42.3min
2026-09-17 05:45:10,434 - INFO - [Parallel(n_jobs=28)]: Done 336 tasks      | elapsed: 43.8min
2026-09-17 05:50:38,969 - INFO - [Parallel(n_jobs=28)]: Done 365 tasks      | elapsed: 49.3min
2026-09-17 05:54:20,968 - INFO - [Parallel(n_jobs=28)]: Done 394 tasks      | elapsed: 53.0min
2026-09-17 05:58:15,988 - INFO - [Parallel(n_jobs=28)]: Done 425 tasks      | elapsed: 56.9min
2026-09-17 06:01:55,374 - INFO - [Parallel(n_jobs=28)]: Done 456 tasks      | elapsed: 60.5min
2026-09-17 06:05:50,557 - INFO - [Parallel(n_jobs=28)]: Done 489 tasks      | elapsed: 64.4min
2026-09-17 06:09:53,212 - INFO - [Parallel(n_jobs=28)]: Done 522 tasks      | elapsed: 68.5min
2026-09-17 06:13:46,323 - INFO - [Parallel(n_jobs=28)]: Done 557 tasks      | elapsed: 72.4min
2026-09-17 06:19:27,915 - INFO - [Parallel(n_jobs=28)]: Done 592 tasks      | elapsed: 78.1min
2026-09-17 06:23:44,323 - INFO - [Parallel(n_jobs=28)]: Done 629 tasks      | elapsed: 82.3min
2026-09-17 06:27:46,802 - INFO - [Parallel(n_jobs=28)]: Done 666 tasks      | elapsed: 86.4min
2026-09-17 06:33:51,927 - INFO - [Parallel(n_jobs=28)]: Done 705 tasks      | elapsed: 92.5min
2026-09-17 06:38:09,549 - INFO - [Parallel(n_jobs=28)]: Done 744 tasks      | elapsed: 96.8min
2026-09-17 06:43:59,856 - INFO - [Parallel(n_jobs=28)]: Done 785 tasks      | elapsed: 102.6min
2026-09-17 06:48:43,888 - INFO - [Parallel(n_jobs=28)]: Done 826 tasks      | elapsed: 107.3min
2026-09-17 06:54:28,409 - INFO - [Parallel(n_jobs=28)]: Done 869 tasks      | elapsed: 113.1min
2026-09-17 06:59:40,352 - INFO - [Parallel(n_jobs=28)]: Done 912 tasks      | elapsed: 118.3min
2026-09-17 07:09:33,796 - INFO - [Parallel(n_jobs=28)]: Done 1000 out of 1000 | elapsed: 128.2min finished
2026-09-17 07:09:34,082 - INFO - [checkpoint] Saved 6 combo(s) -> results/targeting_forest_moon_power_20260917_004734/results.pkl
2026-09-17 07:09:34,082 - INFO - [combination 6/12] 50.0% complete | ('causal_forest_depth_2', (1, 1.02)) | combination took 7547.5s | experiment elapsed 22761.5s
2026-09-17 07:09:34,082 - INFO - ================================================================================
2026-09-17 07:09:34,082 - INFO - All 3 parameter combinations completed successfully
2026-09-17 07:09:34,082 - INFO - ================================================================================
2026-09-17 07:09:34,085 - INFO - [model 3/4] Running model: causal_forest_depth_5
2026-09-17 07:09:34,085 - INFO - ================================================================================
2026-09-17 07:09:34,085 - INFO - Parameter sweep configuration:
2026-09-17 07:09:34,085 - INFO -   Depths: [5]
2026-09-17 07:09:34,085 - INFO -   Sample sizes: ['2500']
2026-09-17 07:09:34,085 - INFO -   Treatment effects: [(1, 1.005), (1, 1.01), (1, 1.02)]
2026-09-17 07:09:34,085 - INFO -   Noise vars list length: 1
2026-09-17 07:09:34,085 - INFO -   Char func list: [None]
2026-09-17 07:09:34,085 - INFO -   Varying parameters: ['tau']
2026-09-17 07:09:34,085 - INFO -   Total combinations: 3
2026-09-17 07:09:34,085 - INFO -   Parallel jobs: 28
2026-09-17 07:09:34,085 - INFO -   Result key format: tau tuples (e.g., (1.0, 1.01))
2026-09-17 07:09:34,085 - INFO - ================================================================================
2026-09-17 07:09:34,085 - INFO - [resume] Starting with 6 pre-computed combo(s); they will be skipped.
2026-09-17 07:09:34,085 - INFO - [combination 7/12] START ('causal_forest_depth_5', (1, 1.005)) (50.0% complete)
2026-09-17 07:09:34,085 - INFO - ================================================================================
2026-09-17 07:09:34,085 - INFO - Combination parameters:
2026-09-17 07:09:34,085 - INFO -   max_depth = 5
2026-09-17 07:09:34,085 - INFO -   sample_size = 2500
2026-09-17 07:09:34,085 - INFO -   char_func = None
2026-09-17 07:09:34,085 - INFO -   tau = (1, 1.005)
2026-09-17 07:09:34,085 - INFO - ================================================================================
2026-09-17 07:09:34,085 - INFO - Running 1000 repetitions (n_jobs=28)
2026-09-17 07:09:34,086 - INFO - [Parallel(n_jobs=28)]: Using backend LokyBackend with 28 concurrent workers.
2026-09-17 07:14:07,888 - INFO - [Parallel(n_jobs=28)]: Done   5 tasks      | elapsed:  4.6min
2026-09-17 07:14:15,007 - INFO - [Parallel(n_jobs=28)]: Done  16 tasks      | elapsed:  4.7min
2026-09-17 07:18:34,885 - INFO - [Parallel(n_jobs=28)]: Done  29 tasks      | elapsed:  9.0min
2026-09-17 07:18:55,207 - INFO - [Parallel(n_jobs=28)]: Done  42 tasks      | elapsed:  9.4min
2026-09-17 07:23:02,707 - INFO - [Parallel(n_jobs=28)]: Done  57 tasks      | elapsed: 13.5min
2026-09-17 07:23:39,774 - INFO - [Parallel(n_jobs=28)]: Done  72 tasks      | elapsed: 14.1min
2026-09-17 07:27:56,925 - INFO - [Parallel(n_jobs=28)]: Done  89 tasks      | elapsed: 18.4min
2026-09-17 07:28:27,335 - INFO - [Parallel(n_jobs=28)]: Done 106 tasks      | elapsed: 18.9min
2026-09-17 07:32:53,861 - INFO - [Parallel(n_jobs=28)]: Done 125 tasks      | elapsed: 23.3min
2026-09-17 07:37:11,452 - INFO - [Parallel(n_jobs=28)]: Done 144 tasks      | elapsed: 27.6min
2026-09-17 07:37:55,001 - INFO - [Parallel(n_jobs=28)]: Done 165 tasks      | elapsed: 28.3min
2026-09-17 07:42:22,619 - INFO - [Parallel(n_jobs=28)]: Done 186 tasks      | elapsed: 32.8min
2026-09-17 07:46:55,861 - INFO - [Parallel(n_jobs=28)]: Done 209 tasks      | elapsed: 37.4min
2026-09-17 07:51:17,803 - INFO - [Parallel(n_jobs=28)]: Done 232 tasks      | elapsed: 41.7min
2026-09-17 07:55:47,334 - INFO - [Parallel(n_jobs=28)]: Done 257 tasks      | elapsed: 46.2min
2026-09-17 07:59:56,752 - INFO - [Parallel(n_jobs=28)]: Done 282 tasks      | elapsed: 50.4min
2026-09-17 08:04:20,686 - INFO - [Parallel(n_jobs=28)]: Done 309 tasks      | elapsed: 54.8min
2026-09-17 08:06:12,133 - INFO - [Parallel(n_jobs=28)]: Done 336 tasks      | elapsed: 56.6min
2026-09-17 08:13:37,564 - INFO - [Parallel(n_jobs=28)]: Done 365 tasks      | elapsed: 64.1min
2026-09-17 08:18:30,948 - INFO - [Parallel(n_jobs=28)]: Done 394 tasks      | elapsed: 68.9min
2026-09-17 08:23:21,170 - INFO - [Parallel(n_jobs=28)]: Done 425 tasks      | elapsed: 73.8min
2026-09-17 08:28:37,419 - INFO - [Parallel(n_jobs=28)]: Done 456 tasks      | elapsed: 79.1min
2026-09-17 08:33:37,793 - INFO - [Parallel(n_jobs=28)]: Done 489 tasks      | elapsed: 84.1min
2026-09-17 08:38:27,868 - INFO - [Parallel(n_jobs=28)]: Done 522 tasks      | elapsed: 88.9min
2026-09-17 08:43:32,436 - INFO - [Parallel(n_jobs=28)]: Done 557 tasks      | elapsed: 94.0min
2026-09-17 08:50:58,884 - INFO - [Parallel(n_jobs=28)]: Done 592 tasks      | elapsed: 101.4min
2026-09-17 08:56:51,777 - INFO - [Parallel(n_jobs=28)]: Done 629 tasks      | elapsed: 107.3min
2026-09-17 09:01:54,711 - INFO - [Parallel(n_jobs=28)]: Done 666 tasks      | elapsed: 112.3min
2026-09-17 09:09:50,485 - INFO - [Parallel(n_jobs=28)]: Done 705 tasks      | elapsed: 120.3min
2026-09-17 09:15:37,647 - INFO - [Parallel(n_jobs=28)]: Done 744 tasks      | elapsed: 126.1min
2026-09-17 09:22:45,630 - INFO - [Parallel(n_jobs=28)]: Done 785 tasks      | elapsed: 133.2min
2026-09-17 09:29:18,940 - INFO - [Parallel(n_jobs=28)]: Done 826 tasks      | elapsed: 139.7min
2026-09-17 09:36:46,867 - INFO - [Parallel(n_jobs=28)]: Done 869 tasks      | elapsed: 147.2min
2026-09-17 09:43:30,177 - INFO - [Parallel(n_jobs=28)]: Done 912 tasks      | elapsed: 153.9min
2026-09-17 09:56:28,811 - INFO - [Parallel(n_jobs=28)]: Done 1000 out of 1000 | elapsed: 166.9min finished
2026-09-17 09:56:29,132 - INFO - [checkpoint] Saved 7 combo(s) -> results/targeting_forest_moon_power_20260917_004734/results.pkl
2026-09-17 09:56:29,132 - INFO - [combination 7/12] 58.3% complete | ('causal_forest_depth_5', (1, 1.005)) | combination took 9753.5s | experiment elapsed 32515.0s
2026-09-17 09:56:29,132 - INFO - [combination 8/12] START ('causal_forest_depth_5', (1, 1.01)) (58.3% complete)
2026-09-17 09:56:29,132 - INFO - ================================================================================
2026-09-17 09:56:29,132 - INFO - Combination parameters:
2026-09-17 09:56:29,132 - INFO -   max_depth = 5
2026-09-17 09:56:29,132 - INFO -   sample_size = 2500
2026-09-17 09:56:29,132 - INFO -   char_func = None
2026-09-17 09:56:29,132 - INFO -   tau = (1, 1.01)
2026-09-17 09:56:29,132 - INFO - ================================================================================
2026-09-17 09:56:29,132 - INFO - Running 1000 repetitions (n_jobs=28)
2026-09-17 09:56:29,132 - INFO - [Parallel(n_jobs=28)]: Using backend LokyBackend with 28 concurrent workers.
2026-09-17 10:01:03,131 - INFO - [Parallel(n_jobs=28)]: Done   5 tasks      | elapsed:  4.6min
2026-09-17 10:01:10,663 - INFO - [Parallel(n_jobs=28)]: Done  16 tasks      | elapsed:  4.7min
2026-09-17 10:05:29,130 - INFO - [Parallel(n_jobs=28)]: Done  29 tasks      | elapsed:  9.0min
2026-09-17 10:05:50,425 - INFO - [Parallel(n_jobs=28)]: Done  42 tasks      | elapsed:  9.4min
2026-09-17 10:10:00,615 - INFO - [Parallel(n_jobs=28)]: Done  57 tasks      | elapsed: 13.5min
2026-09-17 10:10:31,337 - INFO - [Parallel(n_jobs=28)]: Done  72 tasks      | elapsed: 14.0min
2026-09-17 10:14:59,644 - INFO - [Parallel(n_jobs=28)]: Done  89 tasks      | elapsed: 18.5min
2026-09-17 10:15:17,591 - INFO - [Parallel(n_jobs=28)]: Done 106 tasks      | elapsed: 18.8min
2026-09-17 10:19:50,025 - INFO - [Parallel(n_jobs=28)]: Done 125 tasks      | elapsed: 23.3min
2026-09-17 10:24:08,741 - INFO - [Parallel(n_jobs=28)]: Done 144 tasks      | elapsed: 27.7min
2026-09-17 10:24:52,654 - INFO - [Parallel(n_jobs=28)]: Done 165 tasks      | elapsed: 28.4min
2026-09-17 10:29:14,241 - INFO - [Parallel(n_jobs=28)]: Done 186 tasks      | elapsed: 32.8min
2026-09-17 10:33:47,640 - INFO - [Parallel(n_jobs=28)]: Done 209 tasks      | elapsed: 37.3min
2026-09-17 10:38:15,226 - INFO - [Parallel(n_jobs=28)]: Done 232 tasks      | elapsed: 41.8min
2026-09-17 10:42:42,604 - INFO - [Parallel(n_jobs=28)]: Done 257 tasks      | elapsed: 46.2min
2026-09-17 10:47:12,417 - INFO - [Parallel(n_jobs=28)]: Done 282 tasks      | elapsed: 50.7min
2026-09-17 10:51:45,738 - INFO - [Parallel(n_jobs=28)]: Done 309 tasks      | elapsed: 55.3min
2026-09-17 10:53:17,831 - INFO - [Parallel(n_jobs=28)]: Done 336 tasks      | elapsed: 56.8min
2026-09-17 11:00:44,282 - INFO - [Parallel(n_jobs=28)]: Done 365 tasks      | elapsed: 64.3min
2026-09-17 11:05:46,548 - INFO - [Parallel(n_jobs=28)]: Done 394 tasks      | elapsed: 69.3min
2026-09-17 11:10:37,883 - INFO - [Parallel(n_jobs=28)]: Done 425 tasks      | elapsed: 74.1min
2026-09-17 11:15:20,737 - INFO - [Parallel(n_jobs=28)]: Done 456 tasks      | elapsed: 78.9min
2026-09-17 11:20:24,695 - INFO - [Parallel(n_jobs=28)]: Done 489 tasks      | elapsed: 83.9min
2026-09-17 11:25:20,434 - INFO - [Parallel(n_jobs=28)]: Done 522 tasks      | elapsed: 88.9min
2026-09-17 11:30:22,863 - INFO - [Parallel(n_jobs=28)]: Done 557 tasks      | elapsed: 93.9min
2026-09-17 11:38:33,601 - INFO - [Parallel(n_jobs=28)]: Done 592 tasks      | elapsed: 102.1min
2026-09-17 11:43:31,457 - INFO - [Parallel(n_jobs=28)]: Done 629 tasks      | elapsed: 107.0min
2026-09-17 11:48:57,314 - INFO - [Parallel(n_jobs=28)]: Done 666 tasks      | elapsed: 112.5min
2026-09-17 11:57:07,058 - INFO - [Parallel(n_jobs=28)]: Done 705 tasks      | elapsed: 120.6min
2026-09-17 12:02:19,783 - INFO - [Parallel(n_jobs=28)]: Done 744 tasks      | elapsed: 125.8min
2026-09-17 12:10:11,955 - INFO - [Parallel(n_jobs=28)]: Done 785 tasks      | elapsed: 133.7min
2026-09-17 12:16:11,946 - INFO - [Parallel(n_jobs=28)]: Done 826 tasks      | elapsed: 139.7min
2026-09-17 12:24:04,898 - INFO - [Parallel(n_jobs=28)]: Done 869 tasks      | elapsed: 147.6min
2026-09-17 12:30:21,730 - INFO - [Parallel(n_jobs=28)]: Done 912 tasks      | elapsed: 153.9min
2026-09-17 12:43:28,848 - INFO - [Parallel(n_jobs=28)]: Done 1000 out of 1000 | elapsed: 167.0min finished
2026-09-17 12:43:29,206 - INFO - [checkpoint] Saved 8 combo(s) -> results/targeting_forest_moon_power_20260917_004734/results.pkl
2026-09-17 12:43:29,206 - INFO - [combination 8/12] 66.7% complete | ('causal_forest_depth_5', (1, 1.01)) | combination took 9701.9s | experiment elapsed 42216.9s
2026-09-17 12:43:29,206 - INFO - [combination 9/12] START ('causal_forest_depth_5', (1, 1.02)) (66.7% complete)
2026-09-17 12:43:29,206 - INFO - ================================================================================
2026-09-17 12:43:29,206 - INFO - Combination parameters:
2026-09-17 12:43:29,206 - INFO -   max_depth = 5
2026-09-17 12:43:29,207 - INFO -   sample_size = 2500
2026-09-17 12:43:29,207 - INFO -   char_func = None
2026-09-17 12:43:29,207 - INFO -   tau = (1, 1.02)
2026-09-17 12:43:29,207 - INFO - ================================================================================
2026-09-17 12:43:29,207 - INFO - Running 1000 repetitions (n_jobs=28)
2026-09-17 12:43:29,207 - INFO - [Parallel(n_jobs=28)]: Using backend LokyBackend with 28 concurrent workers.
2026-09-17 12:48:02,345 - INFO - [Parallel(n_jobs=28)]: Done   5 tasks      | elapsed:  4.6min
2026-09-17 12:48:11,129 - INFO - [Parallel(n_jobs=28)]: Done  16 tasks      | elapsed:  4.7min
2026-09-17 12:52:27,636 - INFO - [Parallel(n_jobs=28)]: Done  29 tasks      | elapsed:  9.0min
2026-09-17 12:52:51,179 - INFO - [Parallel(n_jobs=28)]: Done  42 tasks      | elapsed:  9.4min
2026-09-17 12:57:00,144 - INFO - [Parallel(n_jobs=28)]: Done  57 tasks      | elapsed: 13.5min
2026-09-17 12:57:35,114 - INFO - [Parallel(n_jobs=28)]: Done  72 tasks      | elapsed: 14.1min
2026-09-17 13:01:52,299 - INFO - [Parallel(n_jobs=28)]: Done  89 tasks      | elapsed: 18.4min
2026-09-17 13:02:21,783 - INFO - [Parallel(n_jobs=28)]: Done 106 tasks      | elapsed: 18.9min
2026-09-17 13:06:49,025 - INFO - [Parallel(n_jobs=28)]: Done 125 tasks      | elapsed: 23.3min
2026-09-17 13:11:03,954 - INFO - [Parallel(n_jobs=28)]: Done 144 tasks      | elapsed: 27.6min
2026-09-17 13:11:49,919 - INFO - [Parallel(n_jobs=28)]: Done 165 tasks      | elapsed: 28.3min
2026-09-17 13:16:18,407 - INFO - [Parallel(n_jobs=28)]: Done 186 tasks      | elapsed: 32.8min
2026-09-17 13:20:47,635 - INFO - [Parallel(n_jobs=28)]: Done 209 tasks      | elapsed: 37.3min
2026-09-17 13:25:12,878 - INFO - [Parallel(n_jobs=28)]: Done 232 tasks      | elapsed: 41.7min
2026-09-17 13:29:44,565 - INFO - [Parallel(n_jobs=28)]: Done 257 tasks      | elapsed: 46.3min
2026-09-17 13:33:54,067 - INFO - [Parallel(n_jobs=28)]: Done 282 tasks      | elapsed: 50.4min
2026-09-17 13:37:50,894 - INFO - [Parallel(n_jobs=28)]: Done 309 tasks      | elapsed: 54.4min
2026-09-17 13:40:14,328 - INFO - [Parallel(n_jobs=28)]: Done 336 tasks      | elapsed: 56.8min
2026-09-17 13:47:14,999 - INFO - [Parallel(n_jobs=28)]: Done 365 tasks      | elapsed: 63.8min
2026-09-17 13:52:35,684 - INFO - [Parallel(n_jobs=28)]: Done 394 tasks      | elapsed: 69.1min
2026-09-17 13:57:24,937 - INFO - [Parallel(n_jobs=28)]: Done 425 tasks      | elapsed: 73.9min
2026-09-17 14:02:14,525 - INFO - [Parallel(n_jobs=28)]: Done 456 tasks      | elapsed: 78.8min
2026-09-17 14:07:19,482 - INFO - [Parallel(n_jobs=28)]: Done 489 tasks      | elapsed: 83.8min
2026-09-17 14:12:24,050 - INFO - [Parallel(n_jobs=28)]: Done 522 tasks      | elapsed: 88.9min
2026-09-17 14:17:28,208 - INFO - [Parallel(n_jobs=28)]: Done 557 tasks      | elapsed: 94.0min
2026-09-17 14:25:34,135 - INFO - [Parallel(n_jobs=28)]: Done 592 tasks      | elapsed: 102.1min
2026-09-17 14:30:45,634 - INFO - [Parallel(n_jobs=28)]: Done 629 tasks      | elapsed: 107.3min
2026-09-17 14:35:54,608 - INFO - [Parallel(n_jobs=28)]: Done 666 tasks      | elapsed: 112.4min
2026-09-17 14:44:08,078 - INFO - [Parallel(n_jobs=28)]: Done 705 tasks      | elapsed: 120.6min
2026-09-17 14:49:38,568 - INFO - [Parallel(n_jobs=28)]: Done 744 tasks      | elapsed: 126.2min
2026-09-17 14:57:14,722 - INFO - [Parallel(n_jobs=28)]: Done 785 tasks      | elapsed: 133.8min
2026-09-17 15:03:55,536 - INFO - [Parallel(n_jobs=28)]: Done 826 tasks      | elapsed: 140.4min
2026-09-17 15:11:17,308 - INFO - [Parallel(n_jobs=28)]: Done 869 tasks      | elapsed: 147.8min
2026-09-17 15:18:12,838 - INFO - [Parallel(n_jobs=28)]: Done 912 tasks      | elapsed: 154.7min
2026-09-17 15:31:20,026 - INFO - [Parallel(n_jobs=28)]: Done 1000 out of 1000 | elapsed: 167.8min finished
2026-09-17 15:31:20,438 - INFO - [checkpoint] Saved 9 combo(s) -> results/targeting_forest_moon_power_20260917_004734/results.pkl
2026-09-17 15:31:20,438 - INFO - [combination 9/12] 75.0% complete | ('causal_forest_depth_5', (1, 1.02)) | combination took 9689.8s | experiment elapsed 51906.6s
2026-09-17 15:31:20,438 - INFO - ================================================================================
2026-09-17 15:31:20,438 - INFO - All 3 parameter combinations completed successfully
2026-09-17 15:31:20,438 - INFO - ================================================================================
2026-09-17 15:31:20,440 - INFO - [model 4/4] Running model: causal_forest_depth_10
2026-09-17 15:31:20,440 - INFO - ================================================================================
2026-09-17 15:31:20,440 - INFO - Parameter sweep configuration:
2026-09-17 15:31:20,440 - INFO -   Depths: [10]
2026-09-17 15:31:20,440 - INFO -   Sample sizes: ['2500']
2026-09-17 15:31:20,440 - INFO -   Treatment effects: [(1, 1.005), (1, 1.01), (1, 1.02)]
2026-09-17 15:31:20,440 - INFO -   Noise vars list length: 1
2026-09-17 15:31:20,440 - INFO -   Char func list: [None]
2026-09-17 15:31:20,440 - INFO -   Varying parameters: ['tau']
2026-09-17 15:31:20,440 - INFO -   Total combinations: 3
2026-09-17 15:31:20,440 - INFO -   Parallel jobs: 28
2026-09-17 15:31:20,440 - INFO -   Result key format: tau tuples (e.g., (1.0, 1.01))
2026-09-17 15:31:20,440 - INFO - ================================================================================
2026-09-17 15:31:20,440 - INFO - [resume] Starting with 9 pre-computed combo(s); they will be skipped.
2026-09-17 15:31:20,441 - INFO - [combination 10/12] START ('causal_forest_depth_10', (1, 1.005)) (75.0% complete)
2026-09-17 15:31:20,441 - INFO - ================================================================================
2026-09-17 15:31:20,441 - INFO - Combination parameters:
2026-09-17 15:31:20,441 - INFO -   max_depth = 10
2026-09-17 15:31:20,441 - INFO -   sample_size = 2500
2026-09-17 15:31:20,441 - INFO -   char_func = None
2026-09-17 15:31:20,441 - INFO -   tau = (1, 1.005)
2026-09-17 15:31:20,441 - INFO - ================================================================================
2026-09-17 15:31:20,441 - INFO - Running 1000 repetitions (n_jobs=28)
2026-09-17 15:31:20,441 - INFO - [Parallel(n_jobs=28)]: Using backend LokyBackend with 28 concurrent workers.
2026-09-17 15:37:12,731 - INFO - [Parallel(n_jobs=28)]: Done   5 tasks      | elapsed:  5.9min
2026-09-17 15:37:21,676 - INFO - [Parallel(n_jobs=28)]: Done  16 tasks      | elapsed:  6.0min
2026-09-17 15:43:01,659 - INFO - [Parallel(n_jobs=28)]: Done  29 tasks      | elapsed: 11.7min
2026-09-17 15:43:21,474 - INFO - [Parallel(n_jobs=28)]: Done  42 tasks      | elapsed: 12.0min
2026-09-17 15:48:56,118 - INFO - [Parallel(n_jobs=28)]: Done  57 tasks      | elapsed: 17.6min
2026-09-17 15:49:28,140 - INFO - [Parallel(n_jobs=28)]: Done  72 tasks      | elapsed: 18.1min
2026-09-17 15:55:09,730 - INFO - [Parallel(n_jobs=28)]: Done  89 tasks      | elapsed: 23.8min
2026-09-17 15:55:38,498 - INFO - [Parallel(n_jobs=28)]: Done 106 tasks      | elapsed: 24.3min
2026-09-17 16:01:22,449 - INFO - [Parallel(n_jobs=28)]: Done 125 tasks      | elapsed: 30.0min
2026-09-17 16:07:06,684 - INFO - [Parallel(n_jobs=28)]: Done 144 tasks      | elapsed: 35.8min
2026-09-17 16:07:45,763 - INFO - [Parallel(n_jobs=28)]: Done 165 tasks      | elapsed: 36.4min
2026-09-17 16:13:40,097 - INFO - [Parallel(n_jobs=28)]: Done 186 tasks      | elapsed: 42.3min
2026-09-17 16:19:26,183 - INFO - [Parallel(n_jobs=28)]: Done 209 tasks      | elapsed: 48.1min
2026-09-17 16:25:05,181 - INFO - [Parallel(n_jobs=28)]: Done 232 tasks      | elapsed: 53.7min
2026-09-17 16:30:59,091 - INFO - [Parallel(n_jobs=28)]: Done 257 tasks      | elapsed: 59.6min
2026-09-17 16:36:57,617 - INFO - [Parallel(n_jobs=28)]: Done 282 tasks      | elapsed: 65.6min
2026-09-17 16:42:37,230 - INFO - [Parallel(n_jobs=28)]: Done 309 tasks      | elapsed: 71.3min
2026-09-17 16:44:25,601 - INFO - [Parallel(n_jobs=28)]: Done 336 tasks      | elapsed: 73.1min
2026-09-17 16:54:33,189 - INFO - [Parallel(n_jobs=28)]: Done 365 tasks      | elapsed: 83.2min
2026-09-17 17:00:38,406 - INFO - [Parallel(n_jobs=28)]: Done 394 tasks      | elapsed: 89.3min
2026-09-17 17:07:04,215 - INFO - [Parallel(n_jobs=28)]: Done 425 tasks      | elapsed: 95.7min
2026-09-17 17:13:23,199 - INFO - [Parallel(n_jobs=28)]: Done 456 tasks      | elapsed: 102.0min
2026-09-17 17:19:53,974 - INFO - [Parallel(n_jobs=28)]: Done 489 tasks      | elapsed: 108.6min
2026-09-17 17:26:25,175 - INFO - [Parallel(n_jobs=28)]: Done 522 tasks      | elapsed: 115.1min
2026-09-17 17:33:06,677 - INFO - [Parallel(n_jobs=28)]: Done 557 tasks      | elapsed: 121.8min
2026-09-17 17:43:11,539 - INFO - [Parallel(n_jobs=28)]: Done 592 tasks      | elapsed: 131.9min
2026-09-17 17:51:06,310 - INFO - [Parallel(n_jobs=28)]: Done 629 tasks      | elapsed: 139.8min
2026-09-17 17:58:18,236 - INFO - [Parallel(n_jobs=28)]: Done 666 tasks      | elapsed: 147.0min
2026-09-17 18:08:27,276 - INFO - [Parallel(n_jobs=28)]: Done 705 tasks      | elapsed: 157.1min
2026-09-17 18:15:40,542 - INFO - [Parallel(n_jobs=28)]: Done 744 tasks      | elapsed: 164.3min
2026-09-17 18:25:34,837 - INFO - [Parallel(n_jobs=28)]: Done 785 tasks      | elapsed: 174.2min
2026-09-17 18:33:44,099 - INFO - [Parallel(n_jobs=28)]: Done 826 tasks      | elapsed: 182.4min
2026-09-17 18:43:50,053 - INFO - [Parallel(n_jobs=28)]: Done 869 tasks      | elapsed: 192.5min
2026-09-17 18:51:43,516 - INFO - [Parallel(n_jobs=28)]: Done 912 tasks      | elapsed: 200.4min
2026-09-17 19:09:00,301 - INFO - [Parallel(n_jobs=28)]: Done 1000 out of 1000 | elapsed: 217.7min finished
2026-09-17 19:09:02,762 - INFO - [checkpoint] Saved 10 combo(s) -> results/targeting_forest_moon_power_20260917_004734/results.pkl
2026-09-17 19:09:02,763 - INFO - [combination 10/12] 83.3% complete | ('causal_forest_depth_10', (1, 1.005)) | combination took 12412.5s | experiment elapsed 64319.2s
2026-09-17 19:09:02,763 - INFO - [combination 11/12] START ('causal_forest_depth_10', (1, 1.01)) (83.3% complete)
2026-09-17 19:09:02,763 - INFO - ================================================================================
2026-09-17 19:09:02,763 - INFO - Combination parameters:
2026-09-17 19:09:02,763 - INFO -   max_depth = 10
2026-09-17 19:09:02,763 - INFO -   sample_size = 2500
2026-09-17 19:09:02,763 - INFO -   char_func = None
2026-09-17 19:09:02,763 - INFO -   tau = (1, 1.01)
2026-09-17 19:09:02,763 - INFO - ================================================================================
2026-09-17 19:09:02,763 - INFO - Running 1000 repetitions (n_jobs=28)
2026-09-17 19:09:02,765 - INFO - [Parallel(n_jobs=28)]: Using backend LokyBackend with 28 concurrent workers.
2026-09-17 19:14:59,131 - INFO - [Parallel(n_jobs=28)]: Done   5 tasks      | elapsed:  5.9min
2026-09-17 19:15:12,619 - INFO - [Parallel(n_jobs=28)]: Done  16 tasks      | elapsed:  6.2min
2026-09-17 19:20:44,347 - INFO - [Parallel(n_jobs=28)]: Done  29 tasks      | elapsed: 11.7min
2026-09-17 19:21:15,529 - INFO - [Parallel(n_jobs=28)]: Done  42 tasks      | elapsed: 12.2min
2026-09-17 19:26:39,333 - INFO - [Parallel(n_jobs=28)]: Done  57 tasks      | elapsed: 17.6min
2026-09-17 19:27:28,944 - INFO - [Parallel(n_jobs=28)]: Done  72 tasks      | elapsed: 18.4min
2026-09-17 19:33:02,531 - INFO - [Parallel(n_jobs=28)]: Done  89 tasks      | elapsed: 24.0min
2026-09-17 19:33:40,488 - INFO - [Parallel(n_jobs=28)]: Done 106 tasks      | elapsed: 24.6min
2026-09-17 19:39:27,554 - INFO - [Parallel(n_jobs=28)]: Done 125 tasks      | elapsed: 30.4min
2026-09-17 19:44:56,015 - INFO - [Parallel(n_jobs=28)]: Done 144 tasks      | elapsed: 35.9min
2026-09-17 19:45:59,437 - INFO - [Parallel(n_jobs=28)]: Done 165 tasks      | elapsed: 36.9min
2026-09-17 19:51:36,239 - INFO - [Parallel(n_jobs=28)]: Done 186 tasks      | elapsed: 42.6min
2026-09-17 19:57:29,287 - INFO - [Parallel(n_jobs=28)]: Done 209 tasks      | elapsed: 48.4min
2026-09-17 20:02:44,060 - INFO - [Parallel(n_jobs=28)]: Done 232 tasks      | elapsed: 53.7min
2026-09-17 20:08:03,452 - INFO - [Parallel(n_jobs=28)]: Done 257 tasks      | elapsed: 59.0min
2026-09-17 20:13:26,547 - INFO - [Parallel(n_jobs=28)]: Done 282 tasks      | elapsed: 64.4min
2026-09-17 20:17:50,975 - INFO - [Parallel(n_jobs=28)]: Done 309 tasks      | elapsed: 68.8min
2026-09-17 20:22:23,713 - INFO - [Parallel(n_jobs=28)]: Done 336 tasks      | elapsed: 73.3min
2026-09-17 20:28:44,128 - INFO - [Parallel(n_jobs=28)]: Done 365 tasks      | elapsed: 79.7min
2026-09-17 20:35:27,768 - INFO - [Parallel(n_jobs=28)]: Done 394 tasks      | elapsed: 86.4min
2026-09-17 20:41:49,240 - INFO - [Parallel(n_jobs=28)]: Done 425 tasks      | elapsed: 92.8min
2026-09-17 20:48:19,300 - INFO - [Parallel(n_jobs=28)]: Done 456 tasks      | elapsed: 99.3min
2026-09-17 20:54:26,857 - INFO - [Parallel(n_jobs=28)]: Done 489 tasks      | elapsed: 105.4min
2026-09-17 21:00:30,883 - INFO - [Parallel(n_jobs=28)]: Done 522 tasks      | elapsed: 111.5min
2026-09-17 21:07:48,911 - INFO - [Parallel(n_jobs=28)]: Done 557 tasks      | elapsed: 118.8min
2026-09-17 21:15:20,389 - INFO - [Parallel(n_jobs=28)]: Done 592 tasks      | elapsed: 126.3min
2026-09-17 21:22:12,737 - INFO - [Parallel(n_jobs=28)]: Done 629 tasks      | elapsed: 133.2min
2026-09-17 21:29:42,071 - INFO - [Parallel(n_jobs=28)]: Done 666 tasks      | elapsed: 140.7min
2026-09-17 21:38:01,376 - INFO - [Parallel(n_jobs=28)]: Done 705 tasks      | elapsed: 149.0min
2026-09-17 21:45:36,069 - INFO - [Parallel(n_jobs=28)]: Done 744 tasks      | elapsed: 156.6min
2026-09-17 21:53:54,867 - INFO - [Parallel(n_jobs=28)]: Done 785 tasks      | elapsed: 164.9min
2026-09-17 22:01:59,208 - INFO - [Parallel(n_jobs=28)]: Done 826 tasks      | elapsed: 172.9min
2026-09-17 22:10:59,466 - INFO - [Parallel(n_jobs=28)]: Done 869 tasks      | elapsed: 181.9min
2026-09-17 22:19:10,823 - INFO - [Parallel(n_jobs=28)]: Done 912 tasks      | elapsed: 190.1min
2026-09-17 22:35:18,682 - INFO - [Parallel(n_jobs=28)]: Done 1000 out of 1000 | elapsed: 206.3min finished
2026-09-17 22:35:20,570 - INFO - [checkpoint] Saved 11 combo(s) -> results/targeting_forest_moon_power_20260917_004734/results.pkl
2026-09-17 22:35:20,570 - INFO - [combination 11/12] 91.7% complete | ('causal_forest_depth_10', (1, 1.01)) | combination took 11617.3s | experiment elapsed 75936.5s
2026-09-17 22:35:20,570 - INFO - [combination 12/12] START ('causal_forest_depth_10', (1, 1.02)) (91.7% complete)
2026-09-17 22:35:20,570 - INFO - ================================================================================
2026-09-17 22:35:20,570 - INFO - Combination parameters:
2026-09-17 22:35:20,570 - INFO -   max_depth = 10
2026-09-17 22:35:20,570 - INFO -   sample_size = 2500
2026-09-17 22:35:20,570 - INFO -   char_func = None
2026-09-17 22:35:20,570 - INFO -   tau = (1, 1.02)
2026-09-17 22:35:20,570 - INFO - ================================================================================
2026-09-17 22:35:20,570 - INFO - Running 1000 repetitions (n_jobs=28)
2026-09-17 22:35:20,572 - INFO - [Parallel(n_jobs=28)]: Using backend LokyBackend with 28 concurrent workers.
2026-09-17 22:40:50,853 - INFO - [Parallel(n_jobs=28)]: Done   5 tasks      | elapsed:  5.5min
2026-09-17 22:41:03,245 - INFO - [Parallel(n_jobs=28)]: Done  16 tasks      | elapsed:  5.7min
2026-09-17 22:46:16,617 - INFO - [Parallel(n_jobs=28)]: Done  29 tasks      | elapsed: 10.9min
2026-09-17 22:46:42,282 - INFO - [Parallel(n_jobs=28)]: Done  42 tasks      | elapsed: 11.4min
2026-09-17 22:51:41,382 - INFO - [Parallel(n_jobs=28)]: Done  57 tasks      | elapsed: 16.3min
2026-09-17 22:52:25,708 - INFO - [Parallel(n_jobs=28)]: Done  72 tasks      | elapsed: 17.1min
2026-09-17 22:57:21,068 - INFO - [Parallel(n_jobs=28)]: Done  89 tasks      | elapsed: 22.0min
2026-09-17 22:58:16,818 - INFO - [Parallel(n_jobs=28)]: Done 106 tasks      | elapsed: 22.9min
2026-09-17 23:03:42,170 - INFO - [Parallel(n_jobs=28)]: Done 125 tasks      | elapsed: 28.4min
2026-09-17 23:08:28,651 - INFO - [Parallel(n_jobs=28)]: Done 144 tasks      | elapsed: 33.1min
2026-09-17 23:09:48,146 - INFO - [Parallel(n_jobs=28)]: Done 165 tasks      | elapsed: 34.5min
2026-09-17 23:15:11,989 - INFO - [Parallel(n_jobs=28)]: Done 186 tasks      | elapsed: 39.9min
2026-09-17 23:20:43,684 - INFO - [Parallel(n_jobs=28)]: Done 209 tasks      | elapsed: 45.4min
2026-09-17 23:25:50,613 - INFO - [Parallel(n_jobs=28)]: Done 232 tasks      | elapsed: 50.5min
2026-09-17 23:31:01,298 - INFO - [Parallel(n_jobs=28)]: Done 257 tasks      | elapsed: 55.7min
2026-09-17 23:36:15,912 - INFO - [Parallel(n_jobs=28)]: Done 282 tasks      | elapsed: 60.9min
2026-09-17 23:41:16,010 - INFO - [Parallel(n_jobs=28)]: Done 309 tasks      | elapsed: 65.9min
2026-09-17 23:44:06,802 - INFO - [Parallel(n_jobs=28)]: Done 336 tasks      | elapsed: 68.8min
2026-09-17 23:52:13,072 - INFO - [Parallel(n_jobs=28)]: Done 365 tasks      | elapsed: 76.9min
2026-09-17 23:58:05,894 - INFO - [Parallel(n_jobs=28)]: Done 394 tasks      | elapsed: 82.8min
2026-09-18 00:04:43,762 - INFO - [Parallel(n_jobs=28)]: Done 425 tasks      | elapsed: 89.4min
2026-09-18 00:10:35,546 - INFO - [Parallel(n_jobs=28)]: Done 456 tasks      | elapsed: 95.2min
2026-09-18 00:17:00,887 - INFO - [Parallel(n_jobs=28)]: Done 489 tasks      | elapsed: 101.7min
2026-09-18 00:22:51,357 - INFO - [Parallel(n_jobs=28)]: Done 522 tasks      | elapsed: 107.5min
2026-09-18 00:29:15,307 - INFO - [Parallel(n_jobs=28)]: Done 557 tasks      | elapsed: 113.9min
2026-09-18 00:38:13,108 - INFO - [Parallel(n_jobs=28)]: Done 592 tasks      | elapsed: 122.9min
2026-09-18 00:44:49,219 - INFO - [Parallel(n_jobs=28)]: Done 629 tasks      | elapsed: 129.5min
2026-09-18 00:51:32,035 - INFO - [Parallel(n_jobs=28)]: Done 666 tasks      | elapsed: 136.2min
2026-09-18 01:00:16,081 - INFO - [Parallel(n_jobs=28)]: Done 705 tasks      | elapsed: 144.9min
2026-09-18 01:07:59,331 - INFO - [Parallel(n_jobs=28)]: Done 744 tasks      | elapsed: 152.6min
2026-09-18 01:15:26,471 - INFO - [Parallel(n_jobs=28)]: Done 785 tasks      | elapsed: 160.1min
2026-09-18 01:24:41,186 - INFO - [Parallel(n_jobs=28)]: Done 826 tasks      | elapsed: 169.3min
2026-09-18 01:32:54,680 - INFO - [Parallel(n_jobs=28)]: Done 869 tasks      | elapsed: 177.6min
2026-09-18 01:42:07,141 - INFO - [Parallel(n_jobs=28)]: Done 912 tasks      | elapsed: 186.8min
2026-09-18 01:57:39,115 - INFO - [Parallel(n_jobs=28)]: Done 1000 out of 1000 | elapsed: 202.3min finished
2026-09-18 01:57:40,680 - INFO - [checkpoint] Saved 12 combo(s) -> results/targeting_forest_moon_power_20260917_004734/results.pkl
2026-09-18 01:57:40,681 - INFO - [combination 12/12] 100.0% complete | ('causal_forest_depth_10', (1, 1.02)) | combination took 12008.2s | experiment elapsed 87944.7s
2026-09-18 01:57:40,681 - INFO - ================================================================================
2026-09-18 01:57:40,681 - INFO - All 3 parameter combinations completed successfully
2026-09-18 01:57:40,681 - INFO - ================================================================================
2026-09-18 01:57:40,684 - INFO - ================================================================================
2026-09-18 01:57:40,684 - INFO - Saving results...
2026-09-18 01:57:40,684 - INFO - ================================================================================
2026-09-18 01:57:41,632 - INFO - Results saved to results/targeting_forest_moon_power_20260917_004734/results.pkl
2026-09-18 01:57:41,632 - INFO - ================================================================================
2026-09-18 01:57:41,632 - INFO - Experiment completed successfully!
2026-09-18 01:57:41,632 - INFO - ================================================================================
2026-09-18 01:57:41,632 - INFO - Results saved to: results/targeting_forest_moon_power_20260917_004734
