2026-09-23 16:01:11,418 - INFO - ================================================================================
2026-09-23 16:01:11,418 - INFO - Starting Targeting Experiment
2026-09-23 16:01:11,418 - INFO - ================================================================================
2026-09-23 16:01:11,419 - INFO - Config file: /home/iamsikun/research/winners-curse/configs/targeting_forest_snr.yaml
2026-09-23 16:01:11,421 - INFO - Configuration saved to results/targeting_forest_snr_20260923_160111/config.yaml and results/targeting_forest_snr_20260923_160111/config.json
2026-09-23 16:01:11,421 - INFO - Key Parameters:
2026-09-23 16:01:11,421 - INFO -   Sample size: 2500
2026-09-23 16:01:11,421 - INFO -   Target sample size: 10000
2026-09-23 16:01:11,421 - INFO -   Number of repeats: 1000
2026-09-23 16:01:11,421 - INFO -   Estimator: CausalForestDML
2026-09-23 16:01:11,421 - INFO -   Max parallel jobs: 32
2026-09-23 16:01:11,421 - INFO -   Correction estimators: ['Standard Bootstrap', 'm-out-of-n Bootstrap', 'Sample Splitting', 'Empirical Bayes', 'Hybrid SI']
2026-09-23 16:01:11,421 - INFO - ================================================================================
2026-09-23 16:01:11,421 - INFO - Running experiment...
2026-09-23 16:01:11,421 - INFO - ================================================================================
2026-09-23 16:01:11,421 - INFO - ================================================================================
2026-09-23 16:01:11,421 - INFO - Parameter sweep configuration:
2026-09-23 16:01:11,421 - INFO -   Depths: [5]
2026-09-23 16:01:11,421 - INFO -   Sample sizes: ['2500']
2026-09-23 16:01:11,421 - INFO -   Treatment effects: [(1, 1.005), (1, 1.01), (1, 1.02)]
2026-09-23 16:01:11,421 - INFO -   Noise vars list length: 1
2026-09-23 16:01:11,421 - INFO -   Char func list: [None]
2026-09-23 16:01:11,421 - INFO -   Varying parameters: ['tau']
2026-09-23 16:01:11,421 - INFO -   Total combinations: 3
2026-09-23 16:01:11,421 - INFO -   Parallel jobs: 32
2026-09-23 16:01:11,421 - INFO -   Result key format: tau tuples (e.g., (1.0, 1.01))
2026-09-23 16:01:11,421 - INFO - ================================================================================
2026-09-23 16:01:11,421 - INFO - [combination 1/3] START (1, 1.005) (0.0% complete)
2026-09-23 16:01:11,421 - INFO - ================================================================================
2026-09-23 16:01:11,421 - INFO - Combination parameters:
2026-09-23 16:01:11,421 - INFO -   max_depth = 5
2026-09-23 16:01:11,421 - INFO -   sample_size = 2500
2026-09-23 16:01:11,421 - INFO -   char_func = None
2026-09-23 16:01:11,421 - INFO -   tau = (1, 1.005)
2026-09-23 16:01:11,421 - INFO - ================================================================================
2026-09-23 16:01:11,423 - INFO - Running 1000 repetitions (n_jobs=32)
2026-09-23 16:01:11,423 - INFO - [Parallel(n_jobs=32)]: Using backend LokyBackend with 32 concurrent workers.
2026-09-23 16:02:32,160 - INFO - [Parallel(n_jobs=32)]: Done   8 tasks      | elapsed:  1.3min
2026-09-23 16:03:31,693 - INFO - [Parallel(n_jobs=32)]: Done  21 tasks      | elapsed:  2.3min
2026-09-23 16:03:50,078 - INFO - [Parallel(n_jobs=32)]: Done  34 tasks      | elapsed:  2.6min
2026-09-23 16:04:59,568 - INFO - [Parallel(n_jobs=32)]: Done  49 tasks      | elapsed:  3.8min
2026-09-23 16:05:37,063 - INFO - [Parallel(n_jobs=32)]: Done  64 tasks      | elapsed:  4.4min
2026-09-23 16:06:31,511 - INFO - [Parallel(n_jobs=32)]: Done  81 tasks      | elapsed:  5.3min
2026-09-23 16:07:31,004 - INFO - [Parallel(n_jobs=32)]: Done  98 tasks      | elapsed:  6.3min
2026-09-23 16:08:48,212 - INFO - [Parallel(n_jobs=32)]: Done 117 tasks      | elapsed:  7.6min
2026-09-23 16:09:44,356 - INFO - [Parallel(n_jobs=32)]: Done 136 tasks      | elapsed:  8.5min
2026-09-23 16:10:46,442 - INFO - [Parallel(n_jobs=32)]: Done 157 tasks      | elapsed:  9.6min
2026-09-23 16:12:05,479 - INFO - [Parallel(n_jobs=32)]: Done 178 tasks      | elapsed: 10.9min
2026-09-23 16:13:19,590 - INFO - [Parallel(n_jobs=32)]: Done 201 tasks      | elapsed: 12.1min
2026-09-23 16:14:35,534 - INFO - [Parallel(n_jobs=32)]: Done 224 tasks      | elapsed: 13.4min
2026-09-23 16:16:01,221 - INFO - [Parallel(n_jobs=32)]: Done 249 tasks      | elapsed: 14.8min
2026-09-23 16:17:23,078 - INFO - [Parallel(n_jobs=32)]: Done 274 tasks      | elapsed: 16.2min
2026-09-23 16:18:58,804 - INFO - [Parallel(n_jobs=32)]: Done 301 tasks      | elapsed: 17.8min
2026-09-23 16:20:34,071 - INFO - [Parallel(n_jobs=32)]: Done 328 tasks      | elapsed: 19.4min
2026-09-23 16:22:05,916 - INFO - [Parallel(n_jobs=32)]: Done 357 tasks      | elapsed: 20.9min
2026-09-23 16:23:35,708 - INFO - [Parallel(n_jobs=32)]: Done 386 tasks      | elapsed: 22.4min
2026-09-23 16:25:19,303 - INFO - [Parallel(n_jobs=32)]: Done 417 tasks      | elapsed: 24.1min
2026-09-23 16:27:12,541 - INFO - [Parallel(n_jobs=32)]: Done 448 tasks      | elapsed: 26.0min
2026-09-23 16:28:54,918 - INFO - [Parallel(n_jobs=32)]: Done 481 tasks      | elapsed: 27.7min
2026-09-23 16:30:48,883 - INFO - [Parallel(n_jobs=32)]: Done 514 tasks      | elapsed: 29.6min
2026-09-23 16:32:46,912 - INFO - [Parallel(n_jobs=32)]: Done 549 tasks      | elapsed: 31.6min
2026-09-23 16:34:52,116 - INFO - [Parallel(n_jobs=32)]: Done 584 tasks      | elapsed: 33.7min
2026-09-23 16:36:47,282 - INFO - [Parallel(n_jobs=32)]: Done 621 tasks      | elapsed: 35.6min
2026-09-23 16:39:05,771 - INFO - [Parallel(n_jobs=32)]: Done 658 tasks      | elapsed: 37.9min
2026-09-23 16:41:03,776 - INFO - [Parallel(n_jobs=32)]: Done 697 tasks      | elapsed: 39.9min
2026-09-23 16:43:30,415 - INFO - [Parallel(n_jobs=32)]: Done 736 tasks      | elapsed: 42.3min
2026-09-23 16:45:52,586 - INFO - [Parallel(n_jobs=32)]: Done 777 tasks      | elapsed: 44.7min
2026-09-23 16:47:51,904 - INFO - [Parallel(n_jobs=32)]: Done 818 tasks      | elapsed: 46.7min
2026-09-23 16:50:15,213 - INFO - [Parallel(n_jobs=32)]: Done 861 tasks      | elapsed: 49.1min
2026-09-23 16:52:40,226 - INFO - [Parallel(n_jobs=32)]: Done 904 tasks      | elapsed: 51.5min
2026-09-23 16:57:33,615 - INFO - [Parallel(n_jobs=32)]: Done 1000 out of 1000 | elapsed: 56.4min finished
2026-09-23 16:57:35,213 - INFO - [checkpoint] Saved 1 combo(s) -> results/targeting_forest_snr_20260923_160111/results.pkl
2026-09-23 16:57:35,215 - INFO - [combination 1/3] 33.3% complete | (1, 1.005) | combination took 3226.7s | experiment elapsed 3226.7s
2026-09-23 16:57:35,216 - INFO - [combination 2/3] START (1, 1.01) (33.3% complete)
2026-09-23 16:57:35,216 - INFO - ================================================================================
2026-09-23 16:57:35,216 - INFO - Combination parameters:
2026-09-23 16:57:35,216 - INFO -   max_depth = 5
2026-09-23 16:57:35,216 - INFO -   sample_size = 2500
2026-09-23 16:57:35,216 - INFO -   char_func = None
2026-09-23 16:57:35,216 - INFO -   tau = (1, 1.01)
2026-09-23 16:57:35,216 - INFO - ================================================================================
2026-09-23 16:57:37,118 - INFO - Running 1000 repetitions (n_jobs=32)
2026-09-23 16:57:37,134 - INFO - [Parallel(n_jobs=32)]: Using backend LokyBackend with 32 concurrent workers.
2026-09-23 16:59:01,170 - INFO - [Parallel(n_jobs=32)]: Done   8 tasks      | elapsed:  1.4min
2026-09-23 16:59:56,987 - INFO - [Parallel(n_jobs=32)]: Done  21 tasks      | elapsed:  2.3min
2026-09-23 17:00:28,689 - INFO - [Parallel(n_jobs=32)]: Done  34 tasks      | elapsed:  2.9min
2026-09-23 17:01:18,317 - INFO - [Parallel(n_jobs=32)]: Done  49 tasks      | elapsed:  3.7min
2026-09-23 17:02:07,070 - INFO - [Parallel(n_jobs=32)]: Done  64 tasks      | elapsed:  4.5min
2026-09-23 17:03:04,670 - INFO - [Parallel(n_jobs=32)]: Done  81 tasks      | elapsed:  5.5min
2026-09-23 17:04:01,081 - INFO - [Parallel(n_jobs=32)]: Done  98 tasks      | elapsed:  6.4min
2026-09-23 17:05:10,302 - INFO - [Parallel(n_jobs=32)]: Done 117 tasks      | elapsed:  7.6min
2026-09-23 17:05:55,496 - INFO - [Parallel(n_jobs=32)]: Done 136 tasks      | elapsed:  8.3min
2026-09-23 17:07:24,222 - INFO - [Parallel(n_jobs=32)]: Done 157 tasks      | elapsed:  9.8min
2026-09-23 17:08:29,900 - INFO - [Parallel(n_jobs=32)]: Done 178 tasks      | elapsed: 10.9min
2026-09-23 17:09:58,396 - INFO - [Parallel(n_jobs=32)]: Done 201 tasks      | elapsed: 12.4min
2026-09-23 17:11:08,670 - INFO - [Parallel(n_jobs=32)]: Done 224 tasks      | elapsed: 13.5min
2026-09-23 17:12:50,073 - INFO - [Parallel(n_jobs=32)]: Done 249 tasks      | elapsed: 15.2min
2026-09-23 17:13:50,254 - INFO - [Parallel(n_jobs=32)]: Done 274 tasks      | elapsed: 16.2min
2026-09-23 17:15:32,384 - INFO - [Parallel(n_jobs=32)]: Done 301 tasks      | elapsed: 17.9min
2026-09-23 17:16:57,248 - INFO - [Parallel(n_jobs=32)]: Done 328 tasks      | elapsed: 19.3min
2026-09-23 17:18:36,120 - INFO - [Parallel(n_jobs=32)]: Done 357 tasks      | elapsed: 21.0min
2026-09-23 17:20:21,108 - INFO - [Parallel(n_jobs=32)]: Done 386 tasks      | elapsed: 22.7min
2026-09-23 17:21:54,578 - INFO - [Parallel(n_jobs=32)]: Done 417 tasks      | elapsed: 24.3min
2026-09-23 17:23:46,681 - INFO - [Parallel(n_jobs=32)]: Done 448 tasks      | elapsed: 26.2min
2026-09-23 17:25:32,733 - INFO - [Parallel(n_jobs=32)]: Done 481 tasks      | elapsed: 27.9min
2026-09-23 17:27:38,492 - INFO - [Parallel(n_jobs=32)]: Done 514 tasks      | elapsed: 30.0min
2026-09-23 17:29:18,289 - INFO - [Parallel(n_jobs=32)]: Done 549 tasks      | elapsed: 31.7min
2026-09-23 17:31:07,126 - INFO - [Parallel(n_jobs=32)]: Done 584 tasks      | elapsed: 33.5min
2026-09-23 17:33:18,844 - INFO - [Parallel(n_jobs=32)]: Done 621 tasks      | elapsed: 35.7min
2026-09-23 17:35:30,020 - INFO - [Parallel(n_jobs=32)]: Done 658 tasks      | elapsed: 37.9min
2026-09-23 17:37:40,257 - INFO - [Parallel(n_jobs=32)]: Done 697 tasks      | elapsed: 40.1min
2026-09-23 17:39:55,071 - INFO - [Parallel(n_jobs=32)]: Done 736 tasks      | elapsed: 42.3min
2026-09-23 17:42:13,054 - INFO - [Parallel(n_jobs=32)]: Done 777 tasks      | elapsed: 44.6min
2026-09-23 17:44:19,523 - INFO - [Parallel(n_jobs=32)]: Done 818 tasks      | elapsed: 46.7min
2026-09-23 17:46:56,886 - INFO - [Parallel(n_jobs=32)]: Done 861 tasks      | elapsed: 49.3min
2026-09-23 17:49:13,895 - INFO - [Parallel(n_jobs=32)]: Done 904 tasks      | elapsed: 51.6min
2026-09-23 17:54:01,533 - INFO - [Parallel(n_jobs=32)]: Done 1000 out of 1000 | elapsed: 56.4min finished
2026-09-23 17:54:04,108 - INFO - [checkpoint] Saved 2 combo(s) -> results/targeting_forest_snr_20260923_160111/results.pkl
2026-09-23 17:54:04,114 - INFO - [combination 2/3] 66.7% complete | (1, 1.01) | combination took 3223.9s | experiment elapsed 6450.6s
2026-09-23 17:54:04,124 - INFO - [combination 3/3] START (1, 1.02) (66.7% complete)
2026-09-23 17:54:04,126 - INFO - ================================================================================
2026-09-23 17:54:04,126 - INFO - Combination parameters:
2026-09-23 17:54:04,126 - INFO -   max_depth = 5
2026-09-23 17:54:04,126 - INFO -   sample_size = 2500
2026-09-23 17:54:04,126 - INFO -   char_func = None
2026-09-23 17:54:04,126 - INFO -   tau = (1, 1.02)
2026-09-23 17:54:04,126 - INFO - ================================================================================
2026-09-23 17:54:06,124 - INFO - Running 1000 repetitions (n_jobs=32)
2026-09-23 17:54:06,139 - INFO - [Parallel(n_jobs=32)]: Using backend LokyBackend with 32 concurrent workers.
2026-09-23 17:55:27,670 - INFO - [Parallel(n_jobs=32)]: Done   8 tasks      | elapsed:  1.4min
2026-09-23 17:56:28,506 - INFO - [Parallel(n_jobs=32)]: Done  21 tasks      | elapsed:  2.4min
2026-09-23 17:56:56,091 - INFO - [Parallel(n_jobs=32)]: Done  34 tasks      | elapsed:  2.8min
2026-09-23 17:57:45,655 - INFO - [Parallel(n_jobs=32)]: Done  49 tasks      | elapsed:  3.7min
2026-09-23 17:58:40,854 - INFO - [Parallel(n_jobs=32)]: Done  64 tasks      | elapsed:  4.6min
2026-09-23 17:59:25,458 - INFO - [Parallel(n_jobs=32)]: Done  81 tasks      | elapsed:  5.3min
2026-09-23 18:00:25,901 - INFO - [Parallel(n_jobs=32)]: Done  98 tasks      | elapsed:  6.3min
2026-09-23 18:01:42,508 - INFO - [Parallel(n_jobs=32)]: Done 117 tasks      | elapsed:  7.6min
2026-09-23 18:02:32,700 - INFO - [Parallel(n_jobs=32)]: Done 136 tasks      | elapsed:  8.4min
2026-09-23 18:03:46,696 - INFO - [Parallel(n_jobs=32)]: Done 157 tasks      | elapsed:  9.7min
2026-09-23 18:05:03,490 - INFO - [Parallel(n_jobs=32)]: Done 178 tasks      | elapsed: 11.0min
2026-09-23 18:06:13,776 - INFO - [Parallel(n_jobs=32)]: Done 201 tasks      | elapsed: 12.1min
2026-09-23 18:07:38,585 - INFO - [Parallel(n_jobs=32)]: Done 224 tasks      | elapsed: 13.5min
2026-09-23 18:08:52,656 - INFO - [Parallel(n_jobs=32)]: Done 249 tasks      | elapsed: 14.8min
2026-09-23 18:10:20,064 - INFO - [Parallel(n_jobs=32)]: Done 274 tasks      | elapsed: 16.2min
2026-09-23 18:11:51,350 - INFO - [Parallel(n_jobs=32)]: Done 301 tasks      | elapsed: 17.8min
2026-09-23 18:13:29,362 - INFO - [Parallel(n_jobs=32)]: Done 328 tasks      | elapsed: 19.4min
2026-09-23 18:15:02,943 - INFO - [Parallel(n_jobs=32)]: Done 357 tasks      | elapsed: 20.9min
2026-09-23 18:16:40,589 - INFO - [Parallel(n_jobs=32)]: Done 386 tasks      | elapsed: 22.6min
2026-09-23 18:18:31,505 - INFO - [Parallel(n_jobs=32)]: Done 417 tasks      | elapsed: 24.4min
2026-09-23 18:19:56,502 - INFO - [Parallel(n_jobs=32)]: Done 448 tasks      | elapsed: 25.8min
2026-09-23 18:21:59,308 - INFO - [Parallel(n_jobs=32)]: Done 481 tasks      | elapsed: 27.9min
2026-09-23 18:23:45,547 - INFO - [Parallel(n_jobs=32)]: Done 514 tasks      | elapsed: 29.7min
2026-09-23 18:25:47,804 - INFO - [Parallel(n_jobs=32)]: Done 549 tasks      | elapsed: 31.7min
2026-09-23 18:27:44,860 - INFO - [Parallel(n_jobs=32)]: Done 584 tasks      | elapsed: 33.6min
2026-09-23 18:29:46,341 - INFO - [Parallel(n_jobs=32)]: Done 621 tasks      | elapsed: 35.7min
2026-09-23 18:31:56,035 - INFO - [Parallel(n_jobs=32)]: Done 658 tasks      | elapsed: 37.8min
2026-09-23 18:33:56,742 - INFO - [Parallel(n_jobs=32)]: Done 697 tasks      | elapsed: 39.8min
2026-09-23 18:36:18,762 - INFO - [Parallel(n_jobs=32)]: Done 736 tasks      | elapsed: 42.2min
2026-09-23 18:38:33,735 - INFO - [Parallel(n_jobs=32)]: Done 777 tasks      | elapsed: 44.5min
2026-09-23 18:40:49,630 - INFO - [Parallel(n_jobs=32)]: Done 818 tasks      | elapsed: 46.7min
2026-09-23 18:43:02,619 - INFO - [Parallel(n_jobs=32)]: Done 861 tasks      | elapsed: 48.9min
2026-09-23 18:45:42,580 - INFO - [Parallel(n_jobs=32)]: Done 904 tasks      | elapsed: 51.6min
2026-09-23 18:50:24,218 - INFO - [Parallel(n_jobs=32)]: Done 1000 out of 1000 | elapsed: 56.3min finished
2026-09-23 18:50:27,528 - INFO - [checkpoint] Saved 3 combo(s) -> results/targeting_forest_snr_20260923_160111/results.pkl
2026-09-23 18:50:27,535 - INFO - [combination 3/3] 100.0% complete | (1, 1.02) | combination took 3216.1s | experiment elapsed 9666.7s
2026-09-23 18:50:27,535 - INFO - ================================================================================
2026-09-23 18:50:27,536 - INFO - All 3 parameter combinations completed successfully
2026-09-23 18:50:27,536 - INFO - ================================================================================
2026-09-23 18:50:27,600 - INFO - ================================================================================
2026-09-23 18:50:27,608 - INFO - Saving results...
2026-09-23 18:50:27,608 - INFO - ================================================================================
2026-09-23 18:50:27,850 - INFO - Results saved to results/targeting_forest_snr_20260923_160111/results.pkl
2026-09-23 18:50:27,850 - INFO - ================================================================================
2026-09-23 18:50:27,850 - INFO - Experiment completed successfully!
2026-09-23 18:50:27,850 - INFO - ================================================================================
2026-09-23 18:50:27,850 - INFO - Results saved to: results/targeting_forest_snr_20260923_160111
