2026-10-06 11:29:16,559 - INFO - ================================================================================
2026-10-06 11:29:16,559 - INFO - Starting Targeting Experiment
2026-10-06 11:29:16,559 - INFO - ================================================================================
2026-10-06 11:29:16,559 - INFO - Config file: /home/iamsikun/research/winners-curse/configs/targeting_forest_functional_form_moon_power.yaml
2026-10-06 11:29:16,561 - INFO - Configuration saved to results/targeting_forest_functional_form_moon_power_20261006_112916/config.yaml and results/targeting_forest_functional_form_moon_power_20261006_112916/config.json
2026-10-06 11:29:16,561 - INFO - Key Parameters:
2026-10-06 11:29:16,561 - INFO -   Sample size: 2500
2026-10-06 11:29:16,561 - INFO -   Target sample size: 10000
2026-10-06 11:29:16,561 - INFO -   Number of repeats: 1000
2026-10-06 11:29:16,561 - INFO -   Estimator: CausalForestDML
2026-10-06 11:29:16,561 - INFO -   Max parallel jobs: 32
2026-10-06 11:29:16,561 - INFO -   Correction estimators: ['Standard Bootstrap', 'm-out-of-n (gamma=0.4)', 'm-out-of-n (gamma=0.5)', 'm-out-of-n (gamma=0.6)', 'm-out-of-n (gamma=0.7)', 'm-out-of-n (gamma=0.8)', 'm-out-of-n (gamma=0.9)', 'm-out-of-n (gamma=0.95)']
2026-10-06 11:29:16,561 - INFO - ================================================================================
2026-10-06 11:29:16,561 - INFO - Running experiment...
2026-10-06 11:29:16,561 - INFO - ================================================================================
2026-10-06 11:29:16,561 - INFO - ================================================================================
2026-10-06 11:29:16,561 - INFO - Parameter sweep configuration:
2026-10-06 11:29:16,561 - INFO -   Depths: [5]
2026-10-06 11:29:16,561 - INFO -   Sample sizes: ['2500']
2026-10-06 11:29:16,561 - INFO -   Treatment effects: [(1.0, 1.01)]
2026-10-06 11:29:16,561 - INFO -   Noise vars list length: 1
2026-10-06 11:29:16,561 - INFO -   Char func list: ['x', 'np.abs(x)']
2026-10-06 11:29:16,561 - INFO -   Varying parameters: ['char_func']
2026-10-06 11:29:16,561 - INFO -   Total combinations: 2
2026-10-06 11:29:16,562 - INFO -   Parallel jobs: 32
2026-10-06 11:29:16,562 - INFO -   Result key format: char_func values (e.g., 2500)
2026-10-06 11:29:16,562 - INFO - ================================================================================
2026-10-06 11:29:16,562 - INFO - [combination 1/2] START x (0.0% complete)
2026-10-06 11:29:16,562 - INFO - ================================================================================
2026-10-06 11:29:16,562 - INFO - Combination parameters:
2026-10-06 11:29:16,562 - INFO -   max_depth = 5
2026-10-06 11:29:16,562 - INFO -   sample_size = 2500
2026-10-06 11:29:16,562 - INFO -   char_func = x
2026-10-06 11:29:16,562 - INFO -   tau = (1.0, 1.01)
2026-10-06 11:29:16,562 - INFO - ================================================================================
2026-10-06 11:29:16,568 - INFO - Running 1000 repetitions (n_jobs=32)
2026-10-06 11:29:16,569 - INFO - [Parallel(n_jobs=32)]: Using backend LokyBackend with 32 concurrent workers.
2026-10-06 11:34:05,680 - INFO - [Parallel(n_jobs=32)]: Done   8 tasks      | elapsed:  4.8min
2026-10-06 11:34:45,035 - INFO - [Parallel(n_jobs=32)]: Done  21 tasks      | elapsed:  5.5min
2026-10-06 11:38:48,024 - INFO - [Parallel(n_jobs=32)]: Done  34 tasks      | elapsed:  9.5min
2026-10-06 11:40:02,800 - INFO - [Parallel(n_jobs=32)]: Done  49 tasks      | elapsed: 10.8min
2026-10-06 11:40:40,288 - INFO - [Parallel(n_jobs=32)]: Done  64 tasks      | elapsed: 11.4min
2026-10-06 11:45:22,689 - INFO - [Parallel(n_jobs=32)]: Done  81 tasks      | elapsed: 16.1min
2026-10-06 11:48:21,551 - INFO - [Parallel(n_jobs=32)]: Done  98 tasks      | elapsed: 19.1min
2026-10-06 11:50:48,525 - INFO - [Parallel(n_jobs=32)]: Done 117 tasks      | elapsed: 21.5min
2026-10-06 11:53:25,773 - INFO - [Parallel(n_jobs=32)]: Done 136 tasks      | elapsed: 24.2min
2026-10-06 11:56:26,857 - INFO - [Parallel(n_jobs=32)]: Done 157 tasks      | elapsed: 27.2min
2026-10-06 12:01:23,469 - INFO - [Parallel(n_jobs=32)]: Done 178 tasks      | elapsed: 32.1min
2026-10-06 12:03:09,658 - INFO - [Parallel(n_jobs=32)]: Done 201 tasks      | elapsed: 33.9min
2026-10-06 12:07:24,537 - INFO - [Parallel(n_jobs=32)]: Done 224 tasks      | elapsed: 38.1min
2026-10-06 12:12:11,780 - INFO - [Parallel(n_jobs=32)]: Done 249 tasks      | elapsed: 42.9min
2026-10-06 12:16:31,969 - INFO - [Parallel(n_jobs=32)]: Done 274 tasks      | elapsed: 47.3min
2026-10-06 12:18:40,252 - INFO - [Parallel(n_jobs=32)]: Done 301 tasks      | elapsed: 49.4min
2026-10-06 12:23:31,603 - INFO - [Parallel(n_jobs=32)]: Done 328 tasks      | elapsed: 54.3min
2026-10-06 12:28:40,545 - INFO - [Parallel(n_jobs=32)]: Done 357 tasks      | elapsed: 59.4min
2026-10-06 12:33:31,769 - INFO - [Parallel(n_jobs=32)]: Done 386 tasks      | elapsed: 64.3min
2026-10-06 12:38:34,752 - INFO - [Parallel(n_jobs=32)]: Done 417 tasks      | elapsed: 69.3min
2026-10-06 12:43:34,153 - INFO - [Parallel(n_jobs=32)]: Done 448 tasks      | elapsed: 74.3min
2026-10-06 12:48:57,285 - INFO - [Parallel(n_jobs=32)]: Done 481 tasks      | elapsed: 79.7min
2026-10-06 12:54:15,061 - INFO - [Parallel(n_jobs=32)]: Done 514 tasks      | elapsed: 85.0min
2026-10-06 12:59:48,787 - INFO - [Parallel(n_jobs=32)]: Done 549 tasks      | elapsed: 90.5min
2026-10-06 13:05:35,287 - INFO - [Parallel(n_jobs=32)]: Done 584 tasks      | elapsed: 96.3min
2026-10-06 13:10:58,594 - INFO - [Parallel(n_jobs=32)]: Done 621 tasks      | elapsed: 101.7min
2026-10-06 13:17:05,935 - INFO - [Parallel(n_jobs=32)]: Done 658 tasks      | elapsed: 107.8min
2026-10-06 13:23:16,617 - INFO - [Parallel(n_jobs=32)]: Done 697 tasks      | elapsed: 114.0min
2026-10-06 13:28:47,080 - INFO - [Parallel(n_jobs=32)]: Done 736 tasks      | elapsed: 119.5min
2026-10-06 13:35:28,157 - INFO - [Parallel(n_jobs=32)]: Done 777 tasks      | elapsed: 126.2min
2026-10-06 13:42:54,869 - INFO - [Parallel(n_jobs=32)]: Done 818 tasks      | elapsed: 133.6min
2026-10-06 13:49:43,281 - INFO - [Parallel(n_jobs=32)]: Done 861 tasks      | elapsed: 140.4min
2026-10-06 13:56:36,674 - INFO - [Parallel(n_jobs=32)]: Done 904 tasks      | elapsed: 147.3min
2026-10-06 14:09:58,245 - INFO - [Parallel(n_jobs=32)]: Done 1000 out of 1000 | elapsed: 160.7min finished
2026-10-06 14:09:58,323 - INFO - [checkpoint] Saved 1 combo(s) -> results/targeting_forest_functional_form_moon_power_20261006_112916/results.pkl
2026-10-06 14:09:58,323 - INFO - [combination 1/2] 50.0% complete | x | combination took 9242.8s | experiment elapsed 9242.8s
2026-10-06 14:09:58,323 - INFO - [combination 2/2] START np.abs(x) (50.0% complete)
2026-10-06 14:09:58,323 - INFO - ================================================================================
2026-10-06 14:09:58,323 - INFO - Combination parameters:
2026-10-06 14:09:58,323 - INFO -   max_depth = 5
2026-10-06 14:09:58,323 - INFO -   sample_size = 2500
2026-10-06 14:09:58,323 - INFO -   char_func = np.abs(x)
2026-10-06 14:09:58,323 - INFO -   tau = (1.0, 1.01)
2026-10-06 14:09:58,323 - INFO - ================================================================================
2026-10-06 14:09:59,407 - INFO - Running 1000 repetitions (n_jobs=32)
2026-10-06 14:09:59,407 - INFO - [Parallel(n_jobs=32)]: Using backend LokyBackend with 32 concurrent workers.
2026-10-06 14:14:45,798 - INFO - [Parallel(n_jobs=32)]: Done   8 tasks      | elapsed:  4.8min
2026-10-06 14:15:24,463 - INFO - [Parallel(n_jobs=32)]: Done  21 tasks      | elapsed:  5.4min
2026-10-06 14:19:20,044 - INFO - [Parallel(n_jobs=32)]: Done  34 tasks      | elapsed:  9.3min
2026-10-06 14:20:46,531 - INFO - [Parallel(n_jobs=32)]: Done  49 tasks      | elapsed: 10.8min
2026-10-06 14:21:11,694 - INFO - [Parallel(n_jobs=32)]: Done  64 tasks      | elapsed: 11.2min
2026-10-06 14:25:59,020 - INFO - [Parallel(n_jobs=32)]: Done  81 tasks      | elapsed: 16.0min
2026-10-06 14:28:37,792 - INFO - [Parallel(n_jobs=32)]: Done  98 tasks      | elapsed: 18.6min
2026-10-06 14:31:36,399 - INFO - [Parallel(n_jobs=32)]: Done 117 tasks      | elapsed: 21.6min
2026-10-06 14:33:52,343 - INFO - [Parallel(n_jobs=32)]: Done 136 tasks      | elapsed: 23.9min
2026-10-06 14:37:27,366 - INFO - [Parallel(n_jobs=32)]: Done 157 tasks      | elapsed: 27.5min
2026-10-06 14:41:35,772 - INFO - [Parallel(n_jobs=32)]: Done 178 tasks      | elapsed: 31.6min
2026-10-06 14:43:55,578 - INFO - [Parallel(n_jobs=32)]: Done 201 tasks      | elapsed: 33.9min
2026-10-06 14:48:14,094 - INFO - [Parallel(n_jobs=32)]: Done 224 tasks      | elapsed: 38.2min
2026-10-06 14:52:51,732 - INFO - [Parallel(n_jobs=32)]: Done 249 tasks      | elapsed: 42.9min
2026-10-06 14:56:04,187 - INFO - [Parallel(n_jobs=32)]: Done 274 tasks      | elapsed: 46.1min
2026-10-06 14:59:48,838 - INFO - [Parallel(n_jobs=32)]: Done 301 tasks      | elapsed: 49.8min
2026-10-06 15:04:38,608 - INFO - [Parallel(n_jobs=32)]: Done 328 tasks      | elapsed: 54.7min
2026-10-06 15:09:43,466 - INFO - [Parallel(n_jobs=32)]: Done 357 tasks      | elapsed: 59.7min
2026-10-06 15:14:43,896 - INFO - [Parallel(n_jobs=32)]: Done 386 tasks      | elapsed: 64.7min
2026-10-06 15:19:33,270 - INFO - [Parallel(n_jobs=32)]: Done 417 tasks      | elapsed: 69.6min
2026-10-06 15:24:14,256 - INFO - [Parallel(n_jobs=32)]: Done 448 tasks      | elapsed: 74.2min
2026-10-06 15:29:46,003 - INFO - [Parallel(n_jobs=32)]: Done 481 tasks      | elapsed: 79.8min
2026-10-06 15:35:09,160 - INFO - [Parallel(n_jobs=32)]: Done 514 tasks      | elapsed: 85.2min
2026-10-06 15:39:58,651 - INFO - [Parallel(n_jobs=32)]: Done 549 tasks      | elapsed: 90.0min
2026-10-06 15:45:33,477 - INFO - [Parallel(n_jobs=32)]: Done 584 tasks      | elapsed: 95.6min
2026-10-06 15:51:28,343 - INFO - [Parallel(n_jobs=32)]: Done 621 tasks      | elapsed: 101.5min
2026-10-06 15:58:04,423 - INFO - [Parallel(n_jobs=32)]: Done 658 tasks      | elapsed: 108.1min
2026-10-06 16:04:03,696 - INFO - [Parallel(n_jobs=32)]: Done 697 tasks      | elapsed: 114.1min
2026-10-06 16:10:02,725 - INFO - [Parallel(n_jobs=32)]: Done 736 tasks      | elapsed: 120.1min
2026-10-06 16:16:29,392 - INFO - [Parallel(n_jobs=32)]: Done 777 tasks      | elapsed: 126.5min
2026-10-06 16:23:12,615 - INFO - [Parallel(n_jobs=32)]: Done 818 tasks      | elapsed: 133.2min
2026-10-06 16:30:25,700 - INFO - [Parallel(n_jobs=32)]: Done 861 tasks      | elapsed: 140.4min
2026-10-06 16:36:47,430 - INFO - [Parallel(n_jobs=32)]: Done 904 tasks      | elapsed: 146.8min
2026-10-06 16:50:27,028 - INFO - [Parallel(n_jobs=32)]: Done 1000 out of 1000 | elapsed: 160.5min finished
2026-10-06 16:50:27,172 - INFO - [checkpoint] Saved 2 combo(s) -> results/targeting_forest_functional_form_moon_power_20261006_112916/results.pkl
2026-10-06 16:50:27,172 - INFO - [combination 2/2] 100.0% complete | np.abs(x) | combination took 9166.7s | experiment elapsed 18409.5s
2026-10-06 16:50:27,172 - INFO - ================================================================================
2026-10-06 16:50:27,172 - INFO - All 2 parameter combinations completed successfully
2026-10-06 16:50:27,172 - INFO - ================================================================================
2026-10-06 16:50:27,174 - INFO - ================================================================================
2026-10-06 16:50:27,174 - INFO - Saving results...
2026-10-06 16:50:27,174 - INFO - ================================================================================
2026-10-06 16:50:27,312 - INFO - Results saved to results/targeting_forest_functional_form_moon_power_20261006_112916/results.pkl
2026-10-06 16:50:27,313 - INFO - ================================================================================
2026-10-06 16:50:27,313 - INFO - Experiment completed successfully!
2026-10-06 16:50:27,313 - INFO - ================================================================================
2026-10-06 16:50:27,313 - INFO - Results saved to: results/targeting_forest_functional_form_moon_power_20261006_112916
