2026-09-21 00:25:45,767 - INFO - ================================================================================
2026-09-21 00:25:45,767 - INFO - Starting Targeting Experiment
2026-09-21 00:25:45,767 - INFO - ================================================================================
2026-09-21 00:25:45,767 - INFO - Config file: /home/iamsikun/research/winners-curse/configs/targeting_forest_depth.yaml
2026-09-21 00:25:45,769 - INFO - Configuration saved to results/targeting_forest_depth_20260921_002545/config.yaml and results/targeting_forest_depth_20260921_002545/config.json
2026-09-21 00:25:45,769 - INFO - Key Parameters:
2026-09-21 00:25:45,769 - INFO -   Sample size: 2500
2026-09-21 00:25:45,769 - INFO -   Target sample size: 10000
2026-09-21 00:25:45,769 - INFO -   Number of repeats: 500
2026-09-21 00:25:45,769 - INFO -   Estimator: CausalForestDML
2026-09-21 00:25:45,769 - INFO -   Max parallel jobs: 32
2026-09-21 00:25:45,769 - INFO -   Correction estimators: []
2026-09-21 00:25:45,769 - INFO - ================================================================================
2026-09-21 00:25:45,769 - INFO - Running experiment...
2026-09-21 00:25:45,769 - INFO - ================================================================================
2026-09-21 00:25:45,769 - INFO - ================================================================================
2026-09-21 00:25:45,769 - INFO - Parameter sweep configuration:
2026-09-21 00:25:45,769 - INFO -   Depths: [5, 10, 15]
2026-09-21 00:25:45,769 - INFO -   Sample sizes: ['2500', '5000', '10000', '15000', '20000', '30000', '40000', '50000', '100000', '500000', '1000000', '5000000']
2026-09-21 00:25:45,769 - INFO -   Treatment effects: [(1.0, 1.01)]
2026-09-21 00:25:45,769 - INFO -   Noise vars list length: 1
2026-09-21 00:25:45,769 - INFO -   Char func list: [None]
2026-09-21 00:25:45,769 - INFO -   Varying parameters: ['depth', 'sample_size']
2026-09-21 00:25:45,769 - INFO -   Total combinations: 36
2026-09-21 00:25:45,769 - INFO -   Parallel jobs: 32
2026-09-21 00:25:45,769 - INFO -   Result key format: (depth, sample_size) tuples
2026-09-21 00:25:45,769 - INFO - ================================================================================
2026-09-21 00:25:45,769 - INFO - [resume] Starting with 21 pre-computed combo(s); they will be skipped.
2026-09-21 00:25:45,769 - INFO - [combination 1/36] 2.8% complete | (5, 2500) | already saved; skipped | experiment elapsed 0.0s
2026-09-21 00:25:45,769 - INFO - [combination 2/36] 5.6% complete | (5, 5000) | already saved; skipped | experiment elapsed 0.0s
2026-09-21 00:25:45,769 - INFO - [combination 3/36] 8.3% complete | (5, 10000) | already saved; skipped | experiment elapsed 0.0s
2026-09-21 00:25:45,769 - INFO - [combination 4/36] 11.1% complete | (5, 15000) | already saved; skipped | experiment elapsed 0.0s
2026-09-21 00:25:45,769 - INFO - [combination 5/36] 13.9% complete | (5, 20000) | already saved; skipped | experiment elapsed 0.0s
2026-09-21 00:25:45,769 - INFO - [combination 6/36] 16.7% complete | (5, 30000) | already saved; skipped | experiment elapsed 0.0s
2026-09-21 00:25:45,769 - INFO - [combination 7/36] 19.4% complete | (5, 40000) | already saved; skipped | experiment elapsed 0.0s
2026-09-21 00:25:45,769 - INFO - [combination 8/36] 22.2% complete | (5, 50000) | already saved; skipped | experiment elapsed 0.0s
2026-09-21 00:25:45,769 - INFO - [combination 9/36] 25.0% complete | (5, 100000) | already saved; skipped | experiment elapsed 0.0s
2026-09-21 00:25:45,769 - INFO - [combination 10/36] 27.8% complete | (5, 500000) | already saved; skipped | experiment elapsed 0.0s
2026-09-21 00:25:45,769 - INFO - [combination 11/36] 30.6% complete | (5, 1000000) | already saved; skipped | experiment elapsed 0.0s
2026-09-21 00:25:45,769 - INFO - [combination 12/36] 33.3% complete | (5, 5000000) | already saved; skipped | experiment elapsed 0.0s
2026-09-21 00:25:45,769 - INFO - [combination 13/36] 36.1% complete | (10, 2500) | already saved; skipped | experiment elapsed 0.0s
2026-09-21 00:25:45,769 - INFO - [combination 14/36] 38.9% complete | (10, 5000) | already saved; skipped | experiment elapsed 0.0s
2026-09-21 00:25:45,769 - INFO - [combination 15/36] 41.7% complete | (10, 10000) | already saved; skipped | experiment elapsed 0.0s
2026-09-21 00:25:45,769 - INFO - [combination 16/36] 44.4% complete | (10, 15000) | already saved; skipped | experiment elapsed 0.0s
2026-09-21 00:25:45,769 - INFO - [combination 17/36] 47.2% complete | (10, 20000) | already saved; skipped | experiment elapsed 0.0s
2026-09-21 00:25:45,769 - INFO - [combination 18/36] 50.0% complete | (10, 30000) | already saved; skipped | experiment elapsed 0.0s
2026-09-21 00:25:45,769 - INFO - [combination 19/36] 52.8% complete | (10, 40000) | already saved; skipped | experiment elapsed 0.0s
2026-09-21 00:25:45,769 - INFO - [combination 20/36] 55.6% complete | (10, 50000) | already saved; skipped | experiment elapsed 0.0s
2026-09-21 00:25:45,769 - INFO - [combination 21/36] 58.3% complete | (10, 100000) | already saved; skipped | experiment elapsed 0.0s
2026-09-21 00:25:45,769 - INFO - [combination 22/36] START (10, 500000) (58.3% complete)
2026-09-21 00:25:45,769 - INFO - ================================================================================
2026-09-21 00:25:45,769 - INFO - Combination parameters:
2026-09-21 00:25:45,769 - INFO -   max_depth = 10
2026-09-21 00:25:45,769 - INFO -   sample_size = 500000
2026-09-21 00:25:45,769 - INFO -   char_func = None
2026-09-21 00:25:45,770 - INFO -   tau = (1.0, 1.01)
2026-09-21 00:25:45,770 - INFO - ================================================================================
2026-09-21 00:25:45,771 - INFO - [parallel] sample_size=500000: n_jobs 32 -> 15 (44.6 GB available, 2.2 GB/job)
2026-09-21 00:25:45,771 - INFO - Running 500 repetitions (n_jobs=15)
2026-09-21 00:25:45,771 - INFO - [Parallel(n_jobs=15)]: Using backend LokyBackend with 15 concurrent workers.
2026-09-21 00:32:27,362 - INFO - [Parallel(n_jobs=15)]: Done   2 tasks      | elapsed:  6.7min
2026-09-21 00:32:30,661 - INFO - [Parallel(n_jobs=15)]: Done  11 tasks      | elapsed:  6.7min
2026-09-21 00:39:10,612 - INFO - [Parallel(n_jobs=15)]: Done  20 tasks      | elapsed: 13.4min
2026-09-21 00:45:51,911 - INFO - [Parallel(n_jobs=15)]: Done  31 tasks      | elapsed: 20.1min
2026-09-21 00:45:58,716 - INFO - [Parallel(n_jobs=15)]: Done  42 tasks      | elapsed: 20.2min
2026-09-21 00:52:39,949 - INFO - [Parallel(n_jobs=15)]: Done  55 tasks      | elapsed: 26.9min
2026-09-21 00:59:12,490 - INFO - [Parallel(n_jobs=15)]: Done  68 tasks      | elapsed: 33.4min
2026-09-21 01:05:50,466 - INFO - [Parallel(n_jobs=15)]: Done  83 tasks      | elapsed: 40.1min
2026-09-21 01:12:25,390 - INFO - [Parallel(n_jobs=15)]: Done  98 tasks      | elapsed: 46.7min
2026-09-21 01:19:08,754 - INFO - [Parallel(n_jobs=15)]: Done 115 tasks      | elapsed: 53.4min
2026-09-21 01:26:11,674 - INFO - [Parallel(n_jobs=15)]: Done 132 tasks      | elapsed: 60.4min
2026-09-21 01:38:52,170 - INFO - [Parallel(n_jobs=15)]: Done 151 tasks      | elapsed: 73.1min
2026-09-21 01:45:46,110 - INFO - [Parallel(n_jobs=15)]: Done 170 tasks      | elapsed: 80.0min
2026-09-21 01:52:56,653 - INFO - [Parallel(n_jobs=15)]: Done 191 tasks      | elapsed: 87.2min
2026-09-21 02:05:21,250 - INFO - [Parallel(n_jobs=15)]: Done 212 tasks      | elapsed: 99.6min
2026-09-21 02:12:39,310 - INFO - [Parallel(n_jobs=15)]: Done 235 tasks      | elapsed: 106.9min
2026-09-21 02:25:19,735 - INFO - [Parallel(n_jobs=15)]: Done 258 tasks      | elapsed: 119.6min
2026-09-21 02:33:59,871 - INFO - [Parallel(n_jobs=15)]: Done 283 tasks      | elapsed: 128.2min
2026-09-21 02:45:47,931 - INFO - [Parallel(n_jobs=15)]: Done 308 tasks      | elapsed: 140.0min
2026-09-21 02:58:37,755 - INFO - [Parallel(n_jobs=15)]: Done 335 tasks      | elapsed: 152.9min
2026-09-21 03:11:19,497 - INFO - [Parallel(n_jobs=15)]: Done 362 tasks      | elapsed: 165.6min
2026-09-21 03:24:21,467 - INFO - [Parallel(n_jobs=15)]: Done 391 tasks      | elapsed: 178.6min
2026-09-21 03:24:31,241 - INFO - /home/iamsikun/research/winners-curse/.venv/lib/python3.13/site-packages/joblib/externals/loky/process_executor.py:782: UserWarning: A worker stopped while some jobs were given to the executor. This can be caused by a too short worker timeout or by a memory leak.
2026-09-21 03:24:31,241 - INFO -   warnings.warn(
2026-09-21 03:34:59,063 - INFO - [Parallel(n_jobs=15)]: Done 420 tasks      | elapsed: 189.2min
2026-09-21 03:51:35,283 - INFO - [Parallel(n_jobs=15)]: Done 451 tasks      | elapsed: 205.8min
2026-09-21 04:09:49,426 - INFO - [Parallel(n_jobs=15)]: Done 500 out of 500 | elapsed: 224.1min finished
2026-09-21 04:09:56,223 - INFO - [checkpoint] Saved 22 combo(s) -> results/targeting_forest_depth_20260921_002545/results.pkl
2026-09-21 04:09:56,225 - INFO - [combination 22/36] 61.1% complete | (10, 500000) | combination took 13450.5s | experiment elapsed 13450.5s
2026-09-21 04:09:56,226 - INFO - [combination 23/36] START (10, 1000000) (61.1% complete)
2026-09-21 04:09:56,226 - INFO - ================================================================================
2026-09-21 04:09:56,226 - INFO - Combination parameters:
2026-09-21 04:09:56,226 - INFO -   max_depth = 10
2026-09-21 04:09:56,227 - INFO -   sample_size = 1000000
2026-09-21 04:09:56,227 - INFO -   char_func = None
2026-09-21 04:09:56,227 - INFO -   tau = (1.0, 1.01)
2026-09-21 04:09:56,227 - INFO - ================================================================================
2026-09-21 04:10:00,925 - INFO - [parallel] sample_size=1000000: n_jobs 32 -> 9 (44.3 GB available, 3.6 GB/job)
2026-09-21 04:10:00,925 - INFO - Running 500 repetitions (n_jobs=9)
2026-09-21 04:10:00,943 - INFO - [Parallel(n_jobs=9)]: Using backend LokyBackend with 9 concurrent workers.
2026-09-21 04:20:33,478 - INFO - [Parallel(n_jobs=9)]: Done   7 tasks      | elapsed: 10.5min
2026-09-21 04:31:01,624 - INFO - [Parallel(n_jobs=9)]: Done  14 tasks      | elapsed: 21.0min
2026-09-21 04:41:31,734 - INFO - [Parallel(n_jobs=9)]: Done  23 tasks      | elapsed: 31.5min
2026-09-21 04:52:02,774 - INFO - [Parallel(n_jobs=9)]: Done  32 tasks      | elapsed: 42.0min
2026-09-21 05:02:37,147 - INFO - [Parallel(n_jobs=9)]: Done  43 tasks      | elapsed: 52.6min
2026-09-21 05:13:14,644 - INFO - [Parallel(n_jobs=9)]: Done  54 tasks      | elapsed: 63.2min
2026-09-21 05:34:03,033 - INFO - [Parallel(n_jobs=9)]: Done  67 tasks      | elapsed: 84.0min
2026-09-21 05:44:37,874 - INFO - [Parallel(n_jobs=9)]: Done  80 tasks      | elapsed: 94.6min
2026-09-21 06:05:27,491 - INFO - [Parallel(n_jobs=9)]: Done  95 tasks      | elapsed: 115.4min
2026-09-21 06:26:14,210 - INFO - [Parallel(n_jobs=9)]: Done 110 tasks      | elapsed: 136.2min
2026-09-21 06:46:53,335 - INFO - [Parallel(n_jobs=9)]: Done 127 tasks      | elapsed: 156.9min
2026-09-21 06:58:39,606 - INFO - [Parallel(n_jobs=9)]: Done 144 tasks      | elapsed: 168.6min
2026-09-21 07:28:54,630 - INFO - [Parallel(n_jobs=9)]: Done 163 tasks      | elapsed: 198.9min
2026-09-21 07:50:01,625 - INFO - [Parallel(n_jobs=9)]: Done 182 tasks      | elapsed: 220.0min
2026-09-21 08:11:16,436 - INFO - [Parallel(n_jobs=9)]: Done 203 tasks      | elapsed: 241.3min
2026-09-21 08:33:14,217 - INFO - [Parallel(n_jobs=9)]: Done 224 tasks      | elapsed: 263.2min
2026-09-21 09:03:21,856 - INFO - [Parallel(n_jobs=9)]: Done 247 tasks      | elapsed: 293.3min
2026-09-21 09:27:16,678 - INFO - [Parallel(n_jobs=9)]: Done 270 tasks      | elapsed: 317.3min
2026-09-21 09:55:52,128 - INFO - [Parallel(n_jobs=9)]: Done 295 tasks      | elapsed: 345.9min
2026-09-21 10:27:05,735 - INFO - [Parallel(n_jobs=9)]: Done 320 tasks      | elapsed: 377.1min
2026-09-21 10:58:28,895 - INFO - [Parallel(n_jobs=9)]: Done 347 tasks      | elapsed: 408.5min
2026-09-21 11:29:56,363 - INFO - [Parallel(n_jobs=9)]: Done 374 tasks      | elapsed: 439.9min
2026-09-21 12:02:53,638 - INFO - [Parallel(n_jobs=9)]: Done 403 tasks      | elapsed: 472.9min
2026-09-21 12:40:51,545 - INFO - [Parallel(n_jobs=9)]: Done 432 tasks      | elapsed: 510.8min
2026-09-21 13:14:59,027 - INFO - [Parallel(n_jobs=9)]: Done 463 tasks      | elapsed: 545.0min
2026-09-21 13:55:23,410 - INFO - [Parallel(n_jobs=9)]: Done 500 out of 500 | elapsed: 585.4min finished
2026-09-21 13:55:32,128 - INFO - [checkpoint] Saved 23 combo(s) -> results/targeting_forest_depth_20260921_002545/results.pkl
2026-09-21 13:55:32,131 - INFO - [combination 23/36] 63.9% complete | (10, 1000000) | combination took 35135.9s | experiment elapsed 48586.4s
2026-09-21 13:55:32,131 - INFO - [combination 24/36] START (10, 5000000) (63.9% complete)
2026-09-21 13:55:32,132 - INFO - ================================================================================
2026-09-21 13:55:32,132 - INFO - Combination parameters:
2026-09-21 13:55:32,132 - INFO -   max_depth = 10
2026-09-21 13:55:32,132 - INFO -   sample_size = 5000000
2026-09-21 13:55:32,132 - INFO -   char_func = None
2026-09-21 13:55:32,132 - INFO -   tau = (1.0, 1.01)
2026-09-21 13:55:32,132 - INFO - ================================================================================
2026-09-21 13:55:36,430 - INFO - [parallel] sample_size=5000000: n_jobs 32 -> 2 (43.8 GB available, 12.5 GB/job)
2026-09-21 13:55:36,430 - INFO - Running 20 repetitions (n_jobs=2)
2026-09-21 13:55:36,443 - INFO - [Parallel(n_jobs=2)]: Using backend LokyBackend with 2 concurrent workers.
2026-09-21 14:41:00,350 - INFO - [Parallel(n_jobs=2)]: Done   1 tasks      | elapsed: 45.4min
2026-09-21 15:26:29,691 - INFO - [Parallel(n_jobs=2)]: Done   4 tasks      | elapsed: 90.9min
2026-09-21 17:42:48,698 - INFO - [Parallel(n_jobs=2)]: Done   9 tasks      | elapsed: 227.2min
2026-09-21 19:13:14,842 - INFO - [Parallel(n_jobs=2)]: Done  14 tasks      | elapsed: 317.6min
2026-09-21 21:29:20,076 - INFO - [Parallel(n_jobs=2)]: Done  20 out of  20 | elapsed: 453.7min finished
2026-09-21 21:29:31,451 - INFO - [checkpoint] Saved 24 combo(s) -> results/targeting_forest_depth_20260921_002545/results.pkl
2026-09-21 21:29:31,454 - INFO - [combination 24/36] 66.7% complete | (10, 5000000) | combination took 26223.4s | experiment elapsed 74809.8s
2026-09-21 21:29:31,456 - INFO - [combination 25/36] START (15, 2500) (66.7% complete)
2026-09-21 21:29:31,457 - INFO - ================================================================================
2026-09-21 21:29:31,457 - INFO - Combination parameters:
2026-09-21 21:29:31,457 - INFO -   max_depth = 15
2026-09-21 21:29:31,457 - INFO -   sample_size = 2500
2026-09-21 21:29:31,457 - INFO -   char_func = None
2026-09-21 21:29:31,457 - INFO -   tau = (1.0, 1.01)
2026-09-21 21:29:31,457 - INFO - ================================================================================
2026-09-21 21:29:34,382 - INFO - Running 500 repetitions (n_jobs=32)
2026-09-21 21:29:34,396 - INFO - [Parallel(n_jobs=32)]: Using backend LokyBackend with 32 concurrent workers.
2026-09-21 21:29:40,419 - INFO - [Parallel(n_jobs=32)]: Done   8 tasks      | elapsed:    6.0s
2026-09-21 21:29:41,582 - INFO - [Parallel(n_jobs=32)]: Done  21 tasks      | elapsed:    7.2s
2026-09-21 21:29:41,756 - INFO - [Parallel(n_jobs=32)]: Done  34 tasks      | elapsed:    7.4s
2026-09-21 21:29:42,536 - INFO - [Parallel(n_jobs=32)]: Done  49 tasks      | elapsed:    8.1s
2026-09-21 21:29:43,274 - INFO - [Parallel(n_jobs=32)]: Done  64 tasks      | elapsed:    8.9s
2026-09-21 21:29:44,034 - INFO - [Parallel(n_jobs=32)]: Done  81 tasks      | elapsed:    9.6s
2026-09-21 21:29:44,748 - INFO - [Parallel(n_jobs=32)]: Done  98 tasks      | elapsed:   10.4s
2026-09-21 21:29:45,800 - INFO - [Parallel(n_jobs=32)]: Done 117 tasks      | elapsed:   11.4s
2026-09-21 21:29:46,724 - INFO - [Parallel(n_jobs=32)]: Done 136 tasks      | elapsed:   12.3s
2026-09-21 21:29:47,448 - INFO - [Parallel(n_jobs=32)]: Done 157 tasks      | elapsed:   13.1s
2026-09-21 21:29:48,764 - INFO - [Parallel(n_jobs=32)]: Done 178 tasks      | elapsed:   14.4s
2026-09-21 21:29:49,454 - INFO - [Parallel(n_jobs=32)]: Done 201 tasks      | elapsed:   15.1s
2026-09-21 21:29:50,880 - INFO - [Parallel(n_jobs=32)]: Done 224 tasks      | elapsed:   16.5s
2026-09-21 21:29:51,969 - INFO - [Parallel(n_jobs=32)]: Done 249 tasks      | elapsed:   17.6s
2026-09-21 21:29:53,215 - INFO - [Parallel(n_jobs=32)]: Done 274 tasks      | elapsed:   18.8s
2026-09-21 21:29:54,474 - INFO - [Parallel(n_jobs=32)]: Done 301 tasks      | elapsed:   20.1s
2026-09-21 21:29:55,894 - INFO - [Parallel(n_jobs=32)]: Done 328 tasks      | elapsed:   21.5s
2026-09-21 21:29:59,617 - INFO - [Parallel(n_jobs=32)]: Done 357 tasks      | elapsed:   25.2s
2026-09-21 21:30:00,969 - INFO - [Parallel(n_jobs=32)]: Done 386 tasks      | elapsed:   26.6s
2026-09-21 21:30:02,378 - INFO - [Parallel(n_jobs=32)]: Done 417 tasks      | elapsed:   28.0s
2026-09-21 21:30:05,716 - INFO - [Parallel(n_jobs=32)]: Done 488 out of 500 | elapsed:   31.3s remaining:    0.8s
2026-09-21 21:30:05,907 - INFO - [Parallel(n_jobs=32)]: Done 500 out of 500 | elapsed:   31.5s finished
2026-09-21 21:30:06,528 - INFO - [checkpoint] Saved 25 combo(s) -> results/targeting_forest_depth_20260921_002545/results.pkl
2026-09-21 21:30:06,528 - INFO - [combination 25/36] 69.4% complete | (15, 2500) | combination took 32.9s | experiment elapsed 74842.7s
2026-09-21 21:30:06,528 - INFO - [combination 26/36] START (15, 5000) (69.4% complete)
2026-09-21 21:30:06,528 - INFO - ================================================================================
2026-09-21 21:30:06,528 - INFO - Combination parameters:
2026-09-21 21:30:06,528 - INFO -   max_depth = 15
2026-09-21 21:30:06,528 - INFO -   sample_size = 5000
2026-09-21 21:30:06,528 - INFO -   char_func = None
2026-09-21 21:30:06,528 - INFO -   tau = (1.0, 1.01)
2026-09-21 21:30:06,528 - INFO - ================================================================================
2026-09-21 21:30:07,649 - INFO - Running 500 repetitions (n_jobs=32)
2026-09-21 21:30:07,650 - INFO - [Parallel(n_jobs=32)]: Using backend LokyBackend with 32 concurrent workers.
2026-09-21 21:30:11,468 - INFO - [Parallel(n_jobs=32)]: Done   8 tasks      | elapsed:    3.8s
2026-09-21 21:30:13,475 - INFO - [Parallel(n_jobs=32)]: Done  21 tasks      | elapsed:    5.8s
2026-09-21 21:30:15,239 - INFO - [Parallel(n_jobs=32)]: Done  34 tasks      | elapsed:    7.6s
2026-09-21 21:30:16,076 - INFO - [Parallel(n_jobs=32)]: Done  49 tasks      | elapsed:    8.4s
2026-09-21 21:30:17,355 - INFO - [Parallel(n_jobs=32)]: Done  64 tasks      | elapsed:    9.7s
2026-09-21 21:30:19,120 - INFO - [Parallel(n_jobs=32)]: Done  81 tasks      | elapsed:   11.5s
2026-09-21 21:30:20,484 - INFO - [Parallel(n_jobs=32)]: Done  98 tasks      | elapsed:   12.8s
2026-09-21 21:30:21,682 - INFO - [Parallel(n_jobs=32)]: Done 117 tasks      | elapsed:   14.0s
2026-09-21 21:30:23,486 - INFO - [Parallel(n_jobs=32)]: Done 136 tasks      | elapsed:   15.8s
2026-09-21 21:30:25,502 - INFO - [Parallel(n_jobs=32)]: Done 157 tasks      | elapsed:   17.9s
2026-09-21 21:30:27,354 - INFO - [Parallel(n_jobs=32)]: Done 178 tasks      | elapsed:   19.7s
2026-09-21 21:30:29,678 - INFO - [Parallel(n_jobs=32)]: Done 201 tasks      | elapsed:   22.0s
2026-09-21 21:30:31,086 - INFO - [Parallel(n_jobs=32)]: Done 224 tasks      | elapsed:   23.4s
2026-09-21 21:30:36,368 - INFO - [Parallel(n_jobs=32)]: Done 249 tasks      | elapsed:   28.7s
2026-09-21 21:30:38,103 - INFO - [Parallel(n_jobs=32)]: Done 274 tasks      | elapsed:   30.5s
2026-09-21 21:30:41,299 - INFO - [Parallel(n_jobs=32)]: Done 301 tasks      | elapsed:   33.6s
2026-09-21 21:30:43,153 - INFO - [Parallel(n_jobs=32)]: Done 328 tasks      | elapsed:   35.5s
2026-09-21 21:30:45,906 - INFO - [Parallel(n_jobs=32)]: Done 357 tasks      | elapsed:   38.3s
2026-09-21 21:30:48,233 - INFO - [Parallel(n_jobs=32)]: Done 386 tasks      | elapsed:   40.6s
2026-09-21 21:30:50,870 - INFO - [Parallel(n_jobs=32)]: Done 417 tasks      | elapsed:   43.2s
2026-09-21 21:30:56,820 - INFO - [Parallel(n_jobs=32)]: Done 488 out of 500 | elapsed:   49.2s remaining:    1.2s
2026-09-21 21:30:57,150 - INFO - [Parallel(n_jobs=32)]: Done 500 out of 500 | elapsed:   49.5s finished
2026-09-21 21:30:57,809 - INFO - [checkpoint] Saved 26 combo(s) -> results/targeting_forest_depth_20260921_002545/results.pkl
2026-09-21 21:30:57,809 - INFO - [combination 26/36] 72.2% complete | (15, 5000) | combination took 49.1s | experiment elapsed 74891.8s
2026-09-21 21:30:57,809 - INFO - [combination 27/36] START (15, 10000) (72.2% complete)
2026-09-21 21:30:57,809 - INFO - ================================================================================
2026-09-21 21:30:57,809 - INFO - Combination parameters:
2026-09-21 21:30:57,809 - INFO -   max_depth = 15
2026-09-21 21:30:57,809 - INFO -   sample_size = 10000
2026-09-21 21:30:57,809 - INFO -   char_func = None
2026-09-21 21:30:57,809 - INFO -   tau = (1.0, 1.01)
2026-09-21 21:30:57,809 - INFO - ================================================================================
2026-09-21 21:30:58,963 - INFO - Running 500 repetitions (n_jobs=32)
2026-09-21 21:30:58,964 - INFO - [Parallel(n_jobs=32)]: Using backend LokyBackend with 32 concurrent workers.
2026-09-21 21:31:07,926 - INFO - [Parallel(n_jobs=32)]: Done   8 tasks      | elapsed:    9.0s
2026-09-21 21:31:12,211 - INFO - [Parallel(n_jobs=32)]: Done  21 tasks      | elapsed:   13.2s
2026-09-21 21:31:14,594 - INFO - [Parallel(n_jobs=32)]: Done  34 tasks      | elapsed:   15.6s
2026-09-21 21:31:16,492 - INFO - [Parallel(n_jobs=32)]: Done  49 tasks      | elapsed:   17.5s
2026-09-21 21:31:17,436 - INFO - [Parallel(n_jobs=32)]: Done  64 tasks      | elapsed:   18.5s
2026-09-21 21:31:23,599 - INFO - [Parallel(n_jobs=32)]: Done  81 tasks      | elapsed:   24.6s
2026-09-21 21:31:25,438 - INFO - [Parallel(n_jobs=32)]: Done  98 tasks      | elapsed:   26.5s
2026-09-21 21:31:28,977 - INFO - [Parallel(n_jobs=32)]: Done 117 tasks      | elapsed:   30.0s
2026-09-21 21:31:33,355 - INFO - [Parallel(n_jobs=32)]: Done 136 tasks      | elapsed:   34.4s
2026-09-21 21:31:35,950 - INFO - [Parallel(n_jobs=32)]: Done 157 tasks      | elapsed:   37.0s
2026-09-21 21:31:43,984 - INFO - [Parallel(n_jobs=32)]: Done 178 tasks      | elapsed:   45.0s
2026-09-21 21:31:47,859 - INFO - [Parallel(n_jobs=32)]: Done 201 tasks      | elapsed:   48.9s
2026-09-21 21:31:50,611 - INFO - [Parallel(n_jobs=32)]: Done 224 tasks      | elapsed:   51.6s
2026-09-21 21:31:57,123 - INFO - [Parallel(n_jobs=32)]: Done 249 tasks      | elapsed:   58.2s
2026-09-21 21:32:01,119 - INFO - [Parallel(n_jobs=32)]: Done 274 tasks      | elapsed:  1.0min
2026-09-21 21:32:06,360 - INFO - [Parallel(n_jobs=32)]: Done 301 tasks      | elapsed:  1.1min
2026-09-21 21:32:10,125 - INFO - [Parallel(n_jobs=32)]: Done 328 tasks      | elapsed:  1.2min
2026-09-21 21:32:18,850 - INFO - [Parallel(n_jobs=32)]: Done 357 tasks      | elapsed:  1.3min
2026-09-21 21:32:24,480 - INFO - [Parallel(n_jobs=32)]: Done 386 tasks      | elapsed:  1.4min
2026-09-21 21:32:29,374 - INFO - [Parallel(n_jobs=32)]: Done 417 tasks      | elapsed:  1.5min
2026-09-21 21:32:42,029 - INFO - [Parallel(n_jobs=32)]: Done 488 out of 500 | elapsed:  1.7min remaining:    2.5s
2026-09-21 21:32:43,361 - INFO - [Parallel(n_jobs=32)]: Done 500 out of 500 | elapsed:  1.7min finished
2026-09-21 21:32:44,137 - INFO - [checkpoint] Saved 27 combo(s) -> results/targeting_forest_depth_20260921_002545/results.pkl
2026-09-21 21:32:44,137 - INFO - [combination 27/36] 75.0% complete | (15, 10000) | combination took 100.1s | experiment elapsed 74991.9s
2026-09-21 21:32:44,137 - INFO - [combination 28/36] START (15, 15000) (75.0% complete)
2026-09-21 21:32:44,137 - INFO - ================================================================================
2026-09-21 21:32:44,137 - INFO - Combination parameters:
2026-09-21 21:32:44,137 - INFO -   max_depth = 15
2026-09-21 21:32:44,137 - INFO -   sample_size = 15000
2026-09-21 21:32:44,137 - INFO -   char_func = None
2026-09-21 21:32:44,137 - INFO -   tau = (1.0, 1.01)
2026-09-21 21:32:44,138 - INFO - ================================================================================
2026-09-21 21:32:45,329 - INFO - Running 500 repetitions (n_jobs=32)
2026-09-21 21:32:45,330 - INFO - [Parallel(n_jobs=32)]: Using backend LokyBackend with 32 concurrent workers.
2026-09-21 21:33:00,196 - INFO - [Parallel(n_jobs=32)]: Done   8 tasks      | elapsed:   14.9s
2026-09-21 21:33:07,291 - INFO - [Parallel(n_jobs=32)]: Done  21 tasks      | elapsed:   22.0s
2026-09-21 21:33:08,140 - INFO - [Parallel(n_jobs=32)]: Done  34 tasks      | elapsed:   22.8s
2026-09-21 21:33:14,195 - INFO - [Parallel(n_jobs=32)]: Done  49 tasks      | elapsed:   28.9s
2026-09-21 21:33:17,655 - INFO - [Parallel(n_jobs=32)]: Done  64 tasks      | elapsed:   32.3s
2026-09-21 21:33:25,513 - INFO - [Parallel(n_jobs=32)]: Done  81 tasks      | elapsed:   40.2s
2026-09-21 21:33:32,826 - INFO - [Parallel(n_jobs=32)]: Done  98 tasks      | elapsed:   47.5s
2026-09-21 21:33:38,256 - INFO - [Parallel(n_jobs=32)]: Done 117 tasks      | elapsed:   52.9s
2026-09-21 21:33:42,502 - INFO - [Parallel(n_jobs=32)]: Done 136 tasks      | elapsed:   57.2s
2026-09-21 21:33:48,603 - INFO - [Parallel(n_jobs=32)]: Done 157 tasks      | elapsed:  1.1min
2026-09-21 21:33:56,853 - INFO - [Parallel(n_jobs=32)]: Done 178 tasks      | elapsed:  1.2min
2026-09-21 21:34:06,168 - INFO - [Parallel(n_jobs=32)]: Done 201 tasks      | elapsed:  1.3min
2026-09-21 21:34:12,166 - INFO - [Parallel(n_jobs=32)]: Done 224 tasks      | elapsed:  1.4min
2026-09-21 21:34:21,347 - INFO - [Parallel(n_jobs=32)]: Done 249 tasks      | elapsed:  1.6min
2026-09-21 21:34:28,727 - INFO - [Parallel(n_jobs=32)]: Done 274 tasks      | elapsed:  1.7min
2026-09-21 21:34:39,807 - INFO - [Parallel(n_jobs=32)]: Done 301 tasks      | elapsed:  1.9min
2026-09-21 21:34:46,924 - INFO - [Parallel(n_jobs=32)]: Done 328 tasks      | elapsed:  2.0min
2026-09-21 21:34:57,077 - INFO - [Parallel(n_jobs=32)]: Done 357 tasks      | elapsed:  2.2min
2026-09-21 21:35:05,724 - INFO - [Parallel(n_jobs=32)]: Done 386 tasks      | elapsed:  2.3min
2026-09-21 21:35:17,409 - INFO - [Parallel(n_jobs=32)]: Done 417 tasks      | elapsed:  2.5min
2026-09-21 21:35:38,642 - INFO - [Parallel(n_jobs=32)]: Done 488 out of 500 | elapsed:  2.9min remaining:    4.3s
2026-09-21 21:35:39,545 - INFO - [Parallel(n_jobs=32)]: Done 500 out of 500 | elapsed:  2.9min finished
2026-09-21 21:35:43,108 - INFO - [checkpoint] Saved 28 combo(s) -> results/targeting_forest_depth_20260921_002545/results.pkl
2026-09-21 21:35:43,108 - INFO - [combination 28/36] 77.8% complete | (15, 15000) | combination took 167.4s | experiment elapsed 75159.3s
2026-09-21 21:35:43,109 - INFO - [combination 29/36] START (15, 20000) (77.8% complete)
2026-09-21 21:35:43,109 - INFO - ================================================================================
2026-09-21 21:35:43,109 - INFO - Combination parameters:
2026-09-21 21:35:43,109 - INFO -   max_depth = 15
2026-09-21 21:35:43,109 - INFO -   sample_size = 20000
2026-09-21 21:35:43,109 - INFO -   char_func = None
2026-09-21 21:35:43,109 - INFO -   tau = (1.0, 1.01)
2026-09-21 21:35:43,109 - INFO - ================================================================================
2026-09-21 21:35:45,245 - INFO - Running 500 repetitions (n_jobs=32)
2026-09-21 21:35:45,248 - INFO - [Parallel(n_jobs=32)]: Using backend LokyBackend with 32 concurrent workers.
2026-09-21 21:36:00,787 - INFO - [Parallel(n_jobs=32)]: Done   8 tasks      | elapsed:   15.5s
2026-09-21 21:36:11,460 - INFO - [Parallel(n_jobs=32)]: Done  21 tasks      | elapsed:   26.2s
2026-09-21 21:36:13,269 - INFO - [Parallel(n_jobs=32)]: Done  34 tasks      | elapsed:   28.0s
2026-09-21 21:36:23,436 - INFO - [Parallel(n_jobs=32)]: Done  49 tasks      | elapsed:   38.2s
2026-09-21 21:36:26,035 - INFO - [Parallel(n_jobs=32)]: Done  64 tasks      | elapsed:   40.8s
2026-09-21 21:36:37,750 - INFO - [Parallel(n_jobs=32)]: Done  81 tasks      | elapsed:   52.5s
2026-09-21 21:36:44,497 - INFO - [Parallel(n_jobs=32)]: Done  98 tasks      | elapsed:   59.2s
2026-09-21 21:36:56,632 - INFO - [Parallel(n_jobs=32)]: Done 117 tasks      | elapsed:  1.2min
2026-09-21 21:37:02,390 - INFO - [Parallel(n_jobs=32)]: Done 136 tasks      | elapsed:  1.3min
2026-09-21 21:37:11,312 - INFO - [Parallel(n_jobs=32)]: Done 157 tasks      | elapsed:  1.4min
2026-09-21 21:37:24,029 - INFO - [Parallel(n_jobs=32)]: Done 178 tasks      | elapsed:  1.6min
2026-09-21 21:37:34,290 - INFO - [Parallel(n_jobs=32)]: Done 201 tasks      | elapsed:  1.8min
2026-09-21 21:37:45,135 - INFO - [Parallel(n_jobs=32)]: Done 224 tasks      | elapsed:  2.0min
2026-09-21 21:37:58,158 - INFO - [Parallel(n_jobs=32)]: Done 249 tasks      | elapsed:  2.2min
2026-09-21 21:38:09,464 - INFO - [Parallel(n_jobs=32)]: Done 274 tasks      | elapsed:  2.4min
2026-09-21 21:38:22,414 - INFO - [Parallel(n_jobs=32)]: Done 301 tasks      | elapsed:  2.6min
2026-09-21 21:38:35,778 - INFO - [Parallel(n_jobs=32)]: Done 328 tasks      | elapsed:  2.8min
2026-09-21 21:38:50,229 - INFO - [Parallel(n_jobs=32)]: Done 357 tasks      | elapsed:  3.1min
2026-09-21 21:39:05,630 - INFO - [Parallel(n_jobs=32)]: Done 386 tasks      | elapsed:  3.3min
2026-09-21 21:39:18,588 - INFO - [Parallel(n_jobs=32)]: Done 417 tasks      | elapsed:  3.6min
2026-09-21 21:39:51,750 - INFO - [Parallel(n_jobs=32)]: Done 488 out of 500 | elapsed:  4.1min remaining:    6.1s
2026-09-21 21:39:53,028 - INFO - [Parallel(n_jobs=32)]: Done 500 out of 500 | elapsed:  4.1min finished
2026-09-21 21:39:54,908 - INFO - [checkpoint] Saved 29 combo(s) -> results/targeting_forest_depth_20260921_002545/results.pkl
2026-09-21 21:39:54,908 - INFO - [combination 29/36] 80.6% complete | (15, 20000) | combination took 239.4s | experiment elapsed 75398.7s
2026-09-21 21:39:54,908 - INFO - [combination 30/36] START (15, 30000) (80.6% complete)
2026-09-21 21:39:54,909 - INFO - ================================================================================
2026-09-21 21:39:54,909 - INFO - Combination parameters:
2026-09-21 21:39:54,909 - INFO -   max_depth = 15
2026-09-21 21:39:54,909 - INFO -   sample_size = 30000
2026-09-21 21:39:54,909 - INFO -   char_func = None
2026-09-21 21:39:54,909 - INFO -   tau = (1.0, 1.01)
2026-09-21 21:39:54,909 - INFO - ================================================================================
2026-09-21 21:39:58,410 - INFO - Running 500 repetitions (n_jobs=32)
2026-09-21 21:39:58,412 - INFO - [Parallel(n_jobs=32)]: Using backend LokyBackend with 32 concurrent workers.
2026-09-21 21:40:23,534 - INFO - [Parallel(n_jobs=32)]: Done   8 tasks      | elapsed:   25.1s
2026-09-21 21:40:40,350 - INFO - [Parallel(n_jobs=32)]: Done  21 tasks      | elapsed:   41.9s
2026-09-21 21:40:44,872 - INFO - [Parallel(n_jobs=32)]: Done  34 tasks      | elapsed:   46.5s
2026-09-21 21:40:59,246 - INFO - [Parallel(n_jobs=32)]: Done  49 tasks      | elapsed:  1.0min
2026-09-21 21:41:08,596 - INFO - [Parallel(n_jobs=32)]: Done  64 tasks      | elapsed:  1.2min
2026-09-21 21:41:25,942 - INFO - [Parallel(n_jobs=32)]: Done  81 tasks      | elapsed:  1.5min
2026-09-21 21:41:40,220 - INFO - [Parallel(n_jobs=32)]: Done  98 tasks      | elapsed:  1.7min
2026-09-21 21:41:53,633 - INFO - [Parallel(n_jobs=32)]: Done 117 tasks      | elapsed:  1.9min
2026-09-21 21:42:08,463 - INFO - [Parallel(n_jobs=32)]: Done 136 tasks      | elapsed:  2.2min
2026-09-21 21:42:25,114 - INFO - [Parallel(n_jobs=32)]: Done 157 tasks      | elapsed:  2.4min
2026-09-21 21:42:44,474 - INFO - [Parallel(n_jobs=32)]: Done 178 tasks      | elapsed:  2.8min
2026-09-21 21:43:00,763 - INFO - [Parallel(n_jobs=32)]: Done 201 tasks      | elapsed:  3.0min
2026-09-21 21:43:21,285 - INFO - [Parallel(n_jobs=32)]: Done 224 tasks      | elapsed:  3.4min
2026-09-21 21:43:42,063 - INFO - [Parallel(n_jobs=32)]: Done 249 tasks      | elapsed:  3.7min
2026-09-21 21:44:01,318 - INFO - [Parallel(n_jobs=32)]: Done 274 tasks      | elapsed:  4.0min
2026-09-21 21:44:27,265 - INFO - [Parallel(n_jobs=32)]: Done 301 tasks      | elapsed:  4.5min
2026-09-21 21:44:48,298 - INFO - [Parallel(n_jobs=32)]: Done 328 tasks      | elapsed:  4.8min
2026-09-21 21:45:11,693 - INFO - [Parallel(n_jobs=32)]: Done 357 tasks      | elapsed:  5.2min
2026-09-21 21:45:39,804 - INFO - [Parallel(n_jobs=32)]: Done 386 tasks      | elapsed:  5.7min
2026-09-21 21:46:04,634 - INFO - [Parallel(n_jobs=32)]: Done 417 tasks      | elapsed:  6.1min
2026-09-21 21:46:58,960 - INFO - [Parallel(n_jobs=32)]: Done 488 out of 500 | elapsed:  7.0min remaining:   10.3s
2026-09-21 21:47:04,572 - INFO - [Parallel(n_jobs=32)]: Done 500 out of 500 | elapsed:  7.1min finished
2026-09-21 21:47:08,727 - INFO - [checkpoint] Saved 30 combo(s) -> results/targeting_forest_depth_20260921_002545/results.pkl
2026-09-21 21:47:08,727 - INFO - [combination 30/36] 83.3% complete | (15, 30000) | combination took 409.7s | experiment elapsed 75808.4s
2026-09-21 21:47:08,727 - INFO - [combination 31/36] START (15, 40000) (83.3% complete)
2026-09-21 21:47:08,727 - INFO - ================================================================================
2026-09-21 21:47:08,727 - INFO - Combination parameters:
2026-09-21 21:47:08,727 - INFO -   max_depth = 15
2026-09-21 21:47:08,727 - INFO -   sample_size = 40000
2026-09-21 21:47:08,727 - INFO -   char_func = None
2026-09-21 21:47:08,727 - INFO -   tau = (1.0, 1.01)
2026-09-21 21:47:08,727 - INFO - ================================================================================
2026-09-21 21:47:12,898 - INFO - Running 500 repetitions (n_jobs=32)
2026-09-21 21:47:12,899 - INFO - [Parallel(n_jobs=32)]: Using backend LokyBackend with 32 concurrent workers.
2026-09-21 21:47:46,554 - INFO - [Parallel(n_jobs=32)]: Done   8 tasks      | elapsed:   33.7s
2026-09-21 21:48:13,114 - INFO - [Parallel(n_jobs=32)]: Done  21 tasks      | elapsed:  1.0min
2026-09-21 21:48:18,113 - INFO - [Parallel(n_jobs=32)]: Done  34 tasks      | elapsed:  1.1min
2026-09-21 21:48:31,841 - INFO - [Parallel(n_jobs=32)]: Done  49 tasks      | elapsed:  1.3min
2026-09-21 21:48:58,754 - INFO - [Parallel(n_jobs=32)]: Done  64 tasks      | elapsed:  1.8min
2026-09-21 21:49:14,634 - INFO - [Parallel(n_jobs=32)]: Done  81 tasks      | elapsed:  2.0min
2026-09-21 21:49:33,457 - INFO - [Parallel(n_jobs=32)]: Done  98 tasks      | elapsed:  2.3min
2026-09-21 21:50:01,212 - INFO - [Parallel(n_jobs=32)]: Done 117 tasks      | elapsed:  2.8min
2026-09-21 21:50:17,666 - INFO - [Parallel(n_jobs=32)]: Done 136 tasks      | elapsed:  3.1min
2026-09-21 21:50:47,237 - INFO - [Parallel(n_jobs=32)]: Done 157 tasks      | elapsed:  3.6min
2026-09-21 21:51:12,154 - INFO - [Parallel(n_jobs=32)]: Done 178 tasks      | elapsed:  4.0min
2026-09-21 21:51:41,646 - INFO - [Parallel(n_jobs=32)]: Done 201 tasks      | elapsed:  4.5min
2026-09-21 21:52:05,824 - INFO - [Parallel(n_jobs=32)]: Done 224 tasks      | elapsed:  4.9min
2026-09-21 21:52:36,897 - INFO - [Parallel(n_jobs=32)]: Done 249 tasks      | elapsed:  5.4min
2026-09-21 21:53:07,924 - INFO - [Parallel(n_jobs=32)]: Done 274 tasks      | elapsed:  5.9min
2026-09-21 21:53:39,656 - INFO - [Parallel(n_jobs=32)]: Done 301 tasks      | elapsed:  6.4min
2026-09-21 21:54:16,024 - INFO - [Parallel(n_jobs=32)]: Done 328 tasks      | elapsed:  7.1min
2026-09-21 21:54:49,400 - INFO - [Parallel(n_jobs=32)]: Done 357 tasks      | elapsed:  7.6min
2026-09-21 21:55:23,627 - INFO - [Parallel(n_jobs=32)]: Done 386 tasks      | elapsed:  8.2min
2026-09-21 21:56:06,104 - INFO - [Parallel(n_jobs=32)]: Done 417 tasks      | elapsed:  8.9min
2026-09-21 21:57:30,192 - INFO - [Parallel(n_jobs=32)]: Done 488 out of 500 | elapsed: 10.3min remaining:   15.2s
2026-09-21 21:57:34,759 - INFO - [Parallel(n_jobs=32)]: Done 500 out of 500 | elapsed: 10.4min finished
2026-09-21 21:57:43,975 - INFO - [checkpoint] Saved 31 combo(s) -> results/targeting_forest_depth_20260921_002545/results.pkl
2026-09-21 21:57:43,977 - INFO - [combination 31/36] 86.1% complete | (15, 40000) | combination took 594.9s | experiment elapsed 76403.3s
2026-09-21 21:57:43,979 - INFO - [combination 32/36] START (15, 50000) (86.1% complete)
2026-09-21 21:57:43,979 - INFO - ================================================================================
2026-09-21 21:57:43,979 - INFO - Combination parameters:
2026-09-21 21:57:43,979 - INFO -   max_depth = 15
2026-09-21 21:57:43,979 - INFO -   sample_size = 50000
2026-09-21 21:57:43,979 - INFO -   char_func = None
2026-09-21 21:57:43,979 - INFO -   tau = (1.0, 1.01)
2026-09-21 21:57:43,979 - INFO - ================================================================================
2026-09-21 21:57:47,527 - INFO - Running 500 repetitions (n_jobs=32)
2026-09-21 21:57:47,536 - INFO - [Parallel(n_jobs=32)]: Using backend LokyBackend with 32 concurrent workers.
2026-09-21 21:58:33,341 - INFO - [Parallel(n_jobs=32)]: Done   8 tasks      | elapsed:   45.8s
2026-09-21 21:59:03,567 - INFO - [Parallel(n_jobs=32)]: Done  21 tasks      | elapsed:  1.3min
2026-09-21 21:59:12,186 - INFO - [Parallel(n_jobs=32)]: Done  34 tasks      | elapsed:  1.4min
2026-09-21 21:59:34,348 - INFO - [Parallel(n_jobs=32)]: Done  49 tasks      | elapsed:  1.8min
2026-09-21 22:00:02,299 - INFO - [Parallel(n_jobs=32)]: Done  64 tasks      | elapsed:  2.2min
2026-09-21 22:00:29,123 - INFO - [Parallel(n_jobs=32)]: Done  81 tasks      | elapsed:  2.7min
2026-09-21 22:01:05,919 - INFO - [Parallel(n_jobs=32)]: Done  98 tasks      | elapsed:  3.3min
2026-09-21 22:01:28,130 - INFO - [Parallel(n_jobs=32)]: Done 117 tasks      | elapsed:  3.7min
2026-09-21 22:01:54,318 - INFO - [Parallel(n_jobs=32)]: Done 136 tasks      | elapsed:  4.1min
2026-09-21 22:02:36,468 - INFO - [Parallel(n_jobs=32)]: Done 157 tasks      | elapsed:  4.8min
2026-09-21 22:03:05,575 - INFO - [Parallel(n_jobs=32)]: Done 178 tasks      | elapsed:  5.3min
2026-09-21 22:03:48,317 - INFO - [Parallel(n_jobs=32)]: Done 201 tasks      | elapsed:  6.0min
2026-09-21 22:04:24,618 - INFO - [Parallel(n_jobs=32)]: Done 224 tasks      | elapsed:  6.6min
2026-09-21 22:05:00,734 - INFO - [Parallel(n_jobs=32)]: Done 249 tasks      | elapsed:  7.2min
2026-09-21 22:05:49,626 - INFO - [Parallel(n_jobs=32)]: Done 274 tasks      | elapsed:  8.0min
2026-09-21 22:06:28,641 - INFO - [Parallel(n_jobs=32)]: Done 301 tasks      | elapsed:  8.7min
2026-09-21 22:07:20,140 - INFO - [Parallel(n_jobs=32)]: Done 328 tasks      | elapsed:  9.5min
2026-09-21 22:08:09,154 - INFO - [Parallel(n_jobs=32)]: Done 357 tasks      | elapsed: 10.4min
2026-09-21 22:08:49,851 - INFO - [Parallel(n_jobs=32)]: Done 386 tasks      | elapsed: 11.0min
2026-09-21 22:09:42,262 - INFO - [Parallel(n_jobs=32)]: Done 417 tasks      | elapsed: 11.9min
2026-09-21 22:11:32,044 - INFO - [Parallel(n_jobs=32)]: Done 488 out of 500 | elapsed: 13.7min remaining:   20.3s
2026-09-21 22:11:38,891 - INFO - [Parallel(n_jobs=32)]: Done 500 out of 500 | elapsed: 13.9min finished
2026-09-21 22:11:47,783 - INFO - [checkpoint] Saved 32 combo(s) -> results/targeting_forest_depth_20260921_002545/results.pkl
2026-09-21 22:11:47,787 - INFO - [combination 32/36] 88.9% complete | (15, 50000) | combination took 788.8s | experiment elapsed 77192.0s
2026-09-21 22:11:47,790 - INFO - [combination 33/36] START (15, 100000) (88.9% complete)
2026-09-21 22:11:47,790 - INFO - ================================================================================
2026-09-21 22:11:47,790 - INFO - Combination parameters:
2026-09-21 22:11:47,790 - INFO -   max_depth = 15
2026-09-21 22:11:47,791 - INFO -   sample_size = 100000
2026-09-21 22:11:47,791 - INFO -   char_func = None
2026-09-21 22:11:47,791 - INFO -   tau = (1.0, 1.01)
2026-09-21 22:11:47,791 - INFO - ================================================================================
2026-09-21 22:11:53,820 - INFO - Running 500 repetitions (n_jobs=32)
2026-09-21 22:11:53,828 - INFO - [Parallel(n_jobs=32)]: Using backend LokyBackend with 32 concurrent workers.
2026-09-21 22:13:32,920 - INFO - [Parallel(n_jobs=32)]: Done   8 tasks      | elapsed:  1.7min
2026-09-21 22:14:44,320 - INFO - [Parallel(n_jobs=32)]: Done  21 tasks      | elapsed:  2.8min
2026-09-21 22:15:08,017 - INFO - [Parallel(n_jobs=32)]: Done  34 tasks      | elapsed:  3.2min
2026-09-21 22:16:21,665 - INFO - [Parallel(n_jobs=32)]: Done  49 tasks      | elapsed:  4.5min
2026-09-21 22:16:52,225 - INFO - [Parallel(n_jobs=32)]: Done  64 tasks      | elapsed:  5.0min
2026-09-21 22:18:21,775 - INFO - [Parallel(n_jobs=32)]: Done  81 tasks      | elapsed:  6.5min
2026-09-21 22:19:20,129 - INFO - [Parallel(n_jobs=32)]: Done  98 tasks      | elapsed:  7.4min
2026-09-21 22:20:39,321 - INFO - [Parallel(n_jobs=32)]: Done 117 tasks      | elapsed:  8.8min
2026-09-21 22:21:56,444 - INFO - [Parallel(n_jobs=32)]: Done 136 tasks      | elapsed: 10.0min
2026-09-21 22:23:07,599 - INFO - [Parallel(n_jobs=32)]: Done 157 tasks      | elapsed: 11.2min
2026-09-21 22:24:47,133 - INFO - [Parallel(n_jobs=32)]: Done 178 tasks      | elapsed: 12.9min
2026-09-21 22:26:18,339 - INFO - [Parallel(n_jobs=32)]: Done 201 tasks      | elapsed: 14.4min
2026-09-21 22:27:45,016 - INFO - [Parallel(n_jobs=32)]: Done 224 tasks      | elapsed: 15.9min
2026-09-21 22:29:21,345 - INFO - [Parallel(n_jobs=32)]: Done 249 tasks      | elapsed: 17.5min
2026-09-21 22:30:58,575 - INFO - [Parallel(n_jobs=32)]: Done 274 tasks      | elapsed: 19.1min
2026-09-21 22:32:44,207 - INFO - [Parallel(n_jobs=32)]: Done 301 tasks      | elapsed: 20.8min
2026-09-21 22:34:30,702 - INFO - [Parallel(n_jobs=32)]: Done 328 tasks      | elapsed: 22.6min
2026-09-21 22:36:39,173 - INFO - [Parallel(n_jobs=32)]: Done 357 tasks      | elapsed: 24.8min
2026-09-21 22:38:22,668 - INFO - [Parallel(n_jobs=32)]: Done 386 tasks      | elapsed: 26.5min
2026-09-21 22:40:40,322 - INFO - [Parallel(n_jobs=32)]: Done 417 tasks      | elapsed: 28.8min
2026-09-21 22:45:10,261 - INFO - [Parallel(n_jobs=32)]: Done 488 out of 500 | elapsed: 33.3min remaining:   49.1s
2026-09-21 22:45:26,460 - INFO - [Parallel(n_jobs=32)]: Done 500 out of 500 | elapsed: 33.5min finished
2026-09-21 22:45:36,394 - INFO - [checkpoint] Saved 33 combo(s) -> results/targeting_forest_depth_20260921_002545/results.pkl
2026-09-21 22:45:36,394 - INFO - [combination 33/36] 91.7% complete | (15, 100000) | combination took 1901.4s | experiment elapsed 79093.4s
2026-09-21 22:45:36,396 - INFO - [combination 34/36] START (15, 500000) (91.7% complete)
2026-09-21 22:45:36,396 - INFO - ================================================================================
2026-09-21 22:45:36,396 - INFO - Combination parameters:
2026-09-21 22:45:36,396 - INFO -   max_depth = 15
2026-09-21 22:45:36,396 - INFO -   sample_size = 500000
2026-09-21 22:45:36,396 - INFO -   char_func = None
2026-09-21 22:45:36,396 - INFO -   tau = (1.0, 1.01)
2026-09-21 22:45:36,396 - INFO - ================================================================================
2026-09-21 22:45:40,163 - INFO - [parallel] sample_size=500000: n_jobs 32 -> 15 (44.1 GB available, 2.2 GB/job)
2026-09-21 22:45:40,163 - INFO - Running 500 repetitions (n_jobs=15)
2026-09-21 22:45:40,177 - INFO - [Parallel(n_jobs=15)]: Using backend LokyBackend with 15 concurrent workers.
2026-09-21 22:53:53,969 - INFO - [Parallel(n_jobs=15)]: Done   2 tasks      | elapsed:  8.2min
2026-09-21 22:53:59,088 - INFO - [Parallel(n_jobs=15)]: Done  11 tasks      | elapsed:  8.3min
2026-09-21 23:01:48,189 - INFO - [Parallel(n_jobs=15)]: Done  20 tasks      | elapsed: 16.1min
2026-09-21 23:09:38,478 - INFO - [Parallel(n_jobs=15)]: Done  31 tasks      | elapsed: 24.0min
2026-09-21 23:09:58,798 - INFO - [Parallel(n_jobs=15)]: Done  42 tasks      | elapsed: 24.3min
2026-09-21 23:18:30,021 - INFO - [Parallel(n_jobs=15)]: Done  55 tasks      | elapsed: 32.8min
2026-09-21 23:26:21,559 - INFO - [Parallel(n_jobs=15)]: Done  68 tasks      | elapsed: 40.7min
2026-09-21 23:34:36,468 - INFO - [Parallel(n_jobs=15)]: Done  83 tasks      | elapsed: 48.9min
2026-09-21 23:43:07,048 - INFO - [Parallel(n_jobs=15)]: Done  98 tasks      | elapsed: 57.4min
2026-09-21 23:51:26,624 - INFO - [Parallel(n_jobs=15)]: Done 115 tasks      | elapsed: 65.8min
2026-09-21 23:59:27,921 - INFO - [Parallel(n_jobs=15)]: Done 132 tasks      | elapsed: 73.8min
2026-09-22 00:15:02,212 - INFO - [Parallel(n_jobs=15)]: Done 151 tasks      | elapsed: 89.4min
2026-09-22 00:23:37,595 - INFO - [Parallel(n_jobs=15)]: Done 170 tasks      | elapsed: 98.0min
2026-09-22 00:32:29,641 - INFO - [Parallel(n_jobs=15)]: Done 191 tasks      | elapsed: 106.8min
2026-09-22 00:47:26,723 - INFO - [Parallel(n_jobs=15)]: Done 212 tasks      | elapsed: 121.8min
2026-09-22 00:57:14,435 - INFO - [Parallel(n_jobs=15)]: Done 235 tasks      | elapsed: 131.6min
2026-09-22 01:11:53,853 - INFO - [Parallel(n_jobs=15)]: Done 258 tasks      | elapsed: 146.2min
2026-09-22 01:22:24,760 - INFO - [Parallel(n_jobs=15)]: Done 283 tasks      | elapsed: 156.7min
2026-09-22 01:38:04,303 - INFO - [Parallel(n_jobs=15)]: Done 308 tasks      | elapsed: 172.4min
2026-09-22 01:54:29,359 - INFO - [Parallel(n_jobs=15)]: Done 335 tasks      | elapsed: 188.8min
2026-09-22 02:10:01,792 - INFO - [Parallel(n_jobs=15)]: Done 362 tasks      | elapsed: 204.4min
2026-09-22 02:25:54,681 - INFO - [Parallel(n_jobs=15)]: Done 391 tasks      | elapsed: 220.2min
2026-09-22 02:39:06,488 - INFO - [Parallel(n_jobs=15)]: Done 420 tasks      | elapsed: 233.4min
2026-09-22 02:58:40,427 - INFO - [Parallel(n_jobs=15)]: Done 451 tasks      | elapsed: 253.0min
2026-09-22 03:22:03,823 - INFO - [Parallel(n_jobs=15)]: Done 500 out of 500 | elapsed: 276.4min finished
2026-09-22 03:22:17,776 - INFO - [checkpoint] Saved 34 combo(s) -> results/targeting_forest_depth_20260921_002545/results.pkl
2026-09-22 03:22:17,781 - INFO - [combination 34/36] 94.4% complete | (15, 500000) | combination took 15422.5s | experiment elapsed 94515.9s
2026-09-22 03:22:17,784 - INFO - [combination 35/36] START (15, 1000000) (94.4% complete)
2026-09-22 03:22:17,785 - INFO - ================================================================================
2026-09-22 03:22:17,785 - INFO - Combination parameters:
2026-09-22 03:22:17,785 - INFO -   max_depth = 15
2026-09-22 03:22:17,785 - INFO -   sample_size = 1000000
2026-09-22 03:22:17,785 - INFO -   char_func = None
2026-09-22 03:22:17,785 - INFO -   tau = (1.0, 1.01)
2026-09-22 03:22:17,785 - INFO - ================================================================================
2026-09-22 03:22:21,419 - INFO - [parallel] sample_size=1000000: n_jobs 32 -> 9 (43.7 GB available, 3.6 GB/job)
2026-09-22 03:22:21,419 - INFO - Running 500 repetitions (n_jobs=9)
2026-09-22 03:22:21,435 - INFO - [Parallel(n_jobs=9)]: Using backend LokyBackend with 9 concurrent workers.
2026-09-22 03:35:54,067 - INFO - [Parallel(n_jobs=9)]: Done   7 tasks      | elapsed: 13.5min
2026-09-22 03:48:27,230 - INFO - [Parallel(n_jobs=9)]: Done  14 tasks      | elapsed: 26.1min
2026-09-22 04:01:28,169 - INFO - [Parallel(n_jobs=9)]: Done  23 tasks      | elapsed: 39.1min
2026-09-22 04:14:23,706 - INFO - [Parallel(n_jobs=9)]: Done  32 tasks      | elapsed: 52.0min
2026-09-22 04:27:57,058 - INFO - [Parallel(n_jobs=9)]: Done  43 tasks      | elapsed: 65.6min
2026-09-22 04:42:31,438 - INFO - [Parallel(n_jobs=9)]: Done  54 tasks      | elapsed: 80.2min
2026-09-22 05:05:45,954 - INFO - [Parallel(n_jobs=9)]: Done  67 tasks      | elapsed: 103.4min
2026-09-22 05:20:53,473 - INFO - [Parallel(n_jobs=9)]: Done  80 tasks      | elapsed: 118.5min
2026-09-22 05:45:02,482 - INFO - [Parallel(n_jobs=9)]: Done  95 tasks      | elapsed: 142.7min
2026-09-22 06:10:53,663 - INFO - [Parallel(n_jobs=9)]: Done 110 tasks      | elapsed: 168.5min
2026-09-22 06:35:08,455 - INFO - [Parallel(n_jobs=9)]: Done 127 tasks      | elapsed: 192.8min
2026-09-22 06:56:16,431 - INFO - [Parallel(n_jobs=9)]: Done 144 tasks      | elapsed: 213.9min
2026-09-22 07:28:36,233 - INFO - [Parallel(n_jobs=9)]: Done 163 tasks      | elapsed: 246.2min
2026-09-22 07:54:21,816 - INFO - [Parallel(n_jobs=9)]: Done 182 tasks      | elapsed: 272.0min
2026-09-22 08:21:26,254 - INFO - [Parallel(n_jobs=9)]: Done 203 tasks      | elapsed: 299.1min
2026-09-22 08:53:45,748 - INFO - [Parallel(n_jobs=9)]: Done 224 tasks      | elapsed: 331.4min
2026-09-22 09:26:39,696 - INFO - [Parallel(n_jobs=9)]: Done 247 tasks      | elapsed: 364.3min
2026-09-22 10:00:33,262 - INFO - [Parallel(n_jobs=9)]: Done 270 tasks      | elapsed: 398.2min
2026-09-22 10:34:29,434 - INFO - [Parallel(n_jobs=9)]: Done 295 tasks      | elapsed: 432.1min
2026-09-22 11:11:05,116 - INFO - [Parallel(n_jobs=9)]: Done 320 tasks      | elapsed: 468.7min
2026-09-22 11:50:23,825 - INFO - [Parallel(n_jobs=9)]: Done 347 tasks      | elapsed: 508.0min
2026-09-22 12:29:39,773 - INFO - [Parallel(n_jobs=9)]: Done 374 tasks      | elapsed: 547.3min
2026-09-22 13:11:36,969 - INFO - [Parallel(n_jobs=9)]: Done 403 tasks      | elapsed: 589.3min
2026-09-22 13:56:32,439 - INFO - [Parallel(n_jobs=9)]: Done 432 tasks      | elapsed: 634.2min
2026-09-22 14:39:37,950 - INFO - [Parallel(n_jobs=9)]: Done 463 tasks      | elapsed: 677.3min
2026-09-22 15:31:34,177 - INFO - [Parallel(n_jobs=9)]: Done 500 out of 500 | elapsed: 729.2min finished
2026-09-22 15:31:53,111 - INFO - [checkpoint] Saved 35 combo(s) -> results/targeting_forest_depth_20260921_002545/results.pkl
2026-09-22 15:31:53,117 - INFO - [combination 35/36] 97.2% complete | (15, 1000000) | combination took 39892.9s | experiment elapsed 134408.7s
2026-09-22 15:31:53,121 - INFO - [combination 36/36] START (15, 5000000) (97.2% complete)
2026-09-22 15:31:53,121 - INFO - ================================================================================
2026-09-22 15:31:53,121 - INFO - Combination parameters:
2026-09-22 15:31:53,121 - INFO -   max_depth = 15
2026-09-22 15:31:53,121 - INFO -   sample_size = 5000000
2026-09-22 15:31:53,122 - INFO -   char_func = None
2026-09-22 15:31:53,122 - INFO -   tau = (1.0, 1.01)
2026-09-22 15:31:53,122 - INFO - ================================================================================
2026-09-22 15:31:54,021 - INFO - [parallel] sample_size=5000000: n_jobs 32 -> 2 (43.8 GB available, 12.5 GB/job)
2026-09-22 15:31:54,021 - INFO - Running 20 repetitions (n_jobs=2)
2026-09-22 15:31:54,030 - INFO - [Parallel(n_jobs=2)]: Using backend LokyBackend with 2 concurrent workers.
2026-09-22 16:30:11,839 - INFO - [Parallel(n_jobs=2)]: Done   1 tasks      | elapsed: 58.3min
2026-09-22 17:29:10,276 - INFO - [Parallel(n_jobs=2)]: Done   4 tasks      | elapsed: 117.3min
2026-09-22 20:25:50,423 - INFO - [Parallel(n_jobs=2)]: Done   9 tasks      | elapsed: 293.9min
2026-09-22 22:25:08,042 - INFO - [Parallel(n_jobs=2)]: Done  14 tasks      | elapsed: 413.2min
2026-09-23 01:22:25,048 - INFO - [Parallel(n_jobs=2)]: Done  20 out of  20 | elapsed: 590.5min finished
2026-09-23 01:22:46,058 - INFO - [checkpoint] Saved 36 combo(s) -> results/targeting_forest_depth_20260921_002545/results.pkl
2026-09-23 01:22:46,061 - INFO - [combination 36/36] 100.0% complete | (15, 5000000) | combination took 32750.1s | experiment elapsed 167158.8s
2026-09-23 01:22:46,064 - INFO - ================================================================================
2026-09-23 01:22:46,064 - INFO - All 36 parameter combinations completed successfully
2026-09-23 01:22:46,064 - INFO - ================================================================================
2026-09-23 01:22:46,083 - INFO - ================================================================================
2026-09-23 01:22:46,083 - INFO - Saving results...
2026-09-23 01:22:46,083 - INFO - ================================================================================
2026-09-23 01:22:46,911 - INFO - Results saved to results/targeting_forest_depth_20260921_002545/results.pkl
2026-09-23 01:22:46,913 - INFO - ================================================================================
2026-09-23 01:22:46,913 - INFO - Experiment completed successfully!
2026-09-23 01:22:46,913 - INFO - ================================================================================
2026-09-23 01:22:46,913 - INFO - Results saved to: results/targeting_forest_depth_20260921_002545
